Copyright 1986-2018 Xilinx, Inc. All Rights Reserved.
--------------------------------------------------------------------------------------------------------------------------------------------------------------------------------------------------------------------------
| Tool Version : Vivado v.2018.3 (win64) Build 2405991 Thu Dec  6 23:38:27 MST 2018
| Date         : Thu May  7 23:06:55 2026
| Host         : SHUBHAM running 64-bit major release  (build 9200)
| Command      : report_timing_summary -max_paths 10 -file sync_fifo_negedge_timing_summary_routed.rpt -pb sync_fifo_negedge_timing_summary_routed.pb -rpx sync_fifo_negedge_timing_summary_routed.rpx -warn_on_violation
| Design       : sync_fifo_negedge
| Device       : 7a35t-cpg236
| Speed File   : -1  PRODUCTION 1.23 2018-06-13
--------------------------------------------------------------------------------------------------------------------------------------------------------------------------------------------------------------------------

Timing Summary Report

------------------------------------------------------------------------------------------------
| Timer Settings
| --------------
------------------------------------------------------------------------------------------------

  Enable Multi Corner Analysis               :  Yes
  Enable Pessimism Removal                   :  Yes
  Pessimism Removal Resolution               :  Nearest Common Node
  Enable Input Delay Default Clock           :  No
  Enable Preset / Clear Arcs                 :  No
  Disable Flight Delays                      :  No
  Ignore I/O Paths                           :  No
  Timing Early Launch at Borrowing Latches   :  false

  Corner  Analyze    Analyze    
  Name    Max Paths  Min Paths  
  ------  ---------  ---------  
  Slow    Yes        Yes        
  Fast    Yes        Yes        



check_timing report

Table of Contents
-----------------
1. checking no_clock
2. checking constant_clock
3. checking pulse_width_clock
4. checking unconstrained_internal_endpoints
5. checking no_input_delay
6. checking no_output_delay
7. checking multiple_clock
8. checking generated_clocks
9. checking loops
10. checking partial_input_delay
11. checking partial_output_delay
12. checking latch_loops

1. checking no_clock
--------------------
 There are 0 register/latch pins with no clock.


2. checking constant_clock
--------------------------
 There are 0 register/latch pins with constant_clock.


3. checking pulse_width_clock
-----------------------------
 There are 0 register/latch pins which need pulse_width check


4. checking unconstrained_internal_endpoints
--------------------------------------------
 There are 0 pins that are not constrained for maximum delay.

 There are 0 pins that are not constrained for maximum delay due to constant clock.


5. checking no_input_delay
--------------------------
 There are 0 input ports with no input delay specified.

 There are 0 input ports with no input delay but user has a false path constraint.


6. checking no_output_delay
---------------------------
 There are 0 ports with no output delay specified.

 There are 0 ports with no output delay but user has a false path constraint

 There are 0 ports with no output delay but with a timing clock defined on it or propagating through it


7. checking multiple_clock
--------------------------
 There are 0 register/latch pins with multiple clocks.


8. checking generated_clocks
----------------------------
 There are 0 generated clocks that are not connected to a clock source.


9. checking loops
-----------------
 There are 0 combinational loops in the design.


10. checking partial_input_delay
--------------------------------
 There are 0 input ports with partial input delay specified.


11. checking partial_output_delay
---------------------------------
 There are 0 ports with partial output delay specified.


12. checking latch_loops
------------------------
 There are 0 combinational latch loops in the design through latch input



------------------------------------------------------------------------------------------------
| Design Timing Summary
| ---------------------
------------------------------------------------------------------------------------------------

    WNS(ns)      TNS(ns)  TNS Failing Endpoints  TNS Total Endpoints      WHS(ns)      THS(ns)  THS Failing Endpoints  THS Total Endpoints     WPWS(ns)     TPWS(ns)  TPWS Failing Endpoints  TPWS Total Endpoints  
    -------      -------  ---------------------  -------------------      -------      -------  ---------------------  -------------------     --------     --------  ----------------------  --------------------  
      2.920        0.000                      0                  171        0.145        0.000                      0                  171        9.500        0.000                       0                    86  


All user specified timing constraints are met.


------------------------------------------------------------------------------------------------
| Clock Summary
| -------------
------------------------------------------------------------------------------------------------

Clock  Waveform(ns)       Period(ns)      Frequency(MHz)
-----  ------------       ----------      --------------
clk    {0.000 10.000}     25.000          40.000          


------------------------------------------------------------------------------------------------
| Intra Clock Table
| -----------------
------------------------------------------------------------------------------------------------

Clock             WNS(ns)      TNS(ns)  TNS Failing Endpoints  TNS Total Endpoints      WHS(ns)      THS(ns)  THS Failing Endpoints  THS Total Endpoints     WPWS(ns)     TPWS(ns)  TPWS Failing Endpoints  TPWS Total Endpoints  
-----             -------      -------  ---------------------  -------------------      -------      -------  ---------------------  -------------------     --------     --------  ----------------------  --------------------  
clk                 2.920        0.000                      0                  171        0.145        0.000                      0                  171        9.500        0.000                       0                    86  


------------------------------------------------------------------------------------------------
| Inter Clock Table
| -----------------
------------------------------------------------------------------------------------------------

From Clock    To Clock          WNS(ns)      TNS(ns)  TNS Failing Endpoints  TNS Total Endpoints      WHS(ns)      THS(ns)  THS Failing Endpoints  THS Total Endpoints  
----------    --------          -------      -------  ---------------------  -------------------      -------      -------  ---------------------  -------------------  


------------------------------------------------------------------------------------------------
| Other Path Groups Table
| -----------------------
------------------------------------------------------------------------------------------------

Path Group    From Clock    To Clock          WNS(ns)      TNS(ns)  TNS Failing Endpoints  TNS Total Endpoints      WHS(ns)      THS(ns)  THS Failing Endpoints  THS Total Endpoints  
----------    ----------    --------          -------      -------  ---------------------  -------------------      -------      -------  ---------------------  -------------------  


------------------------------------------------------------------------------------------------
| Timing Details
| --------------
------------------------------------------------------------------------------------------------


---------------------------------------------------------------------------------------------------
From Clock:  clk
  To Clock:  clk

Setup :            0  Failing Endpoints,  Worst Slack        2.920ns,  Total Violation        0.000ns
Hold  :            0  Failing Endpoints,  Worst Slack        0.145ns,  Total Violation        0.000ns
PW    :            0  Failing Endpoints,  Worst Slack        9.500ns,  Total Violation        0.000ns
---------------------------------------------------------------------------------------------------


Max Delay Paths
--------------------------------------------------------------------------------------
Slack (MET) :             2.920ns  (required time - arrival time)
  Source:                 full_reg_lopt_replica/C
                            (falling edge-triggered cell FDRE clocked by clk  {rise@0.000ns fall@10.000ns period=25.000ns})
  Destination:            full
                            (output port clocked by clk  {rise@0.000ns fall@10.000ns period=25.000ns})
  Path Group:             clk
  Path Type:              Max at Slow Process Corner
  Requirement:            15.000ns  (clk rise@25.000ns - clk fall@10.000ns)
  Data Path Delay:        5.204ns  (logic 3.188ns (61.265%)  route 2.016ns (38.735%))
  Logic Levels:           1  (OBUF=1)
  Output Delay:           2.000ns
  Clock Path Skew:        -4.641ns (DCD - SCD + CPR)
    Destination Clock Delay (DCD):    0.000ns = ( 25.000 - 25.000 ) 
    Source Clock Delay      (SCD):    4.641ns = ( 14.641 - 10.000 ) 
    Clock Pessimism Removal (CPR):    0.000ns
  Clock Uncertainty:      0.235ns  ((TSJ^2 + TIJ^2)^1/2 + DJ) / 2 + PE + UU
    Total System Jitter     (TSJ):    0.071ns
    Total Input Jitter      (TIJ):    0.000ns
    Discrete Jitter          (DJ):    0.000ns
    Phase Error              (PE):    0.000ns
    User Uncertainty         (UU):    0.200ns

    Location             Delay type                Incr(ns)  Path(ns)    Netlist Resource(s)
  -------------------------------------------------------------------    -------------------
                         (clock clk fall edge)       10.000    10.000 f  
    M18                                               0.000    10.000 f  clk (IN)
                         net (fo=0)                   0.000    10.000    clk
    M18                  IBUF (Prop_ibuf_I_O)         0.938    10.938 f  clk_IBUF_inst/O
                         net (fo=1, routed)           1.972    12.910    clk_IBUF
    BUFGCTRL_X0Y0        BUFG (Prop_bufg_I_O)         0.096    13.006 f  clk_IBUF_BUFG_inst/O
                         net (fo=85, routed)          1.635    14.641    clk_IBUF_BUFG
    SLICE_X0Y11          FDRE                                         r  full_reg_lopt_replica/C  (IS_INVERTED)
  -------------------------------------------------------------------    -------------------
    SLICE_X0Y11          FDRE (Prop_fdre_C_Q)         0.422    15.063 r  full_reg_lopt_replica/Q
                         net (fo=1, routed)           2.016    17.078    full_reg_lopt_replica_1
    U19                  OBUF (Prop_obuf_I_O)         2.766    19.844 r  full_OBUF_inst/O
                         net (fo=0)                   0.000    19.844    full
    U19                                                               r  full (OUT)
  -------------------------------------------------------------------    -------------------

                         (clock clk rise edge)       25.000    25.000 r  
                         clock pessimism              0.000    25.000    
                         clock uncertainty           -0.235    24.765    
                         output delay                -2.000    22.765    
  -------------------------------------------------------------------
                         required time                         22.765    
                         arrival time                         -19.844    
  -------------------------------------------------------------------
                         slack                                  2.920    

Slack (MET) :             3.048ns  (required time - arrival time)
  Source:                 data_out_reg[6]/C
                            (falling edge-triggered cell FDRE clocked by clk  {rise@0.000ns fall@10.000ns period=25.000ns})
  Destination:            data_out[6]
                            (output port clocked by clk  {rise@0.000ns fall@10.000ns period=25.000ns})
  Path Group:             clk
  Path Type:              Max at Slow Process Corner
  Requirement:            15.000ns  (clk rise@25.000ns - clk fall@10.000ns)
  Data Path Delay:        5.073ns  (logic 3.058ns (60.275%)  route 2.015ns (39.725%))
  Logic Levels:           1  (OBUF=1)
  Output Delay:           2.000ns
  Clock Path Skew:        -4.643ns (DCD - SCD + CPR)
    Destination Clock Delay (DCD):    0.000ns = ( 25.000 - 25.000 ) 
    Source Clock Delay      (SCD):    4.643ns = ( 14.643 - 10.000 ) 
    Clock Pessimism Removal (CPR):    0.000ns
  Clock Uncertainty:      0.235ns  ((TSJ^2 + TIJ^2)^1/2 + DJ) / 2 + PE + UU
    Total System Jitter     (TSJ):    0.071ns
    Total Input Jitter      (TIJ):    0.000ns
    Discrete Jitter          (DJ):    0.000ns
    Phase Error              (PE):    0.000ns
    User Uncertainty         (UU):    0.200ns

    Location             Delay type                Incr(ns)  Path(ns)    Netlist Resource(s)
  -------------------------------------------------------------------    -------------------
                         (clock clk fall edge)       10.000    10.000 f  
    M18                                               0.000    10.000 f  clk (IN)
                         net (fo=0)                   0.000    10.000    clk
    M18                  IBUF (Prop_ibuf_I_O)         0.938    10.938 f  clk_IBUF_inst/O
                         net (fo=1, routed)           1.972    12.910    clk_IBUF
    BUFGCTRL_X0Y0        BUFG (Prop_bufg_I_O)         0.096    13.006 f  clk_IBUF_BUFG_inst/O
                         net (fo=85, routed)          1.637    14.643    clk_IBUF_BUFG
    SLICE_X0Y8           FDRE                                         r  data_out_reg[6]/C  (IS_INVERTED)
  -------------------------------------------------------------------    -------------------
    SLICE_X0Y8           FDRE (Prop_fdre_C_Q)         0.459    15.102 r  data_out_reg[6]/Q
                         net (fo=1, routed)           2.015    17.117    data_out_OBUF[6]
    W19                  OBUF (Prop_obuf_I_O)         2.599    19.716 r  data_out_OBUF[6]_inst/O
                         net (fo=0)                   0.000    19.716    data_out[6]
    W19                                                               r  data_out[6] (OUT)
  -------------------------------------------------------------------    -------------------

                         (clock clk rise edge)       25.000    25.000 r  
                         clock pessimism              0.000    25.000    
                         clock uncertainty           -0.235    24.765    
                         output delay                -2.000    22.765    
  -------------------------------------------------------------------
                         required time                         22.765    
                         arrival time                         -19.716    
  -------------------------------------------------------------------
                         slack                                  3.048    

Slack (MET) :             3.145ns  (required time - arrival time)
  Source:                 data_out_reg[7]/C
                            (falling edge-triggered cell FDRE clocked by clk  {rise@0.000ns fall@10.000ns period=25.000ns})
  Destination:            data_out[7]
                            (output port clocked by clk  {rise@0.000ns fall@10.000ns period=25.000ns})
  Path Group:             clk
  Path Type:              Max at Slow Process Corner
  Requirement:            15.000ns  (clk rise@25.000ns - clk fall@10.000ns)
  Data Path Delay:        4.977ns  (logic 3.061ns (61.489%)  route 1.917ns (38.511%))
  Logic Levels:           1  (OBUF=1)
  Output Delay:           2.000ns
  Clock Path Skew:        -4.642ns (DCD - SCD + CPR)
    Destination Clock Delay (DCD):    0.000ns = ( 25.000 - 25.000 ) 
    Source Clock Delay      (SCD):    4.642ns = ( 14.642 - 10.000 ) 
    Clock Pessimism Removal (CPR):    0.000ns
  Clock Uncertainty:      0.235ns  ((TSJ^2 + TIJ^2)^1/2 + DJ) / 2 + PE + UU
    Total System Jitter     (TSJ):    0.071ns
    Total Input Jitter      (TIJ):    0.000ns
    Discrete Jitter          (DJ):    0.000ns
    Phase Error              (PE):    0.000ns
    User Uncertainty         (UU):    0.200ns

    Location             Delay type                Incr(ns)  Path(ns)    Netlist Resource(s)
  -------------------------------------------------------------------    -------------------
                         (clock clk fall edge)       10.000    10.000 f  
    M18                                               0.000    10.000 f  clk (IN)
                         net (fo=0)                   0.000    10.000    clk
    M18                  IBUF (Prop_ibuf_I_O)         0.938    10.938 f  clk_IBUF_inst/O
                         net (fo=1, routed)           1.972    12.910    clk_IBUF
    BUFGCTRL_X0Y0        BUFG (Prop_bufg_I_O)         0.096    13.006 f  clk_IBUF_BUFG_inst/O
                         net (fo=85, routed)          1.636    14.642    clk_IBUF_BUFG
    SLICE_X3Y9           FDRE                                         r  data_out_reg[7]/C  (IS_INVERTED)
  -------------------------------------------------------------------    -------------------
    SLICE_X3Y9           FDRE (Prop_fdre_C_Q)         0.459    15.101 r  data_out_reg[7]/Q
                         net (fo=1, routed)           1.917    17.018    data_out_OBUF[7]
    W18                  OBUF (Prop_obuf_I_O)         2.602    19.619 r  data_out_OBUF[7]_inst/O
                         net (fo=0)                   0.000    19.619    data_out[7]
    W18                                                               r  data_out[7] (OUT)
  -------------------------------------------------------------------    -------------------

                         (clock clk rise edge)       25.000    25.000 r  
                         clock pessimism              0.000    25.000    
                         clock uncertainty           -0.235    24.765    
                         output delay                -2.000    22.765    
  -------------------------------------------------------------------
                         required time                         22.765    
                         arrival time                         -19.619    
  -------------------------------------------------------------------
                         slack                                  3.145    

Slack (MET) :             3.149ns  (required time - arrival time)
  Source:                 data_out_reg[3]/C
                            (falling edge-triggered cell FDRE clocked by clk  {rise@0.000ns fall@10.000ns period=25.000ns})
  Destination:            data_out[3]
                            (output port clocked by clk  {rise@0.000ns fall@10.000ns period=25.000ns})
  Path Group:             clk
  Path Type:              Max at Slow Process Corner
  Requirement:            15.000ns  (clk rise@25.000ns - clk fall@10.000ns)
  Data Path Delay:        4.973ns  (logic 3.124ns (62.824%)  route 1.849ns (37.176%))
  Logic Levels:           1  (OBUF=1)
  Output Delay:           2.000ns
  Clock Path Skew:        -4.643ns (DCD - SCD + CPR)
    Destination Clock Delay (DCD):    0.000ns = ( 25.000 - 25.000 ) 
    Source Clock Delay      (SCD):    4.643ns = ( 14.643 - 10.000 ) 
    Clock Pessimism Removal (CPR):    0.000ns
  Clock Uncertainty:      0.235ns  ((TSJ^2 + TIJ^2)^1/2 + DJ) / 2 + PE + UU
    Total System Jitter     (TSJ):    0.071ns
    Total Input Jitter      (TIJ):    0.000ns
    Discrete Jitter          (DJ):    0.000ns
    Phase Error              (PE):    0.000ns
    User Uncertainty         (UU):    0.200ns

    Location             Delay type                Incr(ns)  Path(ns)    Netlist Resource(s)
  -------------------------------------------------------------------    -------------------
                         (clock clk fall edge)       10.000    10.000 f  
    M18                                               0.000    10.000 f  clk (IN)
                         net (fo=0)                   0.000    10.000    clk
    M18                  IBUF (Prop_ibuf_I_O)         0.938    10.938 f  clk_IBUF_inst/O
                         net (fo=1, routed)           1.972    12.910    clk_IBUF
    BUFGCTRL_X0Y0        BUFG (Prop_bufg_I_O)         0.096    13.006 f  clk_IBUF_BUFG_inst/O
                         net (fo=85, routed)          1.637    14.643    clk_IBUF_BUFG
    SLICE_X2Y8           FDRE                                         r  data_out_reg[3]/C  (IS_INVERTED)
  -------------------------------------------------------------------    -------------------
    SLICE_X2Y8           FDRE (Prop_fdre_C_Q)         0.524    15.167 r  data_out_reg[3]/Q
                         net (fo=1, routed)           1.849    17.016    data_out_OBUF[3]
    U17                  OBUF (Prop_obuf_I_O)         2.600    19.616 r  data_out_OBUF[3]_inst/O
                         net (fo=0)                   0.000    19.616    data_out[3]
    U17                                                               r  data_out[3] (OUT)
  -------------------------------------------------------------------    -------------------

                         (clock clk rise edge)       25.000    25.000 r  
                         clock pessimism              0.000    25.000    
                         clock uncertainty           -0.235    24.765    
                         output delay                -2.000    22.765    
  -------------------------------------------------------------------
                         required time                         22.765    
                         arrival time                         -19.616    
  -------------------------------------------------------------------
                         slack                                  3.149    

Slack (MET) :             3.171ns  (required time - arrival time)
  Source:                 empty_reg/C
                            (falling edge-triggered cell FDRE clocked by clk  {rise@0.000ns fall@10.000ns period=25.000ns})
  Destination:            empty
                            (output port clocked by clk  {rise@0.000ns fall@10.000ns period=25.000ns})
  Path Group:             clk
  Path Type:              Max at Slow Process Corner
  Requirement:            15.000ns  (clk rise@25.000ns - clk fall@10.000ns)
  Data Path Delay:        4.953ns  (logic 3.061ns (61.800%)  route 1.892ns (38.200%))
  Logic Levels:           1  (OBUF=1)
  Output Delay:           2.000ns
  Clock Path Skew:        -4.641ns (DCD - SCD + CPR)
    Destination Clock Delay (DCD):    0.000ns = ( 25.000 - 25.000 ) 
    Source Clock Delay      (SCD):    4.641ns = ( 14.641 - 10.000 ) 
    Clock Pessimism Removal (CPR):    0.000ns
  Clock Uncertainty:      0.235ns  ((TSJ^2 + TIJ^2)^1/2 + DJ) / 2 + PE + UU
    Total System Jitter     (TSJ):    0.071ns
    Total Input Jitter      (TIJ):    0.000ns
    Discrete Jitter          (DJ):    0.000ns
    Phase Error              (PE):    0.000ns
    User Uncertainty         (UU):    0.200ns

    Location             Delay type                Incr(ns)  Path(ns)    Netlist Resource(s)
  -------------------------------------------------------------------    -------------------
                         (clock clk fall edge)       10.000    10.000 f  
    M18                                               0.000    10.000 f  clk (IN)
                         net (fo=0)                   0.000    10.000    clk
    M18                  IBUF (Prop_ibuf_I_O)         0.938    10.938 f  clk_IBUF_inst/O
                         net (fo=1, routed)           1.972    12.910    clk_IBUF
    BUFGCTRL_X0Y0        BUFG (Prop_bufg_I_O)         0.096    13.006 f  clk_IBUF_BUFG_inst/O
                         net (fo=85, routed)          1.635    14.641    clk_IBUF_BUFG
    SLICE_X0Y11          FDRE                                         r  empty_reg/C  (IS_INVERTED)
  -------------------------------------------------------------------    -------------------
    SLICE_X0Y11          FDRE (Prop_fdre_C_Q)         0.459    15.100 r  empty_reg/Q
                         net (fo=6, routed)           1.892    16.992    empty_OBUF
    V19                  OBUF (Prop_obuf_I_O)         2.602    19.594 r  empty_OBUF_inst/O
                         net (fo=0)                   0.000    19.594    empty
    V19                                                               r  empty (OUT)
  -------------------------------------------------------------------    -------------------

                         (clock clk rise edge)       25.000    25.000 r  
                         clock pessimism              0.000    25.000    
                         clock uncertainty           -0.235    24.765    
                         output delay                -2.000    22.765    
  -------------------------------------------------------------------
                         required time                         22.765    
                         arrival time                         -19.594    
  -------------------------------------------------------------------
                         slack                                  3.171    

Slack (MET) :             3.192ns  (required time - arrival time)
  Source:                 data_out_reg[5]/C
                            (falling edge-triggered cell FDRE clocked by clk  {rise@0.000ns fall@10.000ns period=25.000ns})
  Destination:            data_out[5]
                            (output port clocked by clk  {rise@0.000ns fall@10.000ns period=25.000ns})
  Path Group:             clk
  Path Type:              Max at Slow Process Corner
  Requirement:            15.000ns  (clk rise@25.000ns - clk fall@10.000ns)
  Data Path Delay:        4.930ns  (logic 3.058ns (62.033%)  route 1.872ns (37.967%))
  Logic Levels:           1  (OBUF=1)
  Output Delay:           2.000ns
  Clock Path Skew:        -4.643ns (DCD - SCD + CPR)
    Destination Clock Delay (DCD):    0.000ns = ( 25.000 - 25.000 ) 
    Source Clock Delay      (SCD):    4.643ns = ( 14.643 - 10.000 ) 
    Clock Pessimism Removal (CPR):    0.000ns
  Clock Uncertainty:      0.235ns  ((TSJ^2 + TIJ^2)^1/2 + DJ) / 2 + PE + UU
    Total System Jitter     (TSJ):    0.071ns
    Total Input Jitter      (TIJ):    0.000ns
    Discrete Jitter          (DJ):    0.000ns
    Phase Error              (PE):    0.000ns
    User Uncertainty         (UU):    0.200ns

    Location             Delay type                Incr(ns)  Path(ns)    Netlist Resource(s)
  -------------------------------------------------------------------    -------------------
                         (clock clk fall edge)       10.000    10.000 f  
    M18                                               0.000    10.000 f  clk (IN)
                         net (fo=0)                   0.000    10.000    clk
    M18                  IBUF (Prop_ibuf_I_O)         0.938    10.938 f  clk_IBUF_inst/O
                         net (fo=1, routed)           1.972    12.910    clk_IBUF
    BUFGCTRL_X0Y0        BUFG (Prop_bufg_I_O)         0.096    13.006 f  clk_IBUF_BUFG_inst/O
                         net (fo=85, routed)          1.637    14.643    clk_IBUF_BUFG
    SLICE_X0Y8           FDRE                                         r  data_out_reg[5]/C  (IS_INVERTED)
  -------------------------------------------------------------------    -------------------
    SLICE_X0Y8           FDRE (Prop_fdre_C_Q)         0.459    15.102 r  data_out_reg[5]/Q
                         net (fo=1, routed)           1.872    16.974    data_out_OBUF[5]
    T17                  OBUF (Prop_obuf_I_O)         2.599    19.572 r  data_out_OBUF[5]_inst/O
                         net (fo=0)                   0.000    19.572    data_out[5]
    T17                                                               r  data_out[5] (OUT)
  -------------------------------------------------------------------    -------------------

                         (clock clk rise edge)       25.000    25.000 r  
                         clock pessimism              0.000    25.000    
                         clock uncertainty           -0.235    24.765    
                         output delay                -2.000    22.765    
  -------------------------------------------------------------------
                         required time                         22.765    
                         arrival time                         -19.572    
  -------------------------------------------------------------------
                         slack                                  3.192    

Slack (MET) :             3.203ns  (required time - arrival time)
  Source:                 data_out_reg[4]/C
                            (falling edge-triggered cell FDRE clocked by clk  {rise@0.000ns fall@10.000ns period=25.000ns})
  Destination:            data_out[4]
                            (output port clocked by clk  {rise@0.000ns fall@10.000ns period=25.000ns})
  Path Group:             clk
  Path Type:              Max at Slow Process Corner
  Requirement:            15.000ns  (clk rise@25.000ns - clk fall@10.000ns)
  Data Path Delay:        4.920ns  (logic 3.061ns (62.211%)  route 1.859ns (37.789%))
  Logic Levels:           1  (OBUF=1)
  Output Delay:           2.000ns
  Clock Path Skew:        -4.642ns (DCD - SCD + CPR)
    Destination Clock Delay (DCD):    0.000ns = ( 25.000 - 25.000 ) 
    Source Clock Delay      (SCD):    4.642ns = ( 14.642 - 10.000 ) 
    Clock Pessimism Removal (CPR):    0.000ns
  Clock Uncertainty:      0.235ns  ((TSJ^2 + TIJ^2)^1/2 + DJ) / 2 + PE + UU
    Total System Jitter     (TSJ):    0.071ns
    Total Input Jitter      (TIJ):    0.000ns
    Discrete Jitter          (DJ):    0.000ns
    Phase Error              (PE):    0.000ns
    User Uncertainty         (UU):    0.200ns

    Location             Delay type                Incr(ns)  Path(ns)    Netlist Resource(s)
  -------------------------------------------------------------------    -------------------
                         (clock clk fall edge)       10.000    10.000 f  
    M18                                               0.000    10.000 f  clk (IN)
                         net (fo=0)                   0.000    10.000    clk
    M18                  IBUF (Prop_ibuf_I_O)         0.938    10.938 f  clk_IBUF_inst/O
                         net (fo=1, routed)           1.972    12.910    clk_IBUF
    BUFGCTRL_X0Y0        BUFG (Prop_bufg_I_O)         0.096    13.006 f  clk_IBUF_BUFG_inst/O
                         net (fo=85, routed)          1.636    14.642    clk_IBUF_BUFG
    SLICE_X3Y9           FDRE                                         r  data_out_reg[4]/C  (IS_INVERTED)
  -------------------------------------------------------------------    -------------------
    SLICE_X3Y9           FDRE (Prop_fdre_C_Q)         0.459    15.101 r  data_out_reg[4]/Q
                         net (fo=1, routed)           1.859    16.960    data_out_OBUF[4]
    T18                  OBUF (Prop_obuf_I_O)         2.602    19.562 r  data_out_OBUF[4]_inst/O
                         net (fo=0)                   0.000    19.562    data_out[4]
    T18                                                               r  data_out[4] (OUT)
  -------------------------------------------------------------------    -------------------

                         (clock clk rise edge)       25.000    25.000 r  
                         clock pessimism              0.000    25.000    
                         clock uncertainty           -0.235    24.765    
                         output delay                -2.000    22.765    
  -------------------------------------------------------------------
                         required time                         22.765    
                         arrival time                         -19.562    
  -------------------------------------------------------------------
                         slack                                  3.203    

Slack (MET) :             3.284ns  (required time - arrival time)
  Source:                 data_out_reg[1]/C
                            (falling edge-triggered cell FDRE clocked by clk  {rise@0.000ns fall@10.000ns period=25.000ns})
  Destination:            data_out[1]
                            (output port clocked by clk  {rise@0.000ns fall@10.000ns period=25.000ns})
  Path Group:             clk
  Path Type:              Max at Slow Process Corner
  Requirement:            15.000ns  (clk rise@25.000ns - clk fall@10.000ns)
  Data Path Delay:        4.838ns  (logic 3.133ns (64.764%)  route 1.705ns (35.236%))
  Logic Levels:           1  (OBUF=1)
  Output Delay:           2.000ns
  Clock Path Skew:        -4.643ns (DCD - SCD + CPR)
    Destination Clock Delay (DCD):    0.000ns = ( 25.000 - 25.000 ) 
    Source Clock Delay      (SCD):    4.643ns = ( 14.643 - 10.000 ) 
    Clock Pessimism Removal (CPR):    0.000ns
  Clock Uncertainty:      0.235ns  ((TSJ^2 + TIJ^2)^1/2 + DJ) / 2 + PE + UU
    Total System Jitter     (TSJ):    0.071ns
    Total Input Jitter      (TIJ):    0.000ns
    Discrete Jitter          (DJ):    0.000ns
    Phase Error              (PE):    0.000ns
    User Uncertainty         (UU):    0.200ns

    Location             Delay type                Incr(ns)  Path(ns)    Netlist Resource(s)
  -------------------------------------------------------------------    -------------------
                         (clock clk fall edge)       10.000    10.000 f  
    M18                                               0.000    10.000 f  clk (IN)
                         net (fo=0)                   0.000    10.000    clk
    M18                  IBUF (Prop_ibuf_I_O)         0.938    10.938 f  clk_IBUF_inst/O
                         net (fo=1, routed)           1.972    12.910    clk_IBUF
    BUFGCTRL_X0Y0        BUFG (Prop_bufg_I_O)         0.096    13.006 f  clk_IBUF_BUFG_inst/O
                         net (fo=85, routed)          1.637    14.643    clk_IBUF_BUFG
    SLICE_X2Y8           FDRE                                         r  data_out_reg[1]/C  (IS_INVERTED)
  -------------------------------------------------------------------    -------------------
    SLICE_X2Y8           FDRE (Prop_fdre_C_Q)         0.524    15.167 r  data_out_reg[1]/Q
                         net (fo=1, routed)           1.705    16.872    data_out_OBUF[1]
    V16                  OBUF (Prop_obuf_I_O)         2.609    19.481 r  data_out_OBUF[1]_inst/O
                         net (fo=0)                   0.000    19.481    data_out[1]
    V16                                                               r  data_out[1] (OUT)
  -------------------------------------------------------------------    -------------------

                         (clock clk rise edge)       25.000    25.000 r  
                         clock pessimism              0.000    25.000    
                         clock uncertainty           -0.235    24.765    
                         output delay                -2.000    22.765    
  -------------------------------------------------------------------
                         required time                         22.765    
                         arrival time                         -19.481    
  -------------------------------------------------------------------
                         slack                                  3.284    

Slack (MET) :             3.294ns  (required time - arrival time)
  Source:                 data_out_reg[2]/C
                            (falling edge-triggered cell FDRE clocked by clk  {rise@0.000ns fall@10.000ns period=25.000ns})
  Destination:            data_out[2]
                            (output port clocked by clk  {rise@0.000ns fall@10.000ns period=25.000ns})
  Path Group:             clk
  Path Type:              Max at Slow Process Corner
  Requirement:            15.000ns  (clk rise@25.000ns - clk fall@10.000ns)
  Data Path Delay:        4.829ns  (logic 3.113ns (64.467%)  route 1.716ns (35.533%))
  Logic Levels:           1  (OBUF=1)
  Output Delay:           2.000ns
  Clock Path Skew:        -4.642ns (DCD - SCD + CPR)
    Destination Clock Delay (DCD):    0.000ns = ( 25.000 - 25.000 ) 
    Source Clock Delay      (SCD):    4.642ns = ( 14.642 - 10.000 ) 
    Clock Pessimism Removal (CPR):    0.000ns
  Clock Uncertainty:      0.235ns  ((TSJ^2 + TIJ^2)^1/2 + DJ) / 2 + PE + UU
    Total System Jitter     (TSJ):    0.071ns
    Total Input Jitter      (TIJ):    0.000ns
    Discrete Jitter          (DJ):    0.000ns
    Phase Error              (PE):    0.000ns
    User Uncertainty         (UU):    0.200ns

    Location             Delay type                Incr(ns)  Path(ns)    Netlist Resource(s)
  -------------------------------------------------------------------    -------------------
                         (clock clk fall edge)       10.000    10.000 f  
    M18                                               0.000    10.000 f  clk (IN)
                         net (fo=0)                   0.000    10.000    clk
    M18                  IBUF (Prop_ibuf_I_O)         0.938    10.938 f  clk_IBUF_inst/O
                         net (fo=1, routed)           1.972    12.910    clk_IBUF
    BUFGCTRL_X0Y0        BUFG (Prop_bufg_I_O)         0.096    13.006 f  clk_IBUF_BUFG_inst/O
                         net (fo=85, routed)          1.636    14.642    clk_IBUF_BUFG
    SLICE_X2Y10          FDRE                                         r  data_out_reg[2]/C  (IS_INVERTED)
  -------------------------------------------------------------------    -------------------
    SLICE_X2Y10          FDRE (Prop_fdre_C_Q)         0.524    15.166 r  data_out_reg[2]/Q
                         net (fo=1, routed)           1.716    16.882    data_out_OBUF[2]
    U18                  OBUF (Prop_obuf_I_O)         2.589    19.471 r  data_out_OBUF[2]_inst/O
                         net (fo=0)                   0.000    19.471    data_out[2]
    U18                                                               r  data_out[2] (OUT)
  -------------------------------------------------------------------    -------------------

                         (clock clk rise edge)       25.000    25.000 r  
                         clock pessimism              0.000    25.000    
                         clock uncertainty           -0.235    24.765    
                         output delay                -2.000    22.765    
  -------------------------------------------------------------------
                         required time                         22.765    
                         arrival time                         -19.471    
  -------------------------------------------------------------------
                         slack                                  3.294    

Slack (MET) :             3.321ns  (required time - arrival time)
  Source:                 data_out_reg[0]/C
                            (falling edge-triggered cell FDRE clocked by clk  {rise@0.000ns fall@10.000ns period=25.000ns})
  Destination:            data_out[0]
                            (output port clocked by clk  {rise@0.000ns fall@10.000ns period=25.000ns})
  Path Group:             clk
  Path Type:              Max at Slow Process Corner
  Requirement:            15.000ns  (clk rise@25.000ns - clk fall@10.000ns)
  Data Path Delay:        4.802ns  (logic 3.125ns (65.074%)  route 1.677ns (34.926%))
  Logic Levels:           1  (OBUF=1)
  Output Delay:           2.000ns
  Clock Path Skew:        -4.642ns (DCD - SCD + CPR)
    Destination Clock Delay (DCD):    0.000ns = ( 25.000 - 25.000 ) 
    Source Clock Delay      (SCD):    4.642ns = ( 14.642 - 10.000 ) 
    Clock Pessimism Removal (CPR):    0.000ns
  Clock Uncertainty:      0.235ns  ((TSJ^2 + TIJ^2)^1/2 + DJ) / 2 + PE + UU
    Total System Jitter     (TSJ):    0.071ns
    Total Input Jitter      (TIJ):    0.000ns
    Discrete Jitter          (DJ):    0.000ns
    Phase Error              (PE):    0.000ns
    User Uncertainty         (UU):    0.200ns

    Location             Delay type                Incr(ns)  Path(ns)    Netlist Resource(s)
  -------------------------------------------------------------------    -------------------
                         (clock clk fall edge)       10.000    10.000 f  
    M18                                               0.000    10.000 f  clk (IN)
                         net (fo=0)                   0.000    10.000    clk
    M18                  IBUF (Prop_ibuf_I_O)         0.938    10.938 f  clk_IBUF_inst/O
                         net (fo=1, routed)           1.972    12.910    clk_IBUF
    BUFGCTRL_X0Y0        BUFG (Prop_bufg_I_O)         0.096    13.006 f  clk_IBUF_BUFG_inst/O
                         net (fo=85, routed)          1.636    14.642    clk_IBUF_BUFG
    SLICE_X2Y10          FDRE                                         r  data_out_reg[0]/C  (IS_INVERTED)
  -------------------------------------------------------------------    -------------------
    SLICE_X2Y10          FDRE (Prop_fdre_C_Q)         0.524    15.166 r  data_out_reg[0]/Q
                         net (fo=1, routed)           1.677    16.843    data_out_OBUF[0]
    V17                  OBUF (Prop_obuf_I_O)         2.601    19.444 r  data_out_OBUF[0]_inst/O
                         net (fo=0)                   0.000    19.444    data_out[0]
    V17                                                               r  data_out[0] (OUT)
  -------------------------------------------------------------------    -------------------

                         (clock clk rise edge)       25.000    25.000 r  
                         clock pessimism              0.000    25.000    
                         clock uncertainty           -0.235    24.765    
                         output delay                -2.000    22.765    
  -------------------------------------------------------------------
                         required time                         22.765    
                         arrival time                         -19.444    
  -------------------------------------------------------------------
                         slack                                  3.321    





Min Delay Paths
--------------------------------------------------------------------------------------
Slack (MET) :             0.145ns  (arrival time - required time)
  Source:                 mem_reg[3][2]/C
                            (falling edge-triggered cell FDRE clocked by clk  {rise@0.000ns fall@10.000ns period=25.000ns})
  Destination:            data_out_reg[2]/D
                            (falling edge-triggered cell FDRE clocked by clk  {rise@0.000ns fall@10.000ns period=25.000ns})
  Path Group:             clk
  Path Type:              Hold (Min at Fast Process Corner)
  Requirement:            0.000ns  (clk fall@10.000ns - clk fall@10.000ns)
  Data Path Delay:        0.316ns  (logic 0.264ns (83.517%)  route 0.052ns (16.483%))
  Logic Levels:           2  (LUT6=1 MUXF7=1)
  Clock Path Skew:        0.013ns (DCD - SCD - CPR)
    Destination Clock Delay (DCD):    1.937ns = ( 11.937 - 10.000 ) 
    Source Clock Delay      (SCD):    1.420ns = ( 11.420 - 10.000 ) 
    Clock Pessimism Removal (CPR):    0.504ns
  Clock Uncertainty:      0.020ns  ((TSJ^2 + TIJ^2)^1/2 + DJ) / 2 + PE + UU
    Total System Jitter     (TSJ):    0.000ns
    Total Input Jitter      (TIJ):    0.000ns
    Discrete Jitter          (DJ):    0.000ns
    Phase Error              (PE):    0.000ns
    User Uncertainty         (UU):    0.020ns

    Location             Delay type                Incr(ns)  Path(ns)    Netlist Resource(s)
  -------------------------------------------------------------------    -------------------
                         (clock clk fall edge)       10.000    10.000 f  
    M18                                               0.000    10.000 f  clk (IN)
                         net (fo=0)                   0.000    10.000    clk
    M18                  IBUF (Prop_ibuf_I_O)         0.167    10.167 f  clk_IBUF_inst/O
                         net (fo=1, routed)           0.634    10.801    clk_IBUF
    BUFGCTRL_X0Y0        BUFG (Prop_bufg_I_O)         0.026    10.827 f  clk_IBUF_BUFG_inst/O
                         net (fo=85, routed)          0.593    11.420    clk_IBUF_BUFG
    SLICE_X3Y10          FDRE                                         r  mem_reg[3][2]/C  (IS_INVERTED)
  -------------------------------------------------------------------    -------------------
    SLICE_X3Y10          FDRE (Prop_fdre_C_Q)         0.146    11.566 r  mem_reg[3][2]/Q
                         net (fo=1, routed)           0.052    11.618    mem_reg[3]__0[2]
    SLICE_X2Y10          LUT6 (Prop_lut6_I0_O)        0.045    11.663 r  data_out[2]_i_2/O
                         net (fo=1, routed)           0.000    11.663    data_out[2]_i_2_n_0
    SLICE_X2Y10          MUXF7 (Prop_muxf7_I0_O)      0.073    11.736 r  data_out_reg[2]_i_1/O
                         net (fo=1, routed)           0.000    11.736    mem[2]
    SLICE_X2Y10          FDRE                                         r  data_out_reg[2]/D
  -------------------------------------------------------------------    -------------------

                         (clock clk fall edge)       10.000    10.000 f  
    M18                                               0.000    10.000 f  clk (IN)
                         net (fo=0)                   0.000    10.000    clk
    M18                  IBUF (Prop_ibuf_I_O)         0.356    10.356 f  clk_IBUF_inst/O
                         net (fo=1, routed)           0.689    11.044    clk_IBUF
    BUFGCTRL_X0Y0        BUFG (Prop_bufg_I_O)         0.029    11.073 f  clk_IBUF_BUFG_inst/O
                         net (fo=85, routed)          0.864    11.937    clk_IBUF_BUFG
    SLICE_X2Y10          FDRE                                         r  data_out_reg[2]/C  (IS_INVERTED)
                         clock pessimism             -0.504    11.433    
                         clock uncertainty            0.020    11.453    
    SLICE_X2Y10          FDRE (Hold_fdre_C_D)         0.138    11.591    data_out_reg[2]
  -------------------------------------------------------------------
                         required time                        -11.591    
                         arrival time                          11.736    
  -------------------------------------------------------------------
                         slack                                  0.145    

Slack (MET) :             0.169ns  (arrival time - required time)
  Source:                 mem_reg[6][5]/C
                            (falling edge-triggered cell FDRE clocked by clk  {rise@0.000ns fall@10.000ns period=25.000ns})
  Destination:            data_out_reg[5]/D
                            (falling edge-triggered cell FDRE clocked by clk  {rise@0.000ns fall@10.000ns period=25.000ns})
  Path Group:             clk
  Path Type:              Hold (Min at Fast Process Corner)
  Requirement:            0.000ns  (clk fall@10.000ns - clk fall@10.000ns)
  Data Path Delay:        0.314ns  (logic 0.256ns (81.403%)  route 0.058ns (18.597%))
  Logic Levels:           2  (LUT6=1 MUXF7=1)
  Clock Path Skew:        0.013ns (DCD - SCD - CPR)
    Destination Clock Delay (DCD):    1.938ns = ( 11.938 - 10.000 ) 
    Source Clock Delay      (SCD):    1.421ns = ( 11.421 - 10.000 ) 
    Clock Pessimism Removal (CPR):    0.504ns
  Clock Uncertainty:      0.020ns  ((TSJ^2 + TIJ^2)^1/2 + DJ) / 2 + PE + UU
    Total System Jitter     (TSJ):    0.000ns
    Total Input Jitter      (TIJ):    0.000ns
    Discrete Jitter          (DJ):    0.000ns
    Phase Error              (PE):    0.000ns
    User Uncertainty         (UU):    0.020ns

    Location             Delay type                Incr(ns)  Path(ns)    Netlist Resource(s)
  -------------------------------------------------------------------    -------------------
                         (clock clk fall edge)       10.000    10.000 f  
    M18                                               0.000    10.000 f  clk (IN)
                         net (fo=0)                   0.000    10.000    clk
    M18                  IBUF (Prop_ibuf_I_O)         0.167    10.167 f  clk_IBUF_inst/O
                         net (fo=1, routed)           0.634    10.801    clk_IBUF
    BUFGCTRL_X0Y0        BUFG (Prop_bufg_I_O)         0.026    10.827 f  clk_IBUF_BUFG_inst/O
                         net (fo=85, routed)          0.594    11.421    clk_IBUF_BUFG
    SLICE_X1Y8           FDRE                                         r  mem_reg[6][5]/C  (IS_INVERTED)
  -------------------------------------------------------------------    -------------------
    SLICE_X1Y8           FDRE (Prop_fdre_C_Q)         0.146    11.567 r  mem_reg[6][5]/Q
                         net (fo=1, routed)           0.058    11.625    mem_reg[6]__0[5]
    SLICE_X0Y8           LUT6 (Prop_lut6_I1_O)        0.045    11.670 r  data_out[5]_i_3/O
                         net (fo=1, routed)           0.000    11.670    data_out[5]_i_3_n_0
    SLICE_X0Y8           MUXF7 (Prop_muxf7_I1_O)      0.065    11.735 r  data_out_reg[5]_i_1/O
                         net (fo=1, routed)           0.000    11.735    mem[5]
    SLICE_X0Y8           FDRE                                         r  data_out_reg[5]/D
  -------------------------------------------------------------------    -------------------

                         (clock clk fall edge)       10.000    10.000 f  
    M18                                               0.000    10.000 f  clk (IN)
                         net (fo=0)                   0.000    10.000    clk
    M18                  IBUF (Prop_ibuf_I_O)         0.356    10.356 f  clk_IBUF_inst/O
                         net (fo=1, routed)           0.689    11.044    clk_IBUF
    BUFGCTRL_X0Y0        BUFG (Prop_bufg_I_O)         0.029    11.073 f  clk_IBUF_BUFG_inst/O
                         net (fo=85, routed)          0.865    11.938    clk_IBUF_BUFG
    SLICE_X0Y8           FDRE                                         r  data_out_reg[5]/C  (IS_INVERTED)
                         clock pessimism             -0.504    11.434    
                         clock uncertainty            0.020    11.454    
    SLICE_X0Y8           FDRE (Hold_fdre_C_D)         0.112    11.566    data_out_reg[5]
  -------------------------------------------------------------------
                         required time                        -11.566    
                         arrival time                          11.735    
  -------------------------------------------------------------------
                         slack                                  0.169    

Slack (MET) :             0.173ns  (arrival time - required time)
  Source:                 mem_reg[3][0]/C
                            (falling edge-triggered cell FDRE clocked by clk  {rise@0.000ns fall@10.000ns period=25.000ns})
  Destination:            data_out_reg[0]/D
                            (falling edge-triggered cell FDRE clocked by clk  {rise@0.000ns fall@10.000ns period=25.000ns})
  Path Group:             clk
  Path Type:              Hold (Min at Fast Process Corner)
  Requirement:            0.000ns  (clk fall@10.000ns - clk fall@10.000ns)
  Data Path Delay:        0.344ns  (logic 0.253ns (73.524%)  route 0.091ns (26.476%))
  Logic Levels:           2  (LUT6=1 MUXF7=1)
  Clock Path Skew:        0.013ns (DCD - SCD - CPR)
    Destination Clock Delay (DCD):    1.937ns = ( 11.937 - 10.000 ) 
    Source Clock Delay      (SCD):    1.420ns = ( 11.420 - 10.000 ) 
    Clock Pessimism Removal (CPR):    0.504ns
  Clock Uncertainty:      0.020ns  ((TSJ^2 + TIJ^2)^1/2 + DJ) / 2 + PE + UU
    Total System Jitter     (TSJ):    0.000ns
    Total Input Jitter      (TIJ):    0.000ns
    Discrete Jitter          (DJ):    0.000ns
    Phase Error              (PE):    0.000ns
    User Uncertainty         (UU):    0.020ns

    Location             Delay type                Incr(ns)  Path(ns)    Netlist Resource(s)
  -------------------------------------------------------------------    -------------------
                         (clock clk fall edge)       10.000    10.000 f  
    M18                                               0.000    10.000 f  clk (IN)
                         net (fo=0)                   0.000    10.000    clk
    M18                  IBUF (Prop_ibuf_I_O)         0.167    10.167 f  clk_IBUF_inst/O
                         net (fo=1, routed)           0.634    10.801    clk_IBUF
    BUFGCTRL_X0Y0        BUFG (Prop_bufg_I_O)         0.026    10.827 f  clk_IBUF_BUFG_inst/O
                         net (fo=85, routed)          0.593    11.420    clk_IBUF_BUFG
    SLICE_X3Y10          FDRE                                         r  mem_reg[3][0]/C  (IS_INVERTED)
  -------------------------------------------------------------------    -------------------
    SLICE_X3Y10          FDRE (Prop_fdre_C_Q)         0.146    11.566 r  mem_reg[3][0]/Q
                         net (fo=1, routed)           0.091    11.657    mem_reg[3]__0[0]
    SLICE_X2Y10          LUT6 (Prop_lut6_I0_O)        0.045    11.702 r  data_out[0]_i_2/O
                         net (fo=1, routed)           0.000    11.702    data_out[0]_i_2_n_0
    SLICE_X2Y10          MUXF7 (Prop_muxf7_I0_O)      0.062    11.764 r  data_out_reg[0]_i_1/O
                         net (fo=1, routed)           0.000    11.764    mem[0]
    SLICE_X2Y10          FDRE                                         r  data_out_reg[0]/D
  -------------------------------------------------------------------    -------------------

                         (clock clk fall edge)       10.000    10.000 f  
    M18                                               0.000    10.000 f  clk (IN)
                         net (fo=0)                   0.000    10.000    clk
    M18                  IBUF (Prop_ibuf_I_O)         0.356    10.356 f  clk_IBUF_inst/O
                         net (fo=1, routed)           0.689    11.044    clk_IBUF
    BUFGCTRL_X0Y0        BUFG (Prop_bufg_I_O)         0.029    11.073 f  clk_IBUF_BUFG_inst/O
                         net (fo=85, routed)          0.864    11.937    clk_IBUF_BUFG
    SLICE_X2Y10          FDRE                                         r  data_out_reg[0]/C  (IS_INVERTED)
                         clock pessimism             -0.504    11.433    
                         clock uncertainty            0.020    11.453    
    SLICE_X2Y10          FDRE (Hold_fdre_C_D)         0.138    11.591    data_out_reg[0]
  -------------------------------------------------------------------
                         required time                        -11.591    
                         arrival time                          11.764    
  -------------------------------------------------------------------
                         slack                                  0.173    

Slack (MET) :             0.173ns  (arrival time - required time)
  Source:                 mem_reg[1][1]/C
                            (falling edge-triggered cell FDRE clocked by clk  {rise@0.000ns fall@10.000ns period=25.000ns})
  Destination:            data_out_reg[1]/D
                            (falling edge-triggered cell FDRE clocked by clk  {rise@0.000ns fall@10.000ns period=25.000ns})
  Path Group:             clk
  Path Type:              Hold (Min at Fast Process Corner)
  Requirement:            0.000ns  (clk fall@10.000ns - clk fall@10.000ns)
  Data Path Delay:        0.344ns  (logic 0.253ns (73.524%)  route 0.091ns (26.476%))
  Logic Levels:           2  (LUT6=1 MUXF7=1)
  Clock Path Skew:        0.013ns (DCD - SCD - CPR)
    Destination Clock Delay (DCD):    1.938ns = ( 11.938 - 10.000 ) 
    Source Clock Delay      (SCD):    1.421ns = ( 11.421 - 10.000 ) 
    Clock Pessimism Removal (CPR):    0.504ns
  Clock Uncertainty:      0.020ns  ((TSJ^2 + TIJ^2)^1/2 + DJ) / 2 + PE + UU
    Total System Jitter     (TSJ):    0.000ns
    Total Input Jitter      (TIJ):    0.000ns
    Discrete Jitter          (DJ):    0.000ns
    Phase Error              (PE):    0.000ns
    User Uncertainty         (UU):    0.020ns

    Location             Delay type                Incr(ns)  Path(ns)    Netlist Resource(s)
  -------------------------------------------------------------------    -------------------
                         (clock clk fall edge)       10.000    10.000 f  
    M18                                               0.000    10.000 f  clk (IN)
                         net (fo=0)                   0.000    10.000    clk
    M18                  IBUF (Prop_ibuf_I_O)         0.167    10.167 f  clk_IBUF_inst/O
                         net (fo=1, routed)           0.634    10.801    clk_IBUF
    BUFGCTRL_X0Y0        BUFG (Prop_bufg_I_O)         0.026    10.827 f  clk_IBUF_BUFG_inst/O
                         net (fo=85, routed)          0.594    11.421    clk_IBUF_BUFG
    SLICE_X3Y8           FDRE                                         r  mem_reg[1][1]/C  (IS_INVERTED)
  -------------------------------------------------------------------    -------------------
    SLICE_X3Y8           FDRE (Prop_fdre_C_Q)         0.146    11.567 r  mem_reg[1][1]/Q
                         net (fo=1, routed)           0.091    11.658    mem_reg[1]__0[1]
    SLICE_X2Y8           LUT6 (Prop_lut6_I3_O)        0.045    11.703 r  data_out[1]_i_2/O
                         net (fo=1, routed)           0.000    11.703    data_out[1]_i_2_n_0
    SLICE_X2Y8           MUXF7 (Prop_muxf7_I0_O)      0.062    11.765 r  data_out_reg[1]_i_1/O
                         net (fo=1, routed)           0.000    11.765    mem[1]
    SLICE_X2Y8           FDRE                                         r  data_out_reg[1]/D
  -------------------------------------------------------------------    -------------------

                         (clock clk fall edge)       10.000    10.000 f  
    M18                                               0.000    10.000 f  clk (IN)
                         net (fo=0)                   0.000    10.000    clk
    M18                  IBUF (Prop_ibuf_I_O)         0.356    10.356 f  clk_IBUF_inst/O
                         net (fo=1, routed)           0.689    11.044    clk_IBUF
    BUFGCTRL_X0Y0        BUFG (Prop_bufg_I_O)         0.029    11.073 f  clk_IBUF_BUFG_inst/O
                         net (fo=85, routed)          0.865    11.938    clk_IBUF_BUFG
    SLICE_X2Y8           FDRE                                         r  data_out_reg[1]/C  (IS_INVERTED)
                         clock pessimism             -0.504    11.434    
                         clock uncertainty            0.020    11.454    
    SLICE_X2Y8           FDRE (Hold_fdre_C_D)         0.138    11.592    data_out_reg[1]
  -------------------------------------------------------------------
                         required time                        -11.592    
                         arrival time                          11.765    
  -------------------------------------------------------------------
                         slack                                  0.173    

Slack (MET) :             0.183ns  (arrival time - required time)
  Source:                 mem_reg[6][4]/C
                            (falling edge-triggered cell FDRE clocked by clk  {rise@0.000ns fall@10.000ns period=25.000ns})
  Destination:            data_out_reg[4]/D
                            (falling edge-triggered cell FDRE clocked by clk  {rise@0.000ns fall@10.000ns period=25.000ns})
  Path Group:             clk
  Path Type:              Hold (Min at Fast Process Corner)
  Requirement:            0.000ns  (clk fall@10.000ns - clk fall@10.000ns)
  Data Path Delay:        0.328ns  (logic 0.277ns (84.425%)  route 0.051ns (15.576%))
  Logic Levels:           2  (LUT6=1 MUXF7=1)
  Clock Path Skew:        0.013ns (DCD - SCD - CPR)
    Destination Clock Delay (DCD):    1.938ns = ( 11.938 - 10.000 ) 
    Source Clock Delay      (SCD):    1.421ns = ( 11.421 - 10.000 ) 
    Clock Pessimism Removal (CPR):    0.504ns
  Clock Uncertainty:      0.020ns  ((TSJ^2 + TIJ^2)^1/2 + DJ) / 2 + PE + UU
    Total System Jitter     (TSJ):    0.000ns
    Total Input Jitter      (TIJ):    0.000ns
    Discrete Jitter          (DJ):    0.000ns
    Phase Error              (PE):    0.000ns
    User Uncertainty         (UU):    0.020ns

    Location             Delay type                Incr(ns)  Path(ns)    Netlist Resource(s)
  -------------------------------------------------------------------    -------------------
                         (clock clk fall edge)       10.000    10.000 f  
    M18                                               0.000    10.000 f  clk (IN)
                         net (fo=0)                   0.000    10.000    clk
    M18                  IBUF (Prop_ibuf_I_O)         0.167    10.167 f  clk_IBUF_inst/O
                         net (fo=1, routed)           0.634    10.801    clk_IBUF
    BUFGCTRL_X0Y0        BUFG (Prop_bufg_I_O)         0.026    10.827 f  clk_IBUF_BUFG_inst/O
                         net (fo=85, routed)          0.594    11.421    clk_IBUF_BUFG
    SLICE_X2Y9           FDRE                                         r  mem_reg[6][4]/C  (IS_INVERTED)
  -------------------------------------------------------------------    -------------------
    SLICE_X2Y9           FDRE (Prop_fdre_C_Q)         0.167    11.588 r  mem_reg[6][4]/Q
                         net (fo=1, routed)           0.051    11.639    mem_reg[6]__0[4]
    SLICE_X3Y9           LUT6 (Prop_lut6_I1_O)        0.045    11.684 r  data_out[4]_i_3/O
                         net (fo=1, routed)           0.000    11.684    data_out[4]_i_3_n_0
    SLICE_X3Y9           MUXF7 (Prop_muxf7_I1_O)      0.065    11.749 r  data_out_reg[4]_i_1/O
                         net (fo=1, routed)           0.000    11.749    mem[4]
    SLICE_X3Y9           FDRE                                         r  data_out_reg[4]/D
  -------------------------------------------------------------------    -------------------

                         (clock clk fall edge)       10.000    10.000 f  
    M18                                               0.000    10.000 f  clk (IN)
                         net (fo=0)                   0.000    10.000    clk
    M18                  IBUF (Prop_ibuf_I_O)         0.356    10.356 f  clk_IBUF_inst/O
                         net (fo=1, routed)           0.689    11.044    clk_IBUF
    BUFGCTRL_X0Y0        BUFG (Prop_bufg_I_O)         0.029    11.073 f  clk_IBUF_BUFG_inst/O
                         net (fo=85, routed)          0.865    11.938    clk_IBUF_BUFG
    SLICE_X3Y9           FDRE                                         r  data_out_reg[4]/C  (IS_INVERTED)
                         clock pessimism             -0.504    11.434    
                         clock uncertainty            0.020    11.454    
    SLICE_X3Y9           FDRE (Hold_fdre_C_D)         0.112    11.566    data_out_reg[4]
  -------------------------------------------------------------------
                         required time                        -11.566    
                         arrival time                          11.749    
  -------------------------------------------------------------------
                         slack                                  0.183    

Slack (MET) :             0.191ns  (arrival time - required time)
  Source:                 full_reg/C
                            (falling edge-triggered cell FDRE clocked by clk  {rise@0.000ns fall@10.000ns period=25.000ns})
  Destination:            count_reg[2]/D
                            (falling edge-triggered cell FDRE clocked by clk  {rise@0.000ns fall@10.000ns period=25.000ns})
  Path Group:             clk
  Path Type:              Hold (Min at Fast Process Corner)
  Requirement:            0.000ns  (clk fall@10.000ns - clk fall@10.000ns)
  Data Path Delay:        0.338ns  (logic 0.194ns (57.326%)  route 0.144ns (42.675%))
  Logic Levels:           1  (LUT5=1)
  Clock Path Skew:        0.013ns (DCD - SCD - CPR)
    Destination Clock Delay (DCD):    1.937ns = ( 11.937 - 10.000 ) 
    Source Clock Delay      (SCD):    1.420ns = ( 11.420 - 10.000 ) 
    Clock Pessimism Removal (CPR):    0.504ns
  Clock Uncertainty:      0.020ns  ((TSJ^2 + TIJ^2)^1/2 + DJ) / 2 + PE + UU
    Total System Jitter     (TSJ):    0.000ns
    Total Input Jitter      (TIJ):    0.000ns
    Discrete Jitter          (DJ):    0.000ns
    Phase Error              (PE):    0.000ns
    User Uncertainty         (UU):    0.020ns

    Location             Delay type                Incr(ns)  Path(ns)    Netlist Resource(s)
  -------------------------------------------------------------------    -------------------
                         (clock clk fall edge)       10.000    10.000 f  
    M18                                               0.000    10.000 f  clk (IN)
                         net (fo=0)                   0.000    10.000    clk
    M18                  IBUF (Prop_ibuf_I_O)         0.167    10.167 f  clk_IBUF_inst/O
                         net (fo=1, routed)           0.634    10.801    clk_IBUF
    BUFGCTRL_X0Y0        BUFG (Prop_bufg_I_O)         0.026    10.827 f  clk_IBUF_BUFG_inst/O
                         net (fo=85, routed)          0.593    11.420    clk_IBUF_BUFG
    SLICE_X0Y11          FDRE                                         r  full_reg/C  (IS_INVERTED)
  -------------------------------------------------------------------    -------------------
    SLICE_X0Y11          FDRE (Prop_fdre_C_Q)         0.146    11.566 r  full_reg/Q
                         net (fo=15, routed)          0.144    11.710    full_OBUF
    SLICE_X1Y11          LUT5 (Prop_lut5_I2_O)        0.048    11.758 r  count[2]_i_1/O
                         net (fo=1, routed)           0.000    11.758    count[2]
    SLICE_X1Y11          FDRE                                         r  count_reg[2]/D
  -------------------------------------------------------------------    -------------------

                         (clock clk fall edge)       10.000    10.000 f  
    M18                                               0.000    10.000 f  clk (IN)
                         net (fo=0)                   0.000    10.000    clk
    M18                  IBUF (Prop_ibuf_I_O)         0.356    10.356 f  clk_IBUF_inst/O
                         net (fo=1, routed)           0.689    11.044    clk_IBUF
    BUFGCTRL_X0Y0        BUFG (Prop_bufg_I_O)         0.029    11.073 f  clk_IBUF_BUFG_inst/O
                         net (fo=85, routed)          0.864    11.937    clk_IBUF_BUFG
    SLICE_X1Y11          FDRE                                         r  count_reg[2]/C  (IS_INVERTED)
                         clock pessimism             -0.504    11.433    
                         clock uncertainty            0.020    11.453    
    SLICE_X1Y11          FDRE (Hold_fdre_C_D)         0.114    11.567    count_reg[2]
  -------------------------------------------------------------------
                         required time                        -11.567    
                         arrival time                          11.758    
  -------------------------------------------------------------------
                         slack                                  0.191    

Slack (MET) :             0.195ns  (arrival time - required time)
  Source:                 count_reg[2]/C
                            (falling edge-triggered cell FDRE clocked by clk  {rise@0.000ns fall@10.000ns period=25.000ns})
  Destination:            count_reg[3]/D
                            (falling edge-triggered cell FDRE clocked by clk  {rise@0.000ns fall@10.000ns period=25.000ns})
  Path Group:             clk
  Path Type:              Hold (Min at Fast Process Corner)
  Requirement:            0.000ns  (clk fall@10.000ns - clk fall@10.000ns)
  Data Path Delay:        0.314ns  (logic 0.232ns (73.895%)  route 0.082ns (26.105%))
  Logic Levels:           1  (LUT6=1)
  Clock Path Skew:        0.000ns (DCD - SCD - CPR)
    Destination Clock Delay (DCD):    1.937ns = ( 11.937 - 10.000 ) 
    Source Clock Delay      (SCD):    1.420ns = ( 11.420 - 10.000 ) 
    Clock Pessimism Removal (CPR):    0.517ns
  Clock Uncertainty:      0.020ns  ((TSJ^2 + TIJ^2)^1/2 + DJ) / 2 + PE + UU
    Total System Jitter     (TSJ):    0.000ns
    Total Input Jitter      (TIJ):    0.000ns
    Discrete Jitter          (DJ):    0.000ns
    Phase Error              (PE):    0.000ns
    User Uncertainty         (UU):    0.020ns

    Location             Delay type                Incr(ns)  Path(ns)    Netlist Resource(s)
  -------------------------------------------------------------------    -------------------
                         (clock clk fall edge)       10.000    10.000 f  
    M18                                               0.000    10.000 f  clk (IN)
                         net (fo=0)                   0.000    10.000    clk
    M18                  IBUF (Prop_ibuf_I_O)         0.167    10.167 f  clk_IBUF_inst/O
                         net (fo=1, routed)           0.634    10.801    clk_IBUF
    BUFGCTRL_X0Y0        BUFG (Prop_bufg_I_O)         0.026    10.827 f  clk_IBUF_BUFG_inst/O
                         net (fo=85, routed)          0.593    11.420    clk_IBUF_BUFG
    SLICE_X1Y11          FDRE                                         r  count_reg[2]/C  (IS_INVERTED)
  -------------------------------------------------------------------    -------------------
    SLICE_X1Y11          FDRE (Prop_fdre_C_Q)         0.133    11.553 r  count_reg[2]/Q
                         net (fo=4, routed)           0.082    11.635    count_reg__0[2]
    SLICE_X1Y11          LUT6 (Prop_lut6_I5_O)        0.099    11.734 r  count[3]_i_2/O
                         net (fo=1, routed)           0.000    11.734    count[3]
    SLICE_X1Y11          FDRE                                         r  count_reg[3]/D
  -------------------------------------------------------------------    -------------------

                         (clock clk fall edge)       10.000    10.000 f  
    M18                                               0.000    10.000 f  clk (IN)
                         net (fo=0)                   0.000    10.000    clk
    M18                  IBUF (Prop_ibuf_I_O)         0.356    10.356 f  clk_IBUF_inst/O
                         net (fo=1, routed)           0.689    11.044    clk_IBUF
    BUFGCTRL_X0Y0        BUFG (Prop_bufg_I_O)         0.029    11.073 f  clk_IBUF_BUFG_inst/O
                         net (fo=85, routed)          0.864    11.937    clk_IBUF_BUFG
    SLICE_X1Y11          FDRE                                         r  count_reg[3]/C  (IS_INVERTED)
                         clock pessimism             -0.517    11.420    
                         clock uncertainty            0.020    11.440    
    SLICE_X1Y11          FDRE (Hold_fdre_C_D)         0.099    11.539    count_reg[3]
  -------------------------------------------------------------------
                         required time                        -11.539    
                         arrival time                          11.734    
  -------------------------------------------------------------------
                         slack                                  0.195    

Slack (MET) :             0.204ns  (arrival time - required time)
  Source:                 full_reg/C
                            (falling edge-triggered cell FDRE clocked by clk  {rise@0.000ns fall@10.000ns period=25.000ns})
  Destination:            count_reg[1]/D
                            (falling edge-triggered cell FDRE clocked by clk  {rise@0.000ns fall@10.000ns period=25.000ns})
  Path Group:             clk
  Path Type:              Hold (Min at Fast Process Corner)
  Requirement:            0.000ns  (clk fall@10.000ns - clk fall@10.000ns)
  Data Path Delay:        0.335ns  (logic 0.191ns (56.944%)  route 0.144ns (43.056%))
  Logic Levels:           1  (LUT4=1)
  Clock Path Skew:        0.013ns (DCD - SCD - CPR)
    Destination Clock Delay (DCD):    1.937ns = ( 11.937 - 10.000 ) 
    Source Clock Delay      (SCD):    1.420ns = ( 11.420 - 10.000 ) 
    Clock Pessimism Removal (CPR):    0.504ns
  Clock Uncertainty:      0.020ns  ((TSJ^2 + TIJ^2)^1/2 + DJ) / 2 + PE + UU
    Total System Jitter     (TSJ):    0.000ns
    Total Input Jitter      (TIJ):    0.000ns
    Discrete Jitter          (DJ):    0.000ns
    Phase Error              (PE):    0.000ns
    User Uncertainty         (UU):    0.020ns

    Location             Delay type                Incr(ns)  Path(ns)    Netlist Resource(s)
  -------------------------------------------------------------------    -------------------
                         (clock clk fall edge)       10.000    10.000 f  
    M18                                               0.000    10.000 f  clk (IN)
                         net (fo=0)                   0.000    10.000    clk
    M18                  IBUF (Prop_ibuf_I_O)         0.167    10.167 f  clk_IBUF_inst/O
                         net (fo=1, routed)           0.634    10.801    clk_IBUF
    BUFGCTRL_X0Y0        BUFG (Prop_bufg_I_O)         0.026    10.827 f  clk_IBUF_BUFG_inst/O
                         net (fo=85, routed)          0.593    11.420    clk_IBUF_BUFG
    SLICE_X0Y11          FDRE                                         r  full_reg/C  (IS_INVERTED)
  -------------------------------------------------------------------    -------------------
    SLICE_X0Y11          FDRE (Prop_fdre_C_Q)         0.146    11.566 r  full_reg/Q
                         net (fo=15, routed)          0.144    11.710    full_OBUF
    SLICE_X1Y11          LUT4 (Prop_lut4_I2_O)        0.045    11.755 r  count[1]_i_1/O
                         net (fo=1, routed)           0.000    11.755    count[1]_i_1_n_0
    SLICE_X1Y11          FDRE                                         r  count_reg[1]/D
  -------------------------------------------------------------------    -------------------

                         (clock clk fall edge)       10.000    10.000 f  
    M18                                               0.000    10.000 f  clk (IN)
                         net (fo=0)                   0.000    10.000    clk
    M18                  IBUF (Prop_ibuf_I_O)         0.356    10.356 f  clk_IBUF_inst/O
                         net (fo=1, routed)           0.689    11.044    clk_IBUF
    BUFGCTRL_X0Y0        BUFG (Prop_bufg_I_O)         0.029    11.073 f  clk_IBUF_BUFG_inst/O
                         net (fo=85, routed)          0.864    11.937    clk_IBUF_BUFG
    SLICE_X1Y11          FDRE                                         r  count_reg[1]/C  (IS_INVERTED)
                         clock pessimism             -0.504    11.433    
                         clock uncertainty            0.020    11.453    
    SLICE_X1Y11          FDRE (Hold_fdre_C_D)         0.098    11.551    count_reg[1]
  -------------------------------------------------------------------
                         required time                        -11.551    
                         arrival time                          11.755    
  -------------------------------------------------------------------
                         slack                                  0.204    

Slack (MET) :             0.218ns  (arrival time - required time)
  Source:                 count_reg[3]/C
                            (falling edge-triggered cell FDRE clocked by clk  {rise@0.000ns fall@10.000ns period=25.000ns})
  Destination:            empty_reg/D
                            (falling edge-triggered cell FDRE clocked by clk  {rise@0.000ns fall@10.000ns period=25.000ns})
  Path Group:             clk
  Path Type:              Hold (Min at Fast Process Corner)
  Requirement:            0.000ns  (clk fall@10.000ns - clk fall@10.000ns)
  Data Path Delay:        0.350ns  (logic 0.191ns (54.547%)  route 0.159ns (45.453%))
  Logic Levels:           1  (LUT6=1)
  Clock Path Skew:        0.013ns (DCD - SCD - CPR)
    Destination Clock Delay (DCD):    1.937ns = ( 11.937 - 10.000 ) 
    Source Clock Delay      (SCD):    1.420ns = ( 11.420 - 10.000 ) 
    Clock Pessimism Removal (CPR):    0.504ns
  Clock Uncertainty:      0.020ns  ((TSJ^2 + TIJ^2)^1/2 + DJ) / 2 + PE + UU
    Total System Jitter     (TSJ):    0.000ns
    Total Input Jitter      (TIJ):    0.000ns
    Discrete Jitter          (DJ):    0.000ns
    Phase Error              (PE):    0.000ns
    User Uncertainty         (UU):    0.020ns

    Location             Delay type                Incr(ns)  Path(ns)    Netlist Resource(s)
  -------------------------------------------------------------------    -------------------
                         (clock clk fall edge)       10.000    10.000 f  
    M18                                               0.000    10.000 f  clk (IN)
                         net (fo=0)                   0.000    10.000    clk
    M18                  IBUF (Prop_ibuf_I_O)         0.167    10.167 f  clk_IBUF_inst/O
                         net (fo=1, routed)           0.634    10.801    clk_IBUF
    BUFGCTRL_X0Y0        BUFG (Prop_bufg_I_O)         0.026    10.827 f  clk_IBUF_BUFG_inst/O
                         net (fo=85, routed)          0.593    11.420    clk_IBUF_BUFG
    SLICE_X1Y11          FDRE                                         r  count_reg[3]/C  (IS_INVERTED)
  -------------------------------------------------------------------    -------------------
    SLICE_X1Y11          FDRE (Prop_fdre_C_Q)         0.146    11.566 f  count_reg[3]/Q
                         net (fo=3, routed)           0.159    11.725    count_reg__0[3]
    SLICE_X0Y11          LUT6 (Prop_lut6_I2_O)        0.045    11.770 r  empty_i_1/O
                         net (fo=1, routed)           0.000    11.770    empty_i_1_n_0
    SLICE_X0Y11          FDRE                                         r  empty_reg/D
  -------------------------------------------------------------------    -------------------

                         (clock clk fall edge)       10.000    10.000 f  
    M18                                               0.000    10.000 f  clk (IN)
                         net (fo=0)                   0.000    10.000    clk
    M18                  IBUF (Prop_ibuf_I_O)         0.356    10.356 f  clk_IBUF_inst/O
                         net (fo=1, routed)           0.689    11.044    clk_IBUF
    BUFGCTRL_X0Y0        BUFG (Prop_bufg_I_O)         0.029    11.073 f  clk_IBUF_BUFG_inst/O
                         net (fo=85, routed)          0.864    11.937    clk_IBUF_BUFG
    SLICE_X0Y11          FDRE                                         r  empty_reg/C  (IS_INVERTED)
                         clock pessimism             -0.504    11.433    
                         clock uncertainty            0.020    11.453    
    SLICE_X0Y11          FDRE (Hold_fdre_C_D)         0.099    11.552    empty_reg
  -------------------------------------------------------------------
                         required time                        -11.552    
                         arrival time                          11.770    
  -------------------------------------------------------------------
                         slack                                  0.218    

Slack (MET) :             0.219ns  (arrival time - required time)
  Source:                 mem_reg[6][6]/C
                            (falling edge-triggered cell FDRE clocked by clk  {rise@0.000ns fall@10.000ns period=25.000ns})
  Destination:            data_out_reg[6]/D
                            (falling edge-triggered cell FDRE clocked by clk  {rise@0.000ns fall@10.000ns period=25.000ns})
  Path Group:             clk
  Path Type:              Hold (Min at Fast Process Corner)
  Requirement:            0.000ns  (clk fall@10.000ns - clk fall@10.000ns)
  Data Path Delay:        0.364ns  (logic 0.265ns (72.860%)  route 0.099ns (27.140%))
  Logic Levels:           2  (LUT6=1 MUXF7=1)
  Clock Path Skew:        0.013ns (DCD - SCD - CPR)
    Destination Clock Delay (DCD):    1.938ns = ( 11.938 - 10.000 ) 
    Source Clock Delay      (SCD):    1.421ns = ( 11.421 - 10.000 ) 
    Clock Pessimism Removal (CPR):    0.504ns
  Clock Uncertainty:      0.020ns  ((TSJ^2 + TIJ^2)^1/2 + DJ) / 2 + PE + UU
    Total System Jitter     (TSJ):    0.000ns
    Total Input Jitter      (TIJ):    0.000ns
    Discrete Jitter          (DJ):    0.000ns
    Phase Error              (PE):    0.000ns
    User Uncertainty         (UU):    0.020ns

    Location             Delay type                Incr(ns)  Path(ns)    Netlist Resource(s)
  -------------------------------------------------------------------    -------------------
                         (clock clk fall edge)       10.000    10.000 f  
    M18                                               0.000    10.000 f  clk (IN)
                         net (fo=0)                   0.000    10.000    clk
    M18                  IBUF (Prop_ibuf_I_O)         0.167    10.167 f  clk_IBUF_inst/O
                         net (fo=1, routed)           0.634    10.801    clk_IBUF
    BUFGCTRL_X0Y0        BUFG (Prop_bufg_I_O)         0.026    10.827 f  clk_IBUF_BUFG_inst/O
                         net (fo=85, routed)          0.594    11.421    clk_IBUF_BUFG
    SLICE_X1Y8           FDRE                                         r  mem_reg[6][6]/C  (IS_INVERTED)
  -------------------------------------------------------------------    -------------------
    SLICE_X1Y8           FDRE (Prop_fdre_C_Q)         0.146    11.567 r  mem_reg[6][6]/Q
                         net (fo=1, routed)           0.099    11.666    mem_reg[6]__0[6]
    SLICE_X0Y8           LUT6 (Prop_lut6_I1_O)        0.045    11.711 r  data_out[6]_i_3/O
                         net (fo=1, routed)           0.000    11.711    data_out[6]_i_3_n_0
    SLICE_X0Y8           MUXF7 (Prop_muxf7_I1_O)      0.074    11.785 r  data_out_reg[6]_i_1/O
                         net (fo=1, routed)           0.000    11.785    mem[6]
    SLICE_X0Y8           FDRE                                         r  data_out_reg[6]/D
  -------------------------------------------------------------------    -------------------

                         (clock clk fall edge)       10.000    10.000 f  
    M18                                               0.000    10.000 f  clk (IN)
                         net (fo=0)                   0.000    10.000    clk
    M18                  IBUF (Prop_ibuf_I_O)         0.356    10.356 f  clk_IBUF_inst/O
                         net (fo=1, routed)           0.689    11.044    clk_IBUF
    BUFGCTRL_X0Y0        BUFG (Prop_bufg_I_O)         0.029    11.073 f  clk_IBUF_BUFG_inst/O
                         net (fo=85, routed)          0.865    11.938    clk_IBUF_BUFG
    SLICE_X0Y8           FDRE                                         r  data_out_reg[6]/C  (IS_INVERTED)
                         clock pessimism             -0.504    11.434    
                         clock uncertainty            0.020    11.454    
    SLICE_X0Y8           FDRE (Hold_fdre_C_D)         0.112    11.566    data_out_reg[6]
  -------------------------------------------------------------------
                         required time                        -11.566    
                         arrival time                          11.785    
  -------------------------------------------------------------------
                         slack                                  0.219    





Pulse Width Checks
--------------------------------------------------------------------------------------
Clock Name:         clk
Waveform(ns):       { 0.000 10.000 }
Period(ns):         25.000
Sources:            { clk }

Check Type        Corner  Lib Pin  Reference Pin  Required(ns)  Actual(ns)  Slack(ns)  Location       Pin
Min Period        n/a     BUFG/I   n/a            2.155         25.000      22.845     BUFGCTRL_X0Y0  clk_IBUF_BUFG_inst/I
Min Period        n/a     FDRE/C   n/a            1.000         25.000      24.000     SLICE_X1Y11    count_reg[0]/C
Min Period        n/a     FDRE/C   n/a            1.000         25.000      24.000     SLICE_X1Y11    count_reg[1]/C
Min Period        n/a     FDRE/C   n/a            1.000         25.000      24.000     SLICE_X1Y11    count_reg[2]/C
Min Period        n/a     FDRE/C   n/a            1.000         25.000      24.000     SLICE_X1Y11    count_reg[3]/C
Min Period        n/a     FDRE/C   n/a            1.000         25.000      24.000     SLICE_X2Y10    data_out_reg[0]/C
Min Period        n/a     FDRE/C   n/a            1.000         25.000      24.000     SLICE_X2Y8     data_out_reg[1]/C
Min Period        n/a     FDRE/C   n/a            1.000         25.000      24.000     SLICE_X2Y10    data_out_reg[2]/C
Min Period        n/a     FDRE/C   n/a            1.000         25.000      24.000     SLICE_X2Y8     data_out_reg[3]/C
Min Period        n/a     FDRE/C   n/a            1.000         25.000      24.000     SLICE_X3Y9     data_out_reg[4]/C
Low Pulse Width   Fast    FDRE/C   n/a            0.500         10.000      9.500      SLICE_X1Y11    count_reg[0]/C
Low Pulse Width   Fast    FDRE/C   n/a            0.500         10.000      9.500      SLICE_X1Y11    count_reg[1]/C
Low Pulse Width   Fast    FDRE/C   n/a            0.500         10.000      9.500      SLICE_X1Y11    count_reg[2]/C
Low Pulse Width   Fast    FDRE/C   n/a            0.500         10.000      9.500      SLICE_X1Y11    count_reg[3]/C
Low Pulse Width   Fast    FDRE/C   n/a            0.500         10.000      9.500      SLICE_X2Y10    data_out_reg[0]/C
Low Pulse Width   Fast    FDRE/C   n/a            0.500         10.000      9.500      SLICE_X2Y8     data_out_reg[1]/C
Low Pulse Width   Fast    FDRE/C   n/a            0.500         10.000      9.500      SLICE_X2Y10    data_out_reg[2]/C
Low Pulse Width   Fast    FDRE/C   n/a            0.500         10.000      9.500      SLICE_X2Y8     data_out_reg[3]/C
Low Pulse Width   Fast    FDRE/C   n/a            0.500         10.000      9.500      SLICE_X3Y9     data_out_reg[4]/C
Low Pulse Width   Fast    FDRE/C   n/a            0.500         10.000      9.500      SLICE_X0Y8     data_out_reg[5]/C
High Pulse Width  Slow    FDRE/C   n/a            0.500         15.000      14.500     SLICE_X1Y11    count_reg[0]/C
High Pulse Width  Fast    FDRE/C   n/a            0.500         15.000      14.500     SLICE_X1Y11    count_reg[0]/C
High Pulse Width  Slow    FDRE/C   n/a            0.500         15.000      14.500     SLICE_X1Y11    count_reg[1]/C
High Pulse Width  Fast    FDRE/C   n/a            0.500         15.000      14.500     SLICE_X1Y11    count_reg[1]/C
High Pulse Width  Slow    FDRE/C   n/a            0.500         15.000      14.500     SLICE_X1Y11    count_reg[2]/C
High Pulse Width  Fast    FDRE/C   n/a            0.500         15.000      14.500     SLICE_X1Y11    count_reg[2]/C
High Pulse Width  Slow    FDRE/C   n/a            0.500         15.000      14.500     SLICE_X1Y11    count_reg[3]/C
High Pulse Width  Fast    FDRE/C   n/a            0.500         15.000      14.500     SLICE_X1Y11    count_reg[3]/C
High Pulse Width  Slow    FDRE/C   n/a            0.500         15.000      14.500     SLICE_X2Y10    data_out_reg[0]/C
High Pulse Width  Fast    FDRE/C   n/a            0.500         15.000      14.500     SLICE_X2Y10    data_out_reg[0]/C



