Copyright 1986-2018 Xilinx, Inc. All Rights Reserved.
----------------------------------------------------------------------------------------------
| Tool Version : Vivado v.2018.3 (win64) Build 2405991 Thu Dec  6 23:38:27 MST 2018
| Date         : Wed May  6 21:26:46 2026
| Host         : SHUBHAM running 64-bit major release  (build 9200)
| Command      : report_control_sets -verbose -file sync_fifo_negedge_control_sets_placed.rpt
| Design       : sync_fifo_negedge
| Device       : xc7a35t
----------------------------------------------------------------------------------------------

Control Set Information

Table of Contents
-----------------
1. Summary
2. Histogram
3. Flip-Flop Distribution
4. Detailed Control Set Information

1. Summary
----------

+----------------------------------------------------------+-------+
|                          Status                          | Count |
+----------------------------------------------------------+-------+
| Number of unique control sets                            |    11 |
| Unused register locations in slices containing registers |     6 |
+----------------------------------------------------------+-------+


2. Histogram
------------

+--------+--------------+
| Fanout | Control Sets |
+--------+--------------+
|      4 |            1 |
|      6 |            1 |
|      8 |            9 |
+--------+--------------+


3. Flip-Flop Distribution
-------------------------

+--------------+-----------------------+------------------------+-----------------+--------------+
| Clock Enable | Synchronous Set/Reset | Asynchronous Set/Reset | Total Registers | Total Slices |
+--------------+-----------------------+------------------------+-----------------+--------------+
| No           | No                    | No                     |               0 |            0 |
| No           | No                    | Yes                    |               6 |            2 |
| No           | Yes                   | No                     |               0 |            0 |
| Yes          | No                    | No                     |               0 |            0 |
| Yes          | No                    | Yes                    |              76 |           34 |
| Yes          | Yes                   | No                     |               0 |            0 |
+--------------+-----------------------+------------------------+-----------------+--------------+


4. Detailed Control Set Information
-----------------------------------

+----------------+-------------------+------------------+------------------+----------------+
|  Clock Signal  |   Enable Signal   | Set/Reset Signal | Slice Load Count | Bel Load Count |
+----------------+-------------------+------------------+------------------+----------------+
| ~clk_IBUF_BUFG | count[3]_i_1_n_0  | reset_IBUF       |                1 |              4 |
| ~clk_IBUF_BUFG |                   | reset_IBUF       |                2 |              6 |
| ~clk_IBUF_BUFG | mem[2][7]_i_1_n_0 | reset_IBUF       |                3 |              8 |
| ~clk_IBUF_BUFG | mem[7][7]_i_1_n_0 | reset_IBUF       |                3 |              8 |
| ~clk_IBUF_BUFG | mem[5][7]_i_1_n_0 | reset_IBUF       |                3 |              8 |
| ~clk_IBUF_BUFG | mem[4][7]_i_1_n_0 | reset_IBUF       |                3 |              8 |
| ~clk_IBUF_BUFG | mem[0][7]_i_1_n_0 | reset_IBUF       |                5 |              8 |
| ~clk_IBUF_BUFG | mem[1][7]_i_1_n_0 | reset_IBUF       |                3 |              8 |
| ~clk_IBUF_BUFG | mem[6][7]_i_1_n_0 | reset_IBUF       |                4 |              8 |
| ~clk_IBUF_BUFG | mem[3][7]_i_1_n_0 | reset_IBUF       |                4 |              8 |
| ~clk_IBUF_BUFG | p_0_in[0]         | reset_IBUF       |                5 |              8 |
+----------------+-------------------+------------------+------------------+----------------+


