
*** Running vivado
    with args -log async_fifo_posedge.vds -m64 -product Vivado -mode batch -messageDb vivado.pb -notrace -source async_fifo_posedge.tcl


****** Vivado v2018.3 (64-bit)
  **** SW Build 2405991 on Thu Dec  6 23:38:27 MST 2018
  **** IP Build 2404404 on Fri Dec  7 01:43:56 MST 2018
    ** Copyright 1986-2018 Xilinx, Inc. All Rights Reserved.

source async_fifo_posedge.tcl -notrace
Command: synth_design -top async_fifo_posedge -part xc7a35tcpg236-1
Starting synth_design
Attempting to get a license for feature 'Synthesis' and/or device 'xc7a35t'
INFO: [Common 17-349] Got license for feature 'Synthesis' and/or device 'xc7a35t'
INFO: Launching helper process for spawning children vivado processes
INFO: Helper process launched with PID 12612 
---------------------------------------------------------------------------------
Starting RTL Elaboration : Time (s): cpu = 00:00:01 ; elapsed = 00:00:02 . Memory (MB): peak = 430.371 ; gain = 97.891
---------------------------------------------------------------------------------
INFO: [Synth 8-6157] synthesizing module 'async_fifo_posedge' [D:/RTL_Design/FIFO/FIFO.srcs/sources_1/new/async_fifo_posedge.v:3]
	Parameter DEPTH bound to: 8 - type: integer 
	Parameter WIDTH bound to: 8 - type: integer 
	Parameter ADDR_WIDTH bound to: 3 - type: integer 
WARNING: [Synth 8-5788] Register mem_reg in module async_fifo_posedge is has both Set and reset with same priority. This may cause simulation mismatches. Consider rewriting code 
WARNING: [Synth 8-4767] Trying to implement RAM 'mem_reg' in registers. Block RAM or DRAM implementation is not possible; see log for reasons.
Reason is one or more of the following :
	1: RAM is sensitive to asynchronous reset signal. this RTL style is not supported. 
RAM "mem_reg" dissolved into registers
INFO: [Synth 8-6155] done synthesizing module 'async_fifo_posedge' (1#1) [D:/RTL_Design/FIFO/FIFO.srcs/sources_1/new/async_fifo_posedge.v:3]
---------------------------------------------------------------------------------
Finished RTL Elaboration : Time (s): cpu = 00:00:02 ; elapsed = 00:00:02 . Memory (MB): peak = 486.020 ; gain = 153.539
---------------------------------------------------------------------------------

Report Check Netlist: 
+------+------------------+-------+---------+-------+------------------+
|      |Item              |Errors |Warnings |Status |Description       |
+------+------------------+-------+---------+-------+------------------+
|1     |multi_driven_nets |      0|        0|Passed |Multi driven nets |
+------+------------------+-------+---------+-------+------------------+
---------------------------------------------------------------------------------
Start Handling Custom Attributes
---------------------------------------------------------------------------------
---------------------------------------------------------------------------------
Finished Handling Custom Attributes : Time (s): cpu = 00:00:02 ; elapsed = 00:00:03 . Memory (MB): peak = 486.020 ; gain = 153.539
---------------------------------------------------------------------------------
---------------------------------------------------------------------------------
Finished RTL Optimization Phase 1 : Time (s): cpu = 00:00:02 ; elapsed = 00:00:03 . Memory (MB): peak = 486.020 ; gain = 153.539
---------------------------------------------------------------------------------
INFO: [Device 21-403] Loading part xc7a35tcpg236-1
INFO: [Project 1-570] Preparing netlist for logic optimization

Processing XDC Constraints
Initializing timing engine
Parsing XDC File [D:/RTL_Design/FIFO/FIFO.srcs/constrs_1/new/sync_fifo_posedge_const.xdc]
WARNING: [Vivado 12-584] No ports matched 'clk'. [D:/RTL_Design/FIFO/FIFO.srcs/constrs_1/new/sync_fifo_posedge_const.xdc:6]
CRITICAL WARNING: [Vivado 12-4739] create_clock:No valid object(s) found for '-objects [get_ports clk]'. [D:/RTL_Design/FIFO/FIFO.srcs/constrs_1/new/sync_fifo_posedge_const.xdc:6]
Resolution: Check if the specified object(s) exists in the current design. If it does, ensure that the correct design hierarchy was specified for the object. If you are working with clocks, make sure create_clock was used to create the clock object before it is referenced.
WARNING: [Vivado 12-584] No ports matched 'rst'. [D:/RTL_Design/FIFO/FIFO.srcs/constrs_1/new/sync_fifo_posedge_const.xdc:22]
WARNING: [Vivado 12-584] No ports matched 'data_in[*]'. [D:/RTL_Design/FIFO/FIFO.srcs/constrs_1/new/sync_fifo_posedge_const.xdc:22]
WARNING: [Vivado 12-646] clock 'clk' not found. [D:/RTL_Design/FIFO/FIFO.srcs/constrs_1/new/sync_fifo_posedge_const.xdc:22]
CRITICAL WARNING: [Vivado 12-4739] set_input_delay:No valid object(s) found for '-clock clk'. [D:/RTL_Design/FIFO/FIFO.srcs/constrs_1/new/sync_fifo_posedge_const.xdc:22]
Resolution: Check if the specified object(s) exists in the current design. If it does, ensure that the correct design hierarchy was specified for the object. If you are working with clocks, make sure create_clock was used to create the clock object before it is referenced.
WARNING: [Vivado 12-584] No ports matched 'rst'. [D:/RTL_Design/FIFO/FIFO.srcs/constrs_1/new/sync_fifo_posedge_const.xdc:25]
WARNING: [Vivado 12-584] No ports matched 'data_in[*]'. [D:/RTL_Design/FIFO/FIFO.srcs/constrs_1/new/sync_fifo_posedge_const.xdc:25]
WARNING: [Vivado 12-646] clock 'clk' not found. [D:/RTL_Design/FIFO/FIFO.srcs/constrs_1/new/sync_fifo_posedge_const.xdc:25]
CRITICAL WARNING: [Vivado 12-4739] set_input_delay:No valid object(s) found for '-clock clk'. [D:/RTL_Design/FIFO/FIFO.srcs/constrs_1/new/sync_fifo_posedge_const.xdc:25]
Resolution: Check if the specified object(s) exists in the current design. If it does, ensure that the correct design hierarchy was specified for the object. If you are working with clocks, make sure create_clock was used to create the clock object before it is referenced.
WARNING: [Vivado 12-584] No ports matched 'data_out[*]'. [D:/RTL_Design/FIFO/FIFO.srcs/constrs_1/new/sync_fifo_posedge_const.xdc:32]
WARNING: [Vivado 12-646] clock 'clk' not found. [D:/RTL_Design/FIFO/FIFO.srcs/constrs_1/new/sync_fifo_posedge_const.xdc:32]
CRITICAL WARNING: [Vivado 12-4739] set_output_delay:No valid object(s) found for '-clock clk'. [D:/RTL_Design/FIFO/FIFO.srcs/constrs_1/new/sync_fifo_posedge_const.xdc:32]
Resolution: Check if the specified object(s) exists in the current design. If it does, ensure that the correct design hierarchy was specified for the object. If you are working with clocks, make sure create_clock was used to create the clock object before it is referenced.
WARNING: [Vivado 12-584] No ports matched 'data_out[*]'. [D:/RTL_Design/FIFO/FIFO.srcs/constrs_1/new/sync_fifo_posedge_const.xdc:35]
WARNING: [Vivado 12-646] clock 'clk' not found. [D:/RTL_Design/FIFO/FIFO.srcs/constrs_1/new/sync_fifo_posedge_const.xdc:35]
CRITICAL WARNING: [Vivado 12-4739] set_output_delay:No valid object(s) found for '-clock clk'. [D:/RTL_Design/FIFO/FIFO.srcs/constrs_1/new/sync_fifo_posedge_const.xdc:35]
Resolution: Check if the specified object(s) exists in the current design. If it does, ensure that the correct design hierarchy was specified for the object. If you are working with clocks, make sure create_clock was used to create the clock object before it is referenced.
WARNING: [Vivado 12-584] No ports matched 'rst'. [D:/RTL_Design/FIFO/FIFO.srcs/constrs_1/new/sync_fifo_posedge_const.xdc:42]
CRITICAL WARNING: [Vivado 12-4739] set_false_path:No valid object(s) found for '-from [get_ports rst]'. [D:/RTL_Design/FIFO/FIFO.srcs/constrs_1/new/sync_fifo_posedge_const.xdc:42]
Resolution: Check if the specified object(s) exists in the current design. If it does, ensure that the correct design hierarchy was specified for the object. If you are working with clocks, make sure create_clock was used to create the clock object before it is referenced.
WARNING: [Vivado 12-584] No ports matched 'rst'. [D:/RTL_Design/FIFO/FIFO.srcs/constrs_1/new/sync_fifo_posedge_const.xdc:43]
CRITICAL WARNING: [Vivado 12-4739] set_false_path:No valid object(s) found for '-to [get_ports rst]'. [D:/RTL_Design/FIFO/FIFO.srcs/constrs_1/new/sync_fifo_posedge_const.xdc:43]
Resolution: Check if the specified object(s) exists in the current design. If it does, ensure that the correct design hierarchy was specified for the object. If you are working with clocks, make sure create_clock was used to create the clock object before it is referenced.
CRITICAL WARNING: [Designutils 20-1307] Command 'set_fix_hold' is not supported in the xdc constraint file. [D:/RTL_Design/FIFO/FIFO.srcs/constrs_1/new/sync_fifo_posedge_const.xdc:49]
Finished Parsing XDC File [D:/RTL_Design/FIFO/FIFO.srcs/constrs_1/new/sync_fifo_posedge_const.xdc]
INFO: [Project 1-236] Implementation specific constraints were found while reading constraint file [D:/RTL_Design/FIFO/FIFO.srcs/constrs_1/new/sync_fifo_posedge_const.xdc]. These constraints will be ignored for synthesis but will be used in implementation. Impacted constraints are listed in the file [.Xil/async_fifo_posedge_propImpl.xdc].
Resolution: To avoid this warning, move constraints listed in [.Xil/async_fifo_posedge_propImpl.xdc] to another XDC file and exclude this new file from synthesis with the used_in_synthesis property (File Properties dialog in GUI) and re-run elaboration/synthesis.
Parsing XDC File [D:/RTL_Design/FIFO/FIFO.srcs/constrs_1/new/sync_fifo_negedge_const.xdc]
WARNING: [Vivado 12-584] No ports matched 'clk'. [D:/RTL_Design/FIFO/FIFO.srcs/constrs_1/new/sync_fifo_negedge_const.xdc:6]
CRITICAL WARNING: [Vivado 12-4739] create_clock:No valid object(s) found for '-objects [get_ports clk]'. [D:/RTL_Design/FIFO/FIFO.srcs/constrs_1/new/sync_fifo_negedge_const.xdc:6]
Resolution: Check if the specified object(s) exists in the current design. If it does, ensure that the correct design hierarchy was specified for the object. If you are working with clocks, make sure create_clock was used to create the clock object before it is referenced.
WARNING: [Vivado 12-584] No ports matched 'rst'. [D:/RTL_Design/FIFO/FIFO.srcs/constrs_1/new/sync_fifo_negedge_const.xdc:22]
WARNING: [Vivado 12-584] No ports matched 'data_in[*]'. [D:/RTL_Design/FIFO/FIFO.srcs/constrs_1/new/sync_fifo_negedge_const.xdc:22]
WARNING: [Vivado 12-646] clock 'clk' not found. [D:/RTL_Design/FIFO/FIFO.srcs/constrs_1/new/sync_fifo_negedge_const.xdc:22]
CRITICAL WARNING: [Vivado 12-4739] set_input_delay:No valid object(s) found for '-clock clk'. [D:/RTL_Design/FIFO/FIFO.srcs/constrs_1/new/sync_fifo_negedge_const.xdc:22]
Resolution: Check if the specified object(s) exists in the current design. If it does, ensure that the correct design hierarchy was specified for the object. If you are working with clocks, make sure create_clock was used to create the clock object before it is referenced.
WARNING: [Vivado 12-584] No ports matched 'rst'. [D:/RTL_Design/FIFO/FIFO.srcs/constrs_1/new/sync_fifo_negedge_const.xdc:25]
WARNING: [Vivado 12-584] No ports matched 'data_in[*]'. [D:/RTL_Design/FIFO/FIFO.srcs/constrs_1/new/sync_fifo_negedge_const.xdc:25]
WARNING: [Vivado 12-646] clock 'clk' not found. [D:/RTL_Design/FIFO/FIFO.srcs/constrs_1/new/sync_fifo_negedge_const.xdc:25]
CRITICAL WARNING: [Vivado 12-4739] set_input_delay:No valid object(s) found for '-clock clk'. [D:/RTL_Design/FIFO/FIFO.srcs/constrs_1/new/sync_fifo_negedge_const.xdc:25]
Resolution: Check if the specified object(s) exists in the current design. If it does, ensure that the correct design hierarchy was specified for the object. If you are working with clocks, make sure create_clock was used to create the clock object before it is referenced.
WARNING: [Vivado 12-584] No ports matched 'data_out[*]'. [D:/RTL_Design/FIFO/FIFO.srcs/constrs_1/new/sync_fifo_negedge_const.xdc:32]
WARNING: [Vivado 12-646] clock 'clk' not found. [D:/RTL_Design/FIFO/FIFO.srcs/constrs_1/new/sync_fifo_negedge_const.xdc:32]
CRITICAL WARNING: [Vivado 12-4739] set_output_delay:No valid object(s) found for '-clock clk'. [D:/RTL_Design/FIFO/FIFO.srcs/constrs_1/new/sync_fifo_negedge_const.xdc:32]
Resolution: Check if the specified object(s) exists in the current design. If it does, ensure that the correct design hierarchy was specified for the object. If you are working with clocks, make sure create_clock was used to create the clock object before it is referenced.
WARNING: [Vivado 12-584] No ports matched 'data_out[*]'. [D:/RTL_Design/FIFO/FIFO.srcs/constrs_1/new/sync_fifo_negedge_const.xdc:35]
WARNING: [Vivado 12-646] clock 'clk' not found. [D:/RTL_Design/FIFO/FIFO.srcs/constrs_1/new/sync_fifo_negedge_const.xdc:35]
CRITICAL WARNING: [Vivado 12-4739] set_output_delay:No valid object(s) found for '-clock clk'. [D:/RTL_Design/FIFO/FIFO.srcs/constrs_1/new/sync_fifo_negedge_const.xdc:35]
Resolution: Check if the specified object(s) exists in the current design. If it does, ensure that the correct design hierarchy was specified for the object. If you are working with clocks, make sure create_clock was used to create the clock object before it is referenced.
WARNING: [Vivado 12-584] No ports matched 'rst'. [D:/RTL_Design/FIFO/FIFO.srcs/constrs_1/new/sync_fifo_negedge_const.xdc:42]
CRITICAL WARNING: [Vivado 12-4739] set_false_path:No valid object(s) found for '-from [get_ports rst]'. [D:/RTL_Design/FIFO/FIFO.srcs/constrs_1/new/sync_fifo_negedge_const.xdc:42]
Resolution: Check if the specified object(s) exists in the current design. If it does, ensure that the correct design hierarchy was specified for the object. If you are working with clocks, make sure create_clock was used to create the clock object before it is referenced.
WARNING: [Vivado 12-584] No ports matched 'rst'. [D:/RTL_Design/FIFO/FIFO.srcs/constrs_1/new/sync_fifo_negedge_const.xdc:43]
CRITICAL WARNING: [Vivado 12-4739] set_false_path:No valid object(s) found for '-to [get_ports rst]'. [D:/RTL_Design/FIFO/FIFO.srcs/constrs_1/new/sync_fifo_negedge_const.xdc:43]
Resolution: Check if the specified object(s) exists in the current design. If it does, ensure that the correct design hierarchy was specified for the object. If you are working with clocks, make sure create_clock was used to create the clock object before it is referenced.
CRITICAL WARNING: [Designutils 20-1307] Command 'set_fix_hold' is not supported in the xdc constraint file. [D:/RTL_Design/FIFO/FIFO.srcs/constrs_1/new/sync_fifo_negedge_const.xdc:49]
Finished Parsing XDC File [D:/RTL_Design/FIFO/FIFO.srcs/constrs_1/new/sync_fifo_negedge_const.xdc]
INFO: [Project 1-236] Implementation specific constraints were found while reading constraint file [D:/RTL_Design/FIFO/FIFO.srcs/constrs_1/new/sync_fifo_negedge_const.xdc]. These constraints will be ignored for synthesis but will be used in implementation. Impacted constraints are listed in the file [.Xil/async_fifo_posedge_propImpl.xdc].
Resolution: To avoid this warning, move constraints listed in [.Xil/async_fifo_posedge_propImpl.xdc] to another XDC file and exclude this new file from synthesis with the used_in_synthesis property (File Properties dialog in GUI) and re-run elaboration/synthesis.
Parsing XDC File [D:/RTL_Design/FIFO/FIFO.srcs/constrs_1/new/async_fifo_posedge_const.xdc]
WARNING: [Constraints 18-401] set_false_path: 'wrst_n' is not a valid endpoint. [D:/RTL_Design/FIFO/FIFO.srcs/constrs_1/new/async_fifo_posedge_const.xdc:46]
Resolution: A valid end point is a data pin of a sequential cell or a primary output or inout port. Please validate that all the objects returned by your query belong to this list.
CRITICAL WARNING: [Constraints 18-512] set_false_path: list of objects specified for '-to' option contains no valid endpoints. Please check to make sure at least one valid endpoint is specified. [D:/RTL_Design/FIFO/FIFO.srcs/constrs_1/new/async_fifo_posedge_const.xdc:46]
WARNING: [Constraints 18-401] set_false_path: 'rrst_n' is not a valid endpoint. [D:/RTL_Design/FIFO/FIFO.srcs/constrs_1/new/async_fifo_posedge_const.xdc:47]
Resolution: A valid end point is a data pin of a sequential cell or a primary output or inout port. Please validate that all the objects returned by your query belong to this list.
CRITICAL WARNING: [Constraints 18-512] set_false_path: list of objects specified for '-to' option contains no valid endpoints. Please check to make sure at least one valid endpoint is specified. [D:/RTL_Design/FIFO/FIFO.srcs/constrs_1/new/async_fifo_posedge_const.xdc:47]
Finished Parsing XDC File [D:/RTL_Design/FIFO/FIFO.srcs/constrs_1/new/async_fifo_posedge_const.xdc]
INFO: [Project 1-236] Implementation specific constraints were found while reading constraint file [D:/RTL_Design/FIFO/FIFO.srcs/constrs_1/new/async_fifo_posedge_const.xdc]. These constraints will be ignored for synthesis but will be used in implementation. Impacted constraints are listed in the file [.Xil/async_fifo_posedge_propImpl.xdc].
Resolution: To avoid this warning, move constraints listed in [.Xil/async_fifo_posedge_propImpl.xdc] to another XDC file and exclude this new file from synthesis with the used_in_synthesis property (File Properties dialog in GUI) and re-run elaboration/synthesis.
Parsing XDC File [D:/RTL_Design/FIFO/FIFO.srcs/constrs_1/new/async_fifo_negedge_const.xdc]
WARNING: [Constraints 18-619] A clock with name 'wclk' already exists, overwriting the previous clock with the same name. [D:/RTL_Design/FIFO/FIFO.srcs/constrs_1/new/async_fifo_negedge_const.xdc:8]
WARNING: [Constraints 18-619] A clock with name 'rclk' already exists, overwriting the previous clock with the same name. [D:/RTL_Design/FIFO/FIFO.srcs/constrs_1/new/async_fifo_negedge_const.xdc:11]
WARNING: [Constraints 18-401] set_false_path: 'wrst_n' is not a valid endpoint. [D:/RTL_Design/FIFO/FIFO.srcs/constrs_1/new/async_fifo_negedge_const.xdc:44]
Resolution: A valid end point is a data pin of a sequential cell or a primary output or inout port. Please validate that all the objects returned by your query belong to this list.
CRITICAL WARNING: [Constraints 18-512] set_false_path: list of objects specified for '-to' option contains no valid endpoints. Please check to make sure at least one valid endpoint is specified. [D:/RTL_Design/FIFO/FIFO.srcs/constrs_1/new/async_fifo_negedge_const.xdc:44]
WARNING: [Constraints 18-401] set_false_path: 'rrst_n' is not a valid endpoint. [D:/RTL_Design/FIFO/FIFO.srcs/constrs_1/new/async_fifo_negedge_const.xdc:45]
Resolution: A valid end point is a data pin of a sequential cell or a primary output or inout port. Please validate that all the objects returned by your query belong to this list.
CRITICAL WARNING: [Constraints 18-512] set_false_path: list of objects specified for '-to' option contains no valid endpoints. Please check to make sure at least one valid endpoint is specified. [D:/RTL_Design/FIFO/FIFO.srcs/constrs_1/new/async_fifo_negedge_const.xdc:45]
Finished Parsing XDC File [D:/RTL_Design/FIFO/FIFO.srcs/constrs_1/new/async_fifo_negedge_const.xdc]
INFO: [Project 1-236] Implementation specific constraints were found while reading constraint file [D:/RTL_Design/FIFO/FIFO.srcs/constrs_1/new/async_fifo_negedge_const.xdc]. These constraints will be ignored for synthesis but will be used in implementation. Impacted constraints are listed in the file [.Xil/async_fifo_posedge_propImpl.xdc].
Resolution: To avoid this warning, move constraints listed in [.Xil/async_fifo_posedge_propImpl.xdc] to another XDC file and exclude this new file from synthesis with the used_in_synthesis property (File Properties dialog in GUI) and re-run elaboration/synthesis.
Netlist sorting complete. Time (s): cpu = 00:00:00 ; elapsed = 00:00:00 . Memory (MB): peak = 820.047 ; gain = 0.000
Completed Processing XDC Constraints

Netlist sorting complete. Time (s): cpu = 00:00:00 ; elapsed = 00:00:00 . Memory (MB): peak = 820.066 ; gain = 0.000
INFO: [Project 1-111] Unisim Transformation Summary:
No Unisim elements were transformed.

Netlist sorting complete. Time (s): cpu = 00:00:00 ; elapsed = 00:00:00 . Memory (MB): peak = 820.066 ; gain = 0.000
Constraint Validation Runtime : Time (s): cpu = 00:00:00 ; elapsed = 00:00:00.002 . Memory (MB): peak = 820.066 ; gain = 0.000
---------------------------------------------------------------------------------
Finished Constraint Validation : Time (s): cpu = 00:00:08 ; elapsed = 00:00:09 . Memory (MB): peak = 820.066 ; gain = 487.586
---------------------------------------------------------------------------------
---------------------------------------------------------------------------------
Start Loading Part and Timing Information
---------------------------------------------------------------------------------
Loading part: xc7a35tcpg236-1
---------------------------------------------------------------------------------
Finished Loading Part and Timing Information : Time (s): cpu = 00:00:08 ; elapsed = 00:00:09 . Memory (MB): peak = 820.066 ; gain = 487.586
---------------------------------------------------------------------------------
---------------------------------------------------------------------------------
Start Applying 'set_property' XDC Constraints
---------------------------------------------------------------------------------
---------------------------------------------------------------------------------
Finished applying 'set_property' XDC Constraints : Time (s): cpu = 00:00:08 ; elapsed = 00:00:09 . Memory (MB): peak = 820.066 ; gain = 487.586
---------------------------------------------------------------------------------
---------------------------------------------------------------------------------
Finished RTL Optimization Phase 2 : Time (s): cpu = 00:00:08 ; elapsed = 00:00:10 . Memory (MB): peak = 820.066 ; gain = 487.586
---------------------------------------------------------------------------------

Report RTL Partitions: 
+-+--------------+------------+----------+
| |RTL Partition |Replication |Instances |
+-+--------------+------------+----------+
+-+--------------+------------+----------+
---------------------------------------------------------------------------------
Start RTL Component Statistics 
---------------------------------------------------------------------------------
Detailed RTL Component Info : 
+---Adders : 
	   2 Input      4 Bit       Adders := 2     
+---Registers : 
	                8 Bit    Registers := 9     
	                4 Bit    Registers := 4     
+---Muxes : 
	   2 Input      1 Bit        Muxes := 8     
---------------------------------------------------------------------------------
Finished RTL Component Statistics 
---------------------------------------------------------------------------------
---------------------------------------------------------------------------------
Start RTL Hierarchical Component Statistics 
---------------------------------------------------------------------------------
Hierarchical RTL Component report 
Module async_fifo_posedge 
Detailed RTL Component Info : 
+---Adders : 
	   2 Input      4 Bit       Adders := 2     
+---Registers : 
	                8 Bit    Registers := 9     
	                4 Bit    Registers := 4     
+---Muxes : 
	   2 Input      1 Bit        Muxes := 8     
---------------------------------------------------------------------------------
Finished RTL Hierarchical Component Statistics
---------------------------------------------------------------------------------
---------------------------------------------------------------------------------
Start Part Resource Summary
---------------------------------------------------------------------------------
Part Resources:
DSPs: 90 (col length:60)
BRAMs: 100 (col length: RAMB18 60 RAMB36 30)
---------------------------------------------------------------------------------
Finished Part Resource Summary
---------------------------------------------------------------------------------
---------------------------------------------------------------------------------
Start Cross Boundary and Area Optimization
---------------------------------------------------------------------------------
Warning: Parallel synthesis criteria is not met 
INFO: [Synth 8-5544] ROM "p_0_out" won't be mapped to Block RAM because address size (3) smaller than threshold (5)
INFO: [Synth 8-5544] ROM "p_0_out" won't be mapped to Block RAM because address size (3) smaller than threshold (5)
INFO: [Synth 8-5544] ROM "p_0_out" won't be mapped to Block RAM because address size (3) smaller than threshold (5)
INFO: [Synth 8-5544] ROM "p_0_out" won't be mapped to Block RAM because address size (3) smaller than threshold (5)
INFO: [Synth 8-5544] ROM "p_0_out" won't be mapped to Block RAM because address size (3) smaller than threshold (5)
INFO: [Synth 8-5544] ROM "p_0_out" won't be mapped to Block RAM because address size (3) smaller than threshold (5)
INFO: [Synth 8-5544] ROM "p_0_out" won't be mapped to Block RAM because address size (3) smaller than threshold (5)
INFO: [Synth 8-5544] ROM "p_0_out" won't be mapped to Block RAM because address size (3) smaller than threshold (5)
---------------------------------------------------------------------------------
Finished Cross Boundary and Area Optimization : Time (s): cpu = 00:00:08 ; elapsed = 00:00:10 . Memory (MB): peak = 820.066 ; gain = 487.586
---------------------------------------------------------------------------------

Report RTL Partitions: 
+-+--------------+------------+----------+
| |RTL Partition |Replication |Instances |
+-+--------------+------------+----------+
+-+--------------+------------+----------+
---------------------------------------------------------------------------------
Start Applying XDC Timing Constraints
---------------------------------------------------------------------------------
WARNING: [Synth 8-565] redefining clock 'wclk'
WARNING: [Synth 8-565] redefining clock 'rclk'
---------------------------------------------------------------------------------
Finished Applying XDC Timing Constraints : Time (s): cpu = 00:00:15 ; elapsed = 00:00:17 . Memory (MB): peak = 820.066 ; gain = 487.586
---------------------------------------------------------------------------------
---------------------------------------------------------------------------------
Start Timing Optimization
---------------------------------------------------------------------------------
---------------------------------------------------------------------------------
Finished Timing Optimization : Time (s): cpu = 00:00:15 ; elapsed = 00:00:17 . Memory (MB): peak = 832.293 ; gain = 499.812
---------------------------------------------------------------------------------

Report RTL Partitions: 
+-+--------------+------------+----------+
| |RTL Partition |Replication |Instances |
+-+--------------+------------+----------+
+-+--------------+------------+----------+
---------------------------------------------------------------------------------
Start Technology Mapping
---------------------------------------------------------------------------------
---------------------------------------------------------------------------------
Finished Technology Mapping : Time (s): cpu = 00:00:15 ; elapsed = 00:00:17 . Memory (MB): peak = 833.078 ; gain = 500.598
---------------------------------------------------------------------------------

Report RTL Partitions: 
+-+--------------+------------+----------+
| |RTL Partition |Replication |Instances |
+-+--------------+------------+----------+
+-+--------------+------------+----------+
---------------------------------------------------------------------------------
Start IO Insertion
---------------------------------------------------------------------------------
---------------------------------------------------------------------------------
Start Flattening Before IO Insertion
---------------------------------------------------------------------------------
---------------------------------------------------------------------------------
Finished Flattening Before IO Insertion
---------------------------------------------------------------------------------
---------------------------------------------------------------------------------
Start Final Netlist Cleanup
---------------------------------------------------------------------------------
---------------------------------------------------------------------------------
Finished Final Netlist Cleanup
---------------------------------------------------------------------------------
---------------------------------------------------------------------------------
Finished IO Insertion : Time (s): cpu = 00:00:16 ; elapsed = 00:00:18 . Memory (MB): peak = 833.078 ; gain = 500.598
---------------------------------------------------------------------------------

Report Check Netlist: 
+------+------------------+-------+---------+-------+------------------+
|      |Item              |Errors |Warnings |Status |Description       |
+------+------------------+-------+---------+-------+------------------+
|1     |multi_driven_nets |      0|        0|Passed |Multi driven nets |
+------+------------------+-------+---------+-------+------------------+
---------------------------------------------------------------------------------
Start Renaming Generated Instances
---------------------------------------------------------------------------------
---------------------------------------------------------------------------------
Finished Renaming Generated Instances : Time (s): cpu = 00:00:16 ; elapsed = 00:00:18 . Memory (MB): peak = 833.078 ; gain = 500.598
---------------------------------------------------------------------------------

Report RTL Partitions: 
+-+--------------+------------+----------+
| |RTL Partition |Replication |Instances |
+-+--------------+------------+----------+
+-+--------------+------------+----------+
---------------------------------------------------------------------------------
Start Rebuilding User Hierarchy
---------------------------------------------------------------------------------
---------------------------------------------------------------------------------
Finished Rebuilding User Hierarchy : Time (s): cpu = 00:00:16 ; elapsed = 00:00:18 . Memory (MB): peak = 833.078 ; gain = 500.598
---------------------------------------------------------------------------------
---------------------------------------------------------------------------------
Start Renaming Generated Ports
---------------------------------------------------------------------------------
---------------------------------------------------------------------------------
Finished Renaming Generated Ports : Time (s): cpu = 00:00:16 ; elapsed = 00:00:18 . Memory (MB): peak = 833.078 ; gain = 500.598
---------------------------------------------------------------------------------
---------------------------------------------------------------------------------
Start Handling Custom Attributes
---------------------------------------------------------------------------------
---------------------------------------------------------------------------------
Finished Handling Custom Attributes : Time (s): cpu = 00:00:16 ; elapsed = 00:00:18 . Memory (MB): peak = 833.078 ; gain = 500.598
---------------------------------------------------------------------------------
---------------------------------------------------------------------------------
Start Renaming Generated Nets
---------------------------------------------------------------------------------
---------------------------------------------------------------------------------
Finished Renaming Generated Nets : Time (s): cpu = 00:00:16 ; elapsed = 00:00:18 . Memory (MB): peak = 833.078 ; gain = 500.598
---------------------------------------------------------------------------------
---------------------------------------------------------------------------------
Start Writing Synthesis Report
---------------------------------------------------------------------------------

Report BlackBoxes: 
+-+--------------+----------+
| |BlackBox name |Instances |
+-+--------------+----------+
+-+--------------+----------+

Report Cell Usage: 
+------+------+------+
|      |Cell  |Count |
+------+------+------+
|1     |BUFG  |     2|
|2     |LUT1  |     4|
|3     |LUT2  |     2|
|4     |LUT3  |     5|
|5     |LUT4  |     4|
|6     |LUT5  |     1|
|7     |LUT6  |    26|
|8     |MUXF7 |     8|
|9     |FDCE  |    24|
|10    |FDRE  |    64|
|11    |IBUF  |    14|
|12    |OBUF  |    10|
+------+------+------+

Report Instance Areas: 
+------+---------+-------+------+
|      |Instance |Module |Cells |
+------+---------+-------+------+
|1     |top      |       |   164|
+------+---------+-------+------+
---------------------------------------------------------------------------------
Finished Writing Synthesis Report : Time (s): cpu = 00:00:16 ; elapsed = 00:00:18 . Memory (MB): peak = 833.078 ; gain = 500.598
---------------------------------------------------------------------------------
Synthesis finished with 0 errors, 0 critical warnings and 2 warnings.
Synthesis Optimization Runtime : Time (s): cpu = 00:00:10 ; elapsed = 00:00:13 . Memory (MB): peak = 833.078 ; gain = 166.551
Synthesis Optimization Complete : Time (s): cpu = 00:00:16 ; elapsed = 00:00:18 . Memory (MB): peak = 833.078 ; gain = 500.598
INFO: [Project 1-571] Translating synthesized netlist
INFO: [Netlist 29-17] Analyzing 8 Unisim elements for replacement
INFO: [Netlist 29-28] Unisim Transformation completed in 0 CPU seconds
INFO: [Project 1-570] Preparing netlist for logic optimization
INFO: [Opt 31-138] Pushed 0 inverter(s) to 0 load pin(s).
Netlist sorting complete. Time (s): cpu = 00:00:00 ; elapsed = 00:00:00 . Memory (MB): peak = 833.078 ; gain = 0.000
INFO: [Project 1-111] Unisim Transformation Summary:
No Unisim elements were transformed.

INFO: [Common 17-83] Releasing license: Synthesis
25 Infos, 36 Warnings, 20 Critical Warnings and 0 Errors encountered.
synth_design completed successfully
synth_design: Time (s): cpu = 00:00:18 ; elapsed = 00:00:20 . Memory (MB): peak = 833.078 ; gain = 513.641
Netlist sorting complete. Time (s): cpu = 00:00:00 ; elapsed = 00:00:00 . Memory (MB): peak = 833.078 ; gain = 0.000
WARNING: [Constraints 18-5210] No constraints selected for write.
Resolution: This message can indicate that there are no constraints for the design, or it can indicate that the used_in flags are set such that the constraints are ignored. This later case is used when running synth_design to not write synthesis constraints to the resulting checkpoint. Instead, project constraints are read when the synthesized design is opened.
INFO: [Common 17-1381] The checkpoint 'D:/RTL_Design/FIFO/FIFO.runs/synth_1/async_fifo_posedge.dcp' has been generated.
INFO: [runtcl-4] Executing : report_utilization -file async_fifo_posedge_utilization_synth.rpt -pb async_fifo_posedge_utilization_synth.pb
INFO: [Common 17-206] Exiting Vivado at Sun May 10 20:43:18 2026...
