Copyright 1986-2018 Xilinx, Inc. All Rights Reserved.
--------------------------------------------------------------------------------------------------------------------------------------------------------------------------------------------
| Tool Version : Vivado v.2018.3 (win64) Build 2405991 Thu Dec  6 23:38:27 MST 2018
| Date         : Sun May 10 20:44:53 2026
| Host         : SHUBHAM running 64-bit major release  (build 9200)
| Command      : report_methodology -file async_fifo_posedge_methodology_drc_routed.rpt -pb async_fifo_posedge_methodology_drc_routed.pb -rpx async_fifo_posedge_methodology_drc_routed.rpx
| Design       : async_fifo_posedge
| Device       : xc7a35tcpg236-1
| Speed File   : -1
| Design State : Fully Routed
--------------------------------------------------------------------------------------------------------------------------------------------------------------------------------------------

Report Methodology

Table of Contents
-----------------
1. REPORT SUMMARY
2. REPORT DETAILS

1. REPORT SUMMARY
-----------------
            Netlist: netlist
          Floorplan: design_1
      Design limits: <entire design considered>
             Max violations: <unlimited>
             Violations found: 5
+----------+----------+------------------------------------------------------+------------+
| Rule     | Severity | Description                                          | Violations |
+----------+----------+------------------------------------------------------+------------+
| TIMING-9 | Warning  | Unknown CDC Logic                                    | 1          |
| XDCC-4   | Warning  | User Clock constraint overwritten with the same name | 2          |
| XDCC-8   | Warning  | User Clock constraint overwritten on the same source | 2          |
+----------+----------+------------------------------------------------------+------------+

2. REPORT DETAILS
-----------------
TIMING-9#1 Warning
Unknown CDC Logic  
One or more asynchronous Clock Domain Crossing has been detected between 2 clock domains through a set_false_path or a set_clock_groups or set_max_delay -datapath_only constraint but no double-registers logic synchronizer has been found on the side of the capture clock. It is recommended to run report_cdc for a complete and detailed CDC coverage. Please consider using XPM_CDC to avoid Critical severities
Related violations: <none>

XDCC-4#1 Warning
User Clock constraint overwritten with the same name  
A new clock constraint create_clock overrides a previous user clock constraint with the same name.
New: create_clock -period 30.000 -name wclk -waveform {0.000 15.000} [get_ports wclk] (Source: D:/RTL_Design/FIFO/FIFO.srcs/constrs_1/new/async_fifo_negedge_const.xdc (Line: 8))
Previous: create_clock -period 15.000 -name wclk -waveform {0.000 7.500} [get_ports wclk] (Source: D:/RTL_Design/FIFO/FIFO.srcs/constrs_1/new/async_fifo_posedge_const.xdc (Line: 8))
Related violations: <none>

XDCC-4#2 Warning
User Clock constraint overwritten with the same name  
A new clock constraint create_clock overrides a previous user clock constraint with the same name.
New: create_clock -period 40.000 -name rclk -waveform {0.000 20.000} [get_ports rclk] (Source: D:/RTL_Design/FIFO/FIFO.srcs/constrs_1/new/async_fifo_negedge_const.xdc (Line: 11))
Previous: create_clock -period 20.000 -name rclk -waveform {0.000 10.000} [get_ports rclk] (Source: D:/RTL_Design/FIFO/FIFO.srcs/constrs_1/new/async_fifo_posedge_const.xdc (Line: 11))
Related violations: <none>

XDCC-8#1 Warning
User Clock constraint overwritten on the same source  
A new clock constraint create_clock overrides a previous user clock constraint defined on the same source.
New: create_clock -period 30.000 -name wclk -waveform {0.000 15.000} [get_ports wclk] (Source: D:/RTL_Design/FIFO/FIFO.srcs/constrs_1/new/async_fifo_negedge_const.xdc (Line: 8))
Previous: create_clock -period 15.000 -name wclk -waveform {0.000 7.500} [get_ports wclk] (Source: D:/RTL_Design/FIFO/FIFO.srcs/constrs_1/new/async_fifo_posedge_const.xdc (Line: 8))
Related violations: <none>

XDCC-8#2 Warning
User Clock constraint overwritten on the same source  
A new clock constraint create_clock overrides a previous user clock constraint defined on the same source.
New: create_clock -period 40.000 -name rclk -waveform {0.000 20.000} [get_ports rclk] (Source: D:/RTL_Design/FIFO/FIFO.srcs/constrs_1/new/async_fifo_negedge_const.xdc (Line: 11))
Previous: create_clock -period 20.000 -name rclk -waveform {0.000 10.000} [get_ports rclk] (Source: D:/RTL_Design/FIFO/FIFO.srcs/constrs_1/new/async_fifo_posedge_const.xdc (Line: 11))
Related violations: <none>


