Copyright 1986-2018 Xilinx, Inc. All Rights Reserved.
-----------------------------------------------------------------------------------------------
| Tool Version : Vivado v.2018.3 (win64) Build 2405991 Thu Dec  6 23:38:27 MST 2018
| Date         : Sun May 10 20:44:16 2026
| Host         : SHUBHAM running 64-bit major release  (build 9200)
| Command      : report_control_sets -verbose -file async_fifo_posedge_control_sets_placed.rpt
| Design       : async_fifo_posedge
| Device       : xc7a35t
-----------------------------------------------------------------------------------------------

Control Set Information

Table of Contents
-----------------
1. Summary
2. Histogram
3. Flip-Flop Distribution
4. Detailed Control Set Information

1. Summary
----------

+----------------------------------------------------------+-------+
|                          Status                          | Count |
+----------------------------------------------------------+-------+
| Number of unique control sets                            |    12 |
| Unused register locations in slices containing registers |    16 |
+----------------------------------------------------------+-------+


2. Histogram
------------

+--------+--------------+
| Fanout | Control Sets |
+--------+--------------+
|      4 |            3 |
|      8 |            8 |
|     12 |            1 |
+--------+--------------+


3. Flip-Flop Distribution
-------------------------

+--------------+-----------------------+------------------------+-----------------+--------------+
| Clock Enable | Synchronous Set/Reset | Asynchronous Set/Reset | Total Registers | Total Slices |
+--------------+-----------------------+------------------------+-----------------+--------------+
| No           | No                    | No                     |               0 |            0 |
| No           | No                    | Yes                    |               8 |            3 |
| No           | Yes                   | No                     |               0 |            0 |
| Yes          | No                    | No                     |              64 |           13 |
| Yes          | No                    | Yes                    |              16 |            8 |
| Yes          | Yes                   | No                     |               0 |            0 |
+--------------+-----------------------+------------------------+-----------------+--------------+


4. Detailed Control Set Information
-----------------------------------

+-----------------+-------------------+----------------------+------------------+----------------+
|   Clock Signal  |   Enable Signal   |   Set/Reset Signal   | Slice Load Count | Bel Load Count |
+-----------------+-------------------+----------------------+------------------+----------------+
|  rclk_IBUF_BUFG |                   | wptr_sync[3]_i_1_n_0 |                2 |              4 |
|  wclk_IBUF_BUFG |                   | rptr_sync[3]_i_1_n_0 |                1 |              4 |
|  wclk_IBUF_BUFG | wptr0             | rptr_sync[3]_i_1_n_0 |                2 |              4 |
|  wclk_IBUF_BUFG | mem[0][7]_i_1_n_0 |                      |                3 |              8 |
|  wclk_IBUF_BUFG | mem[3][7]_i_1_n_0 |                      |                2 |              8 |
|  wclk_IBUF_BUFG | mem[1][7]_i_1_n_0 |                      |                1 |              8 |
|  wclk_IBUF_BUFG | mem[2][7]_i_1_n_0 |                      |                1 |              8 |
|  wclk_IBUF_BUFG | mem[5][7]_i_1_n_0 |                      |                2 |              8 |
|  wclk_IBUF_BUFG | mem[6][7]_i_1_n_0 |                      |                1 |              8 |
|  wclk_IBUF_BUFG | mem[7][7]_i_1_n_0 |                      |                2 |              8 |
|  wclk_IBUF_BUFG | mem[4][7]_i_1_n_0 |                      |                1 |              8 |
|  rclk_IBUF_BUFG | rptr0             | wptr_sync[3]_i_1_n_0 |                6 |             12 |
+-----------------+-------------------+----------------------+------------------+----------------+


