Copyright 1986-2022 Xilinx, Inc. All Rights Reserved. Copyright 2022-2023 Advanced Micro Devices, Inc. All Rights Reserved.
--------------------------------------------------------------------------------------------------------------------------------------------------------------------------------------------
| Tool Version : Vivado v.2023.1 (win64) Build 3865809 Sun May  7 15:05:29 MDT 2023
| Date         : Fri Aug 14 17:19:42 2026
| Host         : SHUBHAM running 64-bit major release  (build 9200)
| Command      : report_methodology -file async_fifo_negedge_methodology_drc_routed.rpt -pb async_fifo_negedge_methodology_drc_routed.pb -rpx async_fifo_negedge_methodology_drc_routed.rpx
| Design       : async_fifo_negedge
| Device       : xc7a35tcpg236-1
| Speed File   : -1
| Design State : Fully Routed
--------------------------------------------------------------------------------------------------------------------------------------------------------------------------------------------

Report Methodology

Table of Contents
-----------------
1. REPORT SUMMARY
2. REPORT DETAILS

1. REPORT SUMMARY
-----------------
            Netlist: netlist
          Floorplan: checkpoint_async_fifo_negedge
      Design limits: <entire design considered>
             Max violations: <unlimited>
             Violations found: 27
+-----------+----------+------------------------------------------------------+------------+
| Rule      | Severity | Description                                          | Violations |
+-----------+----------+------------------------------------------------------+------------+
| TIMING-10 | Warning  | Missing property on synchronizer                     | 1          |
| TIMING-18 | Warning  | Missing input or output delay                        | 22         |
| XDCC-4    | Warning  | User Clock constraint overwritten with the same name | 2          |
| XDCC-8    | Warning  | User Clock constraint overwritten on the same source | 2          |
+-----------+----------+------------------------------------------------------+------------+

2. REPORT DETAILS
-----------------
TIMING-10#1 Warning
Missing property on synchronizer  
One or more logic synchronizer has been detected between 2 clock domains but the synchronizer does not have the property ASYNC_REG defined on one or both registers. It is recommended to run report_cdc for a complete and detailed CDC coverage
Related violations: <none>

TIMING-18#1 Warning
Missing input or output delay  
An input delay is missing on rd_en relative to the rising and/or falling clock edge(s) of rclk.
Related violations: <none>

TIMING-18#2 Warning
Missing input or output delay  
An input delay is missing on rrst_n relative to the rising and/or falling clock edge(s) of rclk.
Related violations: <none>

TIMING-18#3 Warning
Missing input or output delay  
An input delay is missing on wdata[0] relative to the rising and/or falling clock edge(s) of wclk.
Related violations: <none>

TIMING-18#4 Warning
Missing input or output delay  
An input delay is missing on wdata[1] relative to the rising and/or falling clock edge(s) of wclk.
Related violations: <none>

TIMING-18#5 Warning
Missing input or output delay  
An input delay is missing on wdata[2] relative to the rising and/or falling clock edge(s) of wclk.
Related violations: <none>

TIMING-18#6 Warning
Missing input or output delay  
An input delay is missing on wdata[3] relative to the rising and/or falling clock edge(s) of wclk.
Related violations: <none>

TIMING-18#7 Warning
Missing input or output delay  
An input delay is missing on wdata[4] relative to the rising and/or falling clock edge(s) of wclk.
Related violations: <none>

TIMING-18#8 Warning
Missing input or output delay  
An input delay is missing on wdata[5] relative to the rising and/or falling clock edge(s) of wclk.
Related violations: <none>

TIMING-18#9 Warning
Missing input or output delay  
An input delay is missing on wdata[6] relative to the rising and/or falling clock edge(s) of wclk.
Related violations: <none>

TIMING-18#10 Warning
Missing input or output delay  
An input delay is missing on wdata[7] relative to the rising and/or falling clock edge(s) of wclk.
Related violations: <none>

TIMING-18#11 Warning
Missing input or output delay  
An input delay is missing on wr_en relative to the rising and/or falling clock edge(s) of wclk.
Related violations: <none>

TIMING-18#12 Warning
Missing input or output delay  
An input delay is missing on wrst_n relative to the rising and/or falling clock edge(s) of wclk.
Related violations: <none>

TIMING-18#13 Warning
Missing input or output delay  
An output delay is missing on empty relative to the rising and/or falling clock edge(s) of rclk.
Related violations: <none>

TIMING-18#14 Warning
Missing input or output delay  
An output delay is missing on full relative to the rising and/or falling clock edge(s) of wclk.
Related violations: <none>

TIMING-18#15 Warning
Missing input or output delay  
An output delay is missing on rdata[0] relative to the rising and/or falling clock edge(s) of rclk.
Related violations: <none>

TIMING-18#16 Warning
Missing input or output delay  
An output delay is missing on rdata[1] relative to the rising and/or falling clock edge(s) of rclk.
Related violations: <none>

TIMING-18#17 Warning
Missing input or output delay  
An output delay is missing on rdata[2] relative to the rising and/or falling clock edge(s) of rclk.
Related violations: <none>

TIMING-18#18 Warning
Missing input or output delay  
An output delay is missing on rdata[3] relative to the rising and/or falling clock edge(s) of rclk.
Related violations: <none>

TIMING-18#19 Warning
Missing input or output delay  
An output delay is missing on rdata[4] relative to the rising and/or falling clock edge(s) of rclk.
Related violations: <none>

TIMING-18#20 Warning
Missing input or output delay  
An output delay is missing on rdata[5] relative to the rising and/or falling clock edge(s) of rclk.
Related violations: <none>

TIMING-18#21 Warning
Missing input or output delay  
An output delay is missing on rdata[6] relative to the rising and/or falling clock edge(s) of rclk.
Related violations: <none>

TIMING-18#22 Warning
Missing input or output delay  
An output delay is missing on rdata[7] relative to the rising and/or falling clock edge(s) of rclk.
Related violations: <none>

XDCC-4#1 Warning
User Clock constraint overwritten with the same name  
A new clock constraint create_clock overrides a previous user clock constraint with the same name.
New: create_clock -period 30.000 -name wclk -waveform {0.000 15.000} [get_ports wclk] (Source: D:/RTL_Design/FIFO/FIFO.srcs/constrs_1/new/async_fifo_negedge_const.xdc (Line: 8))
Previous: create_clock -period 30.000 -name wclk -waveform {0.000 15.000} [get_ports wclk] (Source: D:/RTL_Design/FIFO/FIFO.srcs/constrs_1/new/async_fifo_posedge_const.xdc (Line: 10))
Related violations: <none>

XDCC-4#2 Warning
User Clock constraint overwritten with the same name  
A new clock constraint create_clock overrides a previous user clock constraint with the same name.
New: create_clock -period 40.000 -name rclk -waveform {0.000 20.000} [get_ports rclk] (Source: D:/RTL_Design/FIFO/FIFO.srcs/constrs_1/new/async_fifo_negedge_const.xdc (Line: 11))
Previous: create_clock -period 40.000 -name rclk -waveform {0.000 20.000} [get_ports rclk] (Source: D:/RTL_Design/FIFO/FIFO.srcs/constrs_1/new/async_fifo_posedge_const.xdc (Line: 13))
Related violations: <none>

XDCC-8#1 Warning
User Clock constraint overwritten on the same source  
A new clock constraint create_clock overrides a previous user clock constraint defined on the same source.
New: create_clock -period 30.000 -name wclk -waveform {0.000 15.000} [get_ports wclk] (Source: D:/RTL_Design/FIFO/FIFO.srcs/constrs_1/new/async_fifo_negedge_const.xdc (Line: 8))
Previous: create_clock -period 30.000 -name wclk -waveform {0.000 15.000} [get_ports wclk] (Source: D:/RTL_Design/FIFO/FIFO.srcs/constrs_1/new/async_fifo_posedge_const.xdc (Line: 10))
Related violations: <none>

XDCC-8#2 Warning
User Clock constraint overwritten on the same source  
A new clock constraint create_clock overrides a previous user clock constraint defined on the same source.
New: create_clock -period 40.000 -name rclk -waveform {0.000 20.000} [get_ports rclk] (Source: D:/RTL_Design/FIFO/FIFO.srcs/constrs_1/new/async_fifo_negedge_const.xdc (Line: 11))
Previous: create_clock -period 40.000 -name rclk -waveform {0.000 20.000} [get_ports rclk] (Source: D:/RTL_Design/FIFO/FIFO.srcs/constrs_1/new/async_fifo_posedge_const.xdc (Line: 13))
Related violations: <none>


