
*** Running vivado
    with args -log sync_fifo_posedge.vdi -applog -m64 -product Vivado -messageDb vivado.pb -mode batch -source sync_fifo_posedge.tcl -notrace


ECHO is off.
ECHO is off.

****** Vivado v2023.1 (64-bit)
  **** SW Build 3865809 on Sun May  7 15:05:29 MDT 2023
  **** IP Build 3864474 on Sun May  7 20:36:21 MDT 2023
  **** SharedData Build 3865790 on Sun May 07 13:33:03 MDT 2023
    ** Copyright 1986-2022 Xilinx, Inc. All Rights Reserved.
    ** Copyright 2022-2023 Advanced Micro Devices, Inc. All Rights Reserved.

source sync_fifo_posedge.tcl -notrace
create_project: Time (s): cpu = 00:00:09 ; elapsed = 00:00:09 . Memory (MB): peak = 448.488 ; gain = 163.402
Command: link_design -top sync_fifo_posedge -part xc7a35tcpg236-1
Design is defaulting to srcset: sources_1
Design is defaulting to constrset: constrs_1
INFO: [Device 21-403] Loading part xc7a35tcpg236-1
Netlist sorting complete. Time (s): cpu = 00:00:00 ; elapsed = 00:00:00 . Memory (MB): peak = 855.402 ; gain = 0.000
INFO: [Netlist 29-17] Analyzing 8 Unisim elements for replacement
INFO: [Netlist 29-28] Unisim Transformation completed in 0 CPU seconds
INFO: [Project 1-479] Netlist was created with Vivado 2023.1
INFO: [Project 1-570] Preparing netlist for logic optimization
Parsing XDC File [D:/RTL_Design/FIFO/FIFO.srcs/constrs_1/new/sync_fifo_posedge_const.xdc]
WARNING: [Constraints 18-401] set_false_path: 'rst' is not a valid endpoint. [D:/RTL_Design/FIFO/FIFO.srcs/constrs_1/new/sync_fifo_posedge_const.xdc:43]
Resolution: A valid end point is a data pin of a sequential cell or a primary output or inout port. Please validate that all the objects returned by your query belong to this list.
CRITICAL WARNING: [Constraints 18-512] set_false_path: list of objects specified for '-to' option contains no valid endpoints. Please check to make sure at least one valid endpoint is specified. [D:/RTL_Design/FIFO/FIFO.srcs/constrs_1/new/sync_fifo_posedge_const.xdc:43]
CRITICAL WARNING: [Designutils 20-1307] Command 'set_fix_hold' is not supported in the xdc constraint file. [D:/RTL_Design/FIFO/FIFO.srcs/constrs_1/new/sync_fifo_posedge_const.xdc:49]
Finished Parsing XDC File [D:/RTL_Design/FIFO/FIFO.srcs/constrs_1/new/sync_fifo_posedge_const.xdc]
Parsing XDC File [D:/RTL_Design/FIFO/FIFO.srcs/constrs_1/new/sync_fifo_negedge_const.xdc]
WARNING: [Constraints 18-619] A clock with name 'clk' already exists, overwriting the previous clock with the same name. [D:/RTL_Design/FIFO/FIFO.srcs/constrs_1/new/sync_fifo_negedge_const.xdc:6]
WARNING: [Constraints 18-401] set_false_path: 'rst' is not a valid endpoint. [D:/RTL_Design/FIFO/FIFO.srcs/constrs_1/new/sync_fifo_negedge_const.xdc:43]
Resolution: A valid end point is a data pin of a sequential cell or a primary output or inout port. Please validate that all the objects returned by your query belong to this list.
CRITICAL WARNING: [Constraints 18-512] set_false_path: list of objects specified for '-to' option contains no valid endpoints. Please check to make sure at least one valid endpoint is specified. [D:/RTL_Design/FIFO/FIFO.srcs/constrs_1/new/sync_fifo_negedge_const.xdc:43]
CRITICAL WARNING: [Designutils 20-1307] Command 'set_fix_hold' is not supported in the xdc constraint file. [D:/RTL_Design/FIFO/FIFO.srcs/constrs_1/new/sync_fifo_negedge_const.xdc:49]
Finished Parsing XDC File [D:/RTL_Design/FIFO/FIFO.srcs/constrs_1/new/sync_fifo_negedge_const.xdc]
Parsing XDC File [D:/RTL_Design/FIFO/FIFO.srcs/constrs_1/new/async_fifo_posedge_const.xdc]
WARNING: [Vivado 12-584] No ports matched 'wclk'. [D:/RTL_Design/FIFO/FIFO.srcs/constrs_1/new/async_fifo_posedge_const.xdc:10]
CRITICAL WARNING: [Vivado 12-4739] create_clock:No valid object(s) found for '-objects [get_ports wclk]'. [D:/RTL_Design/FIFO/FIFO.srcs/constrs_1/new/async_fifo_posedge_const.xdc:10]
Resolution: Check if the specified object(s) exists in the current design. If it does, ensure that the correct design hierarchy was specified for the object. If you are working with clocks, make sure create_clock was used to create the clock object before it is referenced.
WARNING: [Vivado 12-584] No ports matched 'rclk'. [D:/RTL_Design/FIFO/FIFO.srcs/constrs_1/new/async_fifo_posedge_const.xdc:13]
CRITICAL WARNING: [Vivado 12-4739] create_clock:No valid object(s) found for '-objects [get_ports rclk]'. [D:/RTL_Design/FIFO/FIFO.srcs/constrs_1/new/async_fifo_posedge_const.xdc:13]
Resolution: Check if the specified object(s) exists in the current design. If it does, ensure that the correct design hierarchy was specified for the object. If you are working with clocks, make sure create_clock was used to create the clock object before it is referenced.
INFO: [Timing 38-35] Done setting XDC timing constraints. [D:/RTL_Design/FIFO/FIFO.srcs/constrs_1/new/async_fifo_posedge_const.xdc:18]
WARNING: [Vivado 12-627] No clocks matched 'wclk'. [D:/RTL_Design/FIFO/FIFO.srcs/constrs_1/new/async_fifo_posedge_const.xdc:18]
INFO: [Vivado 12-626] No clocks found. Please use 'create_clock' or 'create_generated_clock' command to create clocks. [D:/RTL_Design/FIFO/FIFO.srcs/constrs_1/new/async_fifo_posedge_const.xdc:18]
get_clocks: Time (s): cpu = 00:00:08 ; elapsed = 00:00:08 . Memory (MB): peak = 1553.797 ; gain = 567.824
CRITICAL WARNING: [Vivado 12-4739] set_clock_uncertainty:No valid object(s) found for '-objects [get_clocks wclk]'. [D:/RTL_Design/FIFO/FIFO.srcs/constrs_1/new/async_fifo_posedge_const.xdc:18]
Resolution: Check if the specified object(s) exists in the current design. If it does, ensure that the correct design hierarchy was specified for the object. If you are working with clocks, make sure create_clock was used to create the clock object before it is referenced.
WARNING: [Vivado 12-627] No clocks matched 'wclk'. [D:/RTL_Design/FIFO/FIFO.srcs/constrs_1/new/async_fifo_posedge_const.xdc:19]
INFO: [Vivado 12-626] No clocks found. Please use 'create_clock' or 'create_generated_clock' command to create clocks. [D:/RTL_Design/FIFO/FIFO.srcs/constrs_1/new/async_fifo_posedge_const.xdc:19]
CRITICAL WARNING: [Vivado 12-4739] set_clock_uncertainty:No valid object(s) found for '-objects [get_clocks wclk]'. [D:/RTL_Design/FIFO/FIFO.srcs/constrs_1/new/async_fifo_posedge_const.xdc:19]
Resolution: Check if the specified object(s) exists in the current design. If it does, ensure that the correct design hierarchy was specified for the object. If you are working with clocks, make sure create_clock was used to create the clock object before it is referenced.
WARNING: [Vivado 12-627] No clocks matched 'rclk'. [D:/RTL_Design/FIFO/FIFO.srcs/constrs_1/new/async_fifo_posedge_const.xdc:20]
INFO: [Vivado 12-626] No clocks found. Please use 'create_clock' or 'create_generated_clock' command to create clocks. [D:/RTL_Design/FIFO/FIFO.srcs/constrs_1/new/async_fifo_posedge_const.xdc:20]
CRITICAL WARNING: [Vivado 12-4739] set_clock_uncertainty:No valid object(s) found for '-objects [get_clocks rclk]'. [D:/RTL_Design/FIFO/FIFO.srcs/constrs_1/new/async_fifo_posedge_const.xdc:20]
Resolution: Check if the specified object(s) exists in the current design. If it does, ensure that the correct design hierarchy was specified for the object. If you are working with clocks, make sure create_clock was used to create the clock object before it is referenced.
WARNING: [Vivado 12-627] No clocks matched 'rclk'. [D:/RTL_Design/FIFO/FIFO.srcs/constrs_1/new/async_fifo_posedge_const.xdc:21]
INFO: [Vivado 12-626] No clocks found. Please use 'create_clock' or 'create_generated_clock' command to create clocks. [D:/RTL_Design/FIFO/FIFO.srcs/constrs_1/new/async_fifo_posedge_const.xdc:21]
CRITICAL WARNING: [Vivado 12-4739] set_clock_uncertainty:No valid object(s) found for '-objects [get_clocks rclk]'. [D:/RTL_Design/FIFO/FIFO.srcs/constrs_1/new/async_fifo_posedge_const.xdc:21]
Resolution: Check if the specified object(s) exists in the current design. If it does, ensure that the correct design hierarchy was specified for the object. If you are working with clocks, make sure create_clock was used to create the clock object before it is referenced.
WARNING: [Vivado 12-627] No clocks matched 'wclk'. [D:/RTL_Design/FIFO/FIFO.srcs/constrs_1/new/async_fifo_posedge_const.xdc:26]
INFO: [Vivado 12-626] No clocks found. Please use 'create_clock' or 'create_generated_clock' command to create clocks. [D:/RTL_Design/FIFO/FIFO.srcs/constrs_1/new/async_fifo_posedge_const.xdc:26]
WARNING: [Vivado 12-627] No clocks matched 'rclk'. [D:/RTL_Design/FIFO/FIFO.srcs/constrs_1/new/async_fifo_posedge_const.xdc:26]
INFO: [Vivado 12-626] No clocks found. Please use 'create_clock' or 'create_generated_clock' command to create clocks. [D:/RTL_Design/FIFO/FIFO.srcs/constrs_1/new/async_fifo_posedge_const.xdc:26]
CRITICAL WARNING: [Vivado 12-4739] set_clock_groups:No valid object(s) found for '-group [get_clocks wclk]'. [D:/RTL_Design/FIFO/FIFO.srcs/constrs_1/new/async_fifo_posedge_const.xdc:26]
Resolution: Check if the specified object(s) exists in the current design. If it does, ensure that the correct design hierarchy was specified for the object. If you are working with clocks, make sure create_clock was used to create the clock object before it is referenced.
CRITICAL WARNING: [Vivado 12-4739] set_clock_groups:No valid object(s) found for '-group '. [D:/RTL_Design/FIFO/FIFO.srcs/constrs_1/new/async_fifo_posedge_const.xdc:26]
Resolution: Check if the specified object(s) exists in the current design. If it does, ensure that the correct design hierarchy was specified for the object. If you are working with clocks, make sure create_clock was used to create the clock object before it is referenced.
CRITICAL WARNING: [Vivado 12-4739] set_clock_groups:No valid object(s) found for '-group [get_clocks rclk]'. [D:/RTL_Design/FIFO/FIFO.srcs/constrs_1/new/async_fifo_posedge_const.xdc:26]
Resolution: Check if the specified object(s) exists in the current design. If it does, ensure that the correct design hierarchy was specified for the object. If you are working with clocks, make sure create_clock was used to create the clock object before it is referenced.
CRITICAL WARNING: [Vivado 12-4739] set_clock_groups:No valid object(s) found for '-group '. [D:/RTL_Design/FIFO/FIFO.srcs/constrs_1/new/async_fifo_posedge_const.xdc:26]
Resolution: Check if the specified object(s) exists in the current design. If it does, ensure that the correct design hierarchy was specified for the object. If you are working with clocks, make sure create_clock was used to create the clock object before it is referenced.
CRITICAL WARNING: [Constraints 18-4644] set_clock_groups: All clock groups specified are empty. Please specify atleast one clock group which is not empty. [D:/RTL_Design/FIFO/FIFO.srcs/constrs_1/new/async_fifo_posedge_const.xdc:26]
WARNING: [Vivado 12-584] No ports matched 'wrst_n'. [D:/RTL_Design/FIFO/FIFO.srcs/constrs_1/new/async_fifo_posedge_const.xdc:31]
WARNING: [Vivado 12-646] clock 'wclk' not found. [D:/RTL_Design/FIFO/FIFO.srcs/constrs_1/new/async_fifo_posedge_const.xdc:31]
CRITICAL WARNING: [Vivado 12-4739] set_input_delay:No valid object(s) found for '-clock wclk'. [D:/RTL_Design/FIFO/FIFO.srcs/constrs_1/new/async_fifo_posedge_const.xdc:31]
Resolution: Check if the specified object(s) exists in the current design. If it does, ensure that the correct design hierarchy was specified for the object. If you are working with clocks, make sure create_clock was used to create the clock object before it is referenced.
WARNING: [Vivado 12-584] No ports matched 'wrst_n'. [D:/RTL_Design/FIFO/FIFO.srcs/constrs_1/new/async_fifo_posedge_const.xdc:32]
WARNING: [Vivado 12-646] clock 'wclk' not found. [D:/RTL_Design/FIFO/FIFO.srcs/constrs_1/new/async_fifo_posedge_const.xdc:32]
CRITICAL WARNING: [Vivado 12-4739] set_input_delay:No valid object(s) found for '-clock wclk'. [D:/RTL_Design/FIFO/FIFO.srcs/constrs_1/new/async_fifo_posedge_const.xdc:32]
Resolution: Check if the specified object(s) exists in the current design. If it does, ensure that the correct design hierarchy was specified for the object. If you are working with clocks, make sure create_clock was used to create the clock object before it is referenced.
WARNING: [Vivado 12-584] No ports matched 'wdata[*]'. [D:/RTL_Design/FIFO/FIFO.srcs/constrs_1/new/async_fifo_posedge_const.xdc:34]
WARNING: [Vivado 12-646] clock 'wclk' not found. [D:/RTL_Design/FIFO/FIFO.srcs/constrs_1/new/async_fifo_posedge_const.xdc:34]
CRITICAL WARNING: [Vivado 12-4739] set_input_delay:No valid object(s) found for '-objects [get_ports {wdata[*]}]'. [D:/RTL_Design/FIFO/FIFO.srcs/constrs_1/new/async_fifo_posedge_const.xdc:34]
Resolution: Check if the specified object(s) exists in the current design. If it does, ensure that the correct design hierarchy was specified for the object. If you are working with clocks, make sure create_clock was used to create the clock object before it is referenced.
WARNING: [Vivado 12-584] No ports matched 'wdata[*]'. [D:/RTL_Design/FIFO/FIFO.srcs/constrs_1/new/async_fifo_posedge_const.xdc:35]
WARNING: [Vivado 12-646] clock 'wclk' not found. [D:/RTL_Design/FIFO/FIFO.srcs/constrs_1/new/async_fifo_posedge_const.xdc:35]
CRITICAL WARNING: [Vivado 12-4739] set_input_delay:No valid object(s) found for '-objects [get_ports {wdata[*]}]'. [D:/RTL_Design/FIFO/FIFO.srcs/constrs_1/new/async_fifo_posedge_const.xdc:35]
Resolution: Check if the specified object(s) exists in the current design. If it does, ensure that the correct design hierarchy was specified for the object. If you are working with clocks, make sure create_clock was used to create the clock object before it is referenced.
WARNING: [Vivado 12-584] No ports matched 'rrst_n'. [D:/RTL_Design/FIFO/FIFO.srcs/constrs_1/new/async_fifo_posedge_const.xdc:40]
WARNING: [Vivado 12-646] clock 'rclk' not found. [D:/RTL_Design/FIFO/FIFO.srcs/constrs_1/new/async_fifo_posedge_const.xdc:40]
CRITICAL WARNING: [Vivado 12-4739] set_input_delay:No valid object(s) found for '-clock rclk'. [D:/RTL_Design/FIFO/FIFO.srcs/constrs_1/new/async_fifo_posedge_const.xdc:40]
Resolution: Check if the specified object(s) exists in the current design. If it does, ensure that the correct design hierarchy was specified for the object. If you are working with clocks, make sure create_clock was used to create the clock object before it is referenced.
WARNING: [Vivado 12-584] No ports matched 'rrst_n'. [D:/RTL_Design/FIFO/FIFO.srcs/constrs_1/new/async_fifo_posedge_const.xdc:41]
WARNING: [Vivado 12-646] clock 'rclk' not found. [D:/RTL_Design/FIFO/FIFO.srcs/constrs_1/new/async_fifo_posedge_const.xdc:41]
CRITICAL WARNING: [Vivado 12-4739] set_input_delay:No valid object(s) found for '-clock rclk'. [D:/RTL_Design/FIFO/FIFO.srcs/constrs_1/new/async_fifo_posedge_const.xdc:41]
Resolution: Check if the specified object(s) exists in the current design. If it does, ensure that the correct design hierarchy was specified for the object. If you are working with clocks, make sure create_clock was used to create the clock object before it is referenced.
WARNING: [Vivado 12-646] clock 'wclk' not found. [D:/RTL_Design/FIFO/FIFO.srcs/constrs_1/new/async_fifo_posedge_const.xdc:46]
CRITICAL WARNING: [Vivado 12-4739] set_output_delay:No valid object(s) found for '-clock wclk'. [D:/RTL_Design/FIFO/FIFO.srcs/constrs_1/new/async_fifo_posedge_const.xdc:46]
Resolution: Check if the specified object(s) exists in the current design. If it does, ensure that the correct design hierarchy was specified for the object. If you are working with clocks, make sure create_clock was used to create the clock object before it is referenced.
WARNING: [Vivado 12-646] clock 'wclk' not found. [D:/RTL_Design/FIFO/FIFO.srcs/constrs_1/new/async_fifo_posedge_const.xdc:47]
CRITICAL WARNING: [Vivado 12-4739] set_output_delay:No valid object(s) found for '-clock wclk'. [D:/RTL_Design/FIFO/FIFO.srcs/constrs_1/new/async_fifo_posedge_const.xdc:47]
Resolution: Check if the specified object(s) exists in the current design. If it does, ensure that the correct design hierarchy was specified for the object. If you are working with clocks, make sure create_clock was used to create the clock object before it is referenced.
WARNING: [Vivado 12-584] No ports matched 'rdata[*]'. [D:/RTL_Design/FIFO/FIFO.srcs/constrs_1/new/async_fifo_posedge_const.xdc:49]
WARNING: [Vivado 12-646] clock 'rclk' not found. [D:/RTL_Design/FIFO/FIFO.srcs/constrs_1/new/async_fifo_posedge_const.xdc:49]
CRITICAL WARNING: [Vivado 12-4739] set_output_delay:No valid object(s) found for '-objects [get_ports {rdata[*]}]'. [D:/RTL_Design/FIFO/FIFO.srcs/constrs_1/new/async_fifo_posedge_const.xdc:49]
Resolution: Check if the specified object(s) exists in the current design. If it does, ensure that the correct design hierarchy was specified for the object. If you are working with clocks, make sure create_clock was used to create the clock object before it is referenced.
WARNING: [Vivado 12-584] No ports matched 'rdata[*]'. [D:/RTL_Design/FIFO/FIFO.srcs/constrs_1/new/async_fifo_posedge_const.xdc:50]
WARNING: [Vivado 12-646] clock 'rclk' not found. [D:/RTL_Design/FIFO/FIFO.srcs/constrs_1/new/async_fifo_posedge_const.xdc:50]
CRITICAL WARNING: [Vivado 12-4739] set_output_delay:No valid object(s) found for '-objects [get_ports {rdata[*]}]'. [D:/RTL_Design/FIFO/FIFO.srcs/constrs_1/new/async_fifo_posedge_const.xdc:50]
Resolution: Check if the specified object(s) exists in the current design. If it does, ensure that the correct design hierarchy was specified for the object. If you are working with clocks, make sure create_clock was used to create the clock object before it is referenced.
WARNING: [Vivado 12-646] clock 'rclk' not found. [D:/RTL_Design/FIFO/FIFO.srcs/constrs_1/new/async_fifo_posedge_const.xdc:52]
CRITICAL WARNING: [Vivado 12-4739] set_output_delay:No valid object(s) found for '-clock rclk'. [D:/RTL_Design/FIFO/FIFO.srcs/constrs_1/new/async_fifo_posedge_const.xdc:52]
Resolution: Check if the specified object(s) exists in the current design. If it does, ensure that the correct design hierarchy was specified for the object. If you are working with clocks, make sure create_clock was used to create the clock object before it is referenced.
WARNING: [Vivado 12-646] clock 'rclk' not found. [D:/RTL_Design/FIFO/FIFO.srcs/constrs_1/new/async_fifo_posedge_const.xdc:53]
CRITICAL WARNING: [Vivado 12-4739] set_output_delay:No valid object(s) found for '-clock rclk'. [D:/RTL_Design/FIFO/FIFO.srcs/constrs_1/new/async_fifo_posedge_const.xdc:53]
Resolution: Check if the specified object(s) exists in the current design. If it does, ensure that the correct design hierarchy was specified for the object. If you are working with clocks, make sure create_clock was used to create the clock object before it is referenced.
WARNING: [Vivado 12-627] No clocks matched 'wclk'. [D:/RTL_Design/FIFO/FIFO.srcs/constrs_1/new/async_fifo_posedge_const.xdc:58]
INFO: [Vivado 12-626] No clocks found. Please use 'create_clock' or 'create_generated_clock' command to create clocks. [D:/RTL_Design/FIFO/FIFO.srcs/constrs_1/new/async_fifo_posedge_const.xdc:58]
WARNING: [Vivado 12-627] No clocks matched 'rclk'. [D:/RTL_Design/FIFO/FIFO.srcs/constrs_1/new/async_fifo_posedge_const.xdc:58]
INFO: [Vivado 12-626] No clocks found. Please use 'create_clock' or 'create_generated_clock' command to create clocks. [D:/RTL_Design/FIFO/FIFO.srcs/constrs_1/new/async_fifo_posedge_const.xdc:58]
CRITICAL WARNING: [Vivado 12-4739] set_false_path:No valid object(s) found for '-from [get_clocks wclk]'. [D:/RTL_Design/FIFO/FIFO.srcs/constrs_1/new/async_fifo_posedge_const.xdc:58]
Resolution: Check if the specified object(s) exists in the current design. If it does, ensure that the correct design hierarchy was specified for the object. If you are working with clocks, make sure create_clock was used to create the clock object before it is referenced.
WARNING: [Vivado 12-627] No clocks matched 'rclk'. [D:/RTL_Design/FIFO/FIFO.srcs/constrs_1/new/async_fifo_posedge_const.xdc:59]
INFO: [Vivado 12-626] No clocks found. Please use 'create_clock' or 'create_generated_clock' command to create clocks. [D:/RTL_Design/FIFO/FIFO.srcs/constrs_1/new/async_fifo_posedge_const.xdc:59]
WARNING: [Vivado 12-627] No clocks matched 'wclk'. [D:/RTL_Design/FIFO/FIFO.srcs/constrs_1/new/async_fifo_posedge_const.xdc:59]
INFO: [Vivado 12-626] No clocks found. Please use 'create_clock' or 'create_generated_clock' command to create clocks. [D:/RTL_Design/FIFO/FIFO.srcs/constrs_1/new/async_fifo_posedge_const.xdc:59]
CRITICAL WARNING: [Vivado 12-4739] set_false_path:No valid object(s) found for '-from [get_clocks rclk]'. [D:/RTL_Design/FIFO/FIFO.srcs/constrs_1/new/async_fifo_posedge_const.xdc:59]
Resolution: Check if the specified object(s) exists in the current design. If it does, ensure that the correct design hierarchy was specified for the object. If you are working with clocks, make sure create_clock was used to create the clock object before it is referenced.
WARNING: [Vivado 12-584] No ports matched 'wrst_n'. [D:/RTL_Design/FIFO/FIFO.srcs/constrs_1/new/async_fifo_posedge_const.xdc:60]
CRITICAL WARNING: [Vivado 12-4739] set_false_path:No valid object(s) found for '-to [get_ports wrst_n]'. [D:/RTL_Design/FIFO/FIFO.srcs/constrs_1/new/async_fifo_posedge_const.xdc:60]
Resolution: Check if the specified object(s) exists in the current design. If it does, ensure that the correct design hierarchy was specified for the object. If you are working with clocks, make sure create_clock was used to create the clock object before it is referenced.
WARNING: [Vivado 12-584] No ports matched 'rrst_n'. [D:/RTL_Design/FIFO/FIFO.srcs/constrs_1/new/async_fifo_posedge_const.xdc:61]
CRITICAL WARNING: [Vivado 12-4739] set_false_path:No valid object(s) found for '-to [get_ports rrst_n]'. [D:/RTL_Design/FIFO/FIFO.srcs/constrs_1/new/async_fifo_posedge_const.xdc:61]
Resolution: Check if the specified object(s) exists in the current design. If it does, ensure that the correct design hierarchy was specified for the object. If you are working with clocks, make sure create_clock was used to create the clock object before it is referenced.
WARNING: [Vivado 12-584] No ports matched 'rdata[*]'. [D:/RTL_Design/FIFO/FIFO.srcs/constrs_1/new/async_fifo_posedge_const.xdc:66]
CRITICAL WARNING: [Vivado 12-4739] set_load:No valid object(s) found for '-objects [get_ports {rdata[*]}]'. [D:/RTL_Design/FIFO/FIFO.srcs/constrs_1/new/async_fifo_posedge_const.xdc:66]
Resolution: Check if the specified object(s) exists in the current design. If it does, ensure that the correct design hierarchy was specified for the object. If you are working with clocks, make sure create_clock was used to create the clock object before it is referenced.
WARNING: [Vivado 12-6932] -min and -max option have no impact on the result. [D:/RTL_Design/FIFO/FIFO.srcs/constrs_1/new/async_fifo_posedge_const.xdc:67]
WARNING: [Vivado 12-6932] -min and -max option have no impact on the result. [D:/RTL_Design/FIFO/FIFO.srcs/constrs_1/new/async_fifo_posedge_const.xdc:68]
Finished Parsing XDC File [D:/RTL_Design/FIFO/FIFO.srcs/constrs_1/new/async_fifo_posedge_const.xdc]
Parsing XDC File [D:/RTL_Design/FIFO/FIFO.srcs/constrs_1/new/async_fifo_negedge_const.xdc]
WARNING: [Vivado 12-584] No ports matched 'wclk'. [D:/RTL_Design/FIFO/FIFO.srcs/constrs_1/new/async_fifo_negedge_const.xdc:8]
CRITICAL WARNING: [Vivado 12-4739] create_clock:No valid object(s) found for '-objects [get_ports wclk]'. [D:/RTL_Design/FIFO/FIFO.srcs/constrs_1/new/async_fifo_negedge_const.xdc:8]
Resolution: Check if the specified object(s) exists in the current design. If it does, ensure that the correct design hierarchy was specified for the object. If you are working with clocks, make sure create_clock was used to create the clock object before it is referenced.
WARNING: [Vivado 12-584] No ports matched 'rclk'. [D:/RTL_Design/FIFO/FIFO.srcs/constrs_1/new/async_fifo_negedge_const.xdc:11]
CRITICAL WARNING: [Vivado 12-4739] create_clock:No valid object(s) found for '-objects [get_ports rclk]'. [D:/RTL_Design/FIFO/FIFO.srcs/constrs_1/new/async_fifo_negedge_const.xdc:11]
Resolution: Check if the specified object(s) exists in the current design. If it does, ensure that the correct design hierarchy was specified for the object. If you are working with clocks, make sure create_clock was used to create the clock object before it is referenced.
WARNING: [Vivado 12-627] No clocks matched 'wclk'. [D:/RTL_Design/FIFO/FIFO.srcs/constrs_1/new/async_fifo_negedge_const.xdc:14]
INFO: [Vivado 12-626] No clocks found. Please use 'create_clock' or 'create_generated_clock' command to create clocks. [D:/RTL_Design/FIFO/FIFO.srcs/constrs_1/new/async_fifo_negedge_const.xdc:14]
CRITICAL WARNING: [Vivado 12-4739] set_clock_uncertainty:No valid object(s) found for '-objects [get_clocks wclk]'. [D:/RTL_Design/FIFO/FIFO.srcs/constrs_1/new/async_fifo_negedge_const.xdc:14]
Resolution: Check if the specified object(s) exists in the current design. If it does, ensure that the correct design hierarchy was specified for the object. If you are working with clocks, make sure create_clock was used to create the clock object before it is referenced.
WARNING: [Vivado 12-627] No clocks matched 'wclk'. [D:/RTL_Design/FIFO/FIFO.srcs/constrs_1/new/async_fifo_negedge_const.xdc:15]
INFO: [Vivado 12-626] No clocks found. Please use 'create_clock' or 'create_generated_clock' command to create clocks. [D:/RTL_Design/FIFO/FIFO.srcs/constrs_1/new/async_fifo_negedge_const.xdc:15]
CRITICAL WARNING: [Vivado 12-4739] set_clock_uncertainty:No valid object(s) found for '-objects [get_clocks wclk]'. [D:/RTL_Design/FIFO/FIFO.srcs/constrs_1/new/async_fifo_negedge_const.xdc:15]
Resolution: Check if the specified object(s) exists in the current design. If it does, ensure that the correct design hierarchy was specified for the object. If you are working with clocks, make sure create_clock was used to create the clock object before it is referenced.
WARNING: [Vivado 12-627] No clocks matched 'rclk'. [D:/RTL_Design/FIFO/FIFO.srcs/constrs_1/new/async_fifo_negedge_const.xdc:16]
INFO: [Vivado 12-626] No clocks found. Please use 'create_clock' or 'create_generated_clock' command to create clocks. [D:/RTL_Design/FIFO/FIFO.srcs/constrs_1/new/async_fifo_negedge_const.xdc:16]
CRITICAL WARNING: [Vivado 12-4739] set_clock_uncertainty:No valid object(s) found for '-objects [get_clocks rclk]'. [D:/RTL_Design/FIFO/FIFO.srcs/constrs_1/new/async_fifo_negedge_const.xdc:16]
Resolution: Check if the specified object(s) exists in the current design. If it does, ensure that the correct design hierarchy was specified for the object. If you are working with clocks, make sure create_clock was used to create the clock object before it is referenced.
WARNING: [Vivado 12-627] No clocks matched 'rclk'. [D:/RTL_Design/FIFO/FIFO.srcs/constrs_1/new/async_fifo_negedge_const.xdc:17]
INFO: [Vivado 12-626] No clocks found. Please use 'create_clock' or 'create_generated_clock' command to create clocks. [D:/RTL_Design/FIFO/FIFO.srcs/constrs_1/new/async_fifo_negedge_const.xdc:17]
CRITICAL WARNING: [Vivado 12-4739] set_clock_uncertainty:No valid object(s) found for '-objects [get_clocks rclk]'. [D:/RTL_Design/FIFO/FIFO.srcs/constrs_1/new/async_fifo_negedge_const.xdc:17]
Resolution: Check if the specified object(s) exists in the current design. If it does, ensure that the correct design hierarchy was specified for the object. If you are working with clocks, make sure create_clock was used to create the clock object before it is referenced.
WARNING: [Vivado 12-627] No clocks matched 'wclk'. [D:/RTL_Design/FIFO/FIFO.srcs/constrs_1/new/async_fifo_negedge_const.xdc:20]
INFO: [Vivado 12-626] No clocks found. Please use 'create_clock' or 'create_generated_clock' command to create clocks. [D:/RTL_Design/FIFO/FIFO.srcs/constrs_1/new/async_fifo_negedge_const.xdc:20]
WARNING: [Vivado 12-627] No clocks matched 'rclk'. [D:/RTL_Design/FIFO/FIFO.srcs/constrs_1/new/async_fifo_negedge_const.xdc:20]
INFO: [Vivado 12-626] No clocks found. Please use 'create_clock' or 'create_generated_clock' command to create clocks. [D:/RTL_Design/FIFO/FIFO.srcs/constrs_1/new/async_fifo_negedge_const.xdc:20]
CRITICAL WARNING: [Vivado 12-4739] set_clock_groups:No valid object(s) found for '-group [get_clocks wclk]'. [D:/RTL_Design/FIFO/FIFO.srcs/constrs_1/new/async_fifo_negedge_const.xdc:20]
Resolution: Check if the specified object(s) exists in the current design. If it does, ensure that the correct design hierarchy was specified for the object. If you are working with clocks, make sure create_clock was used to create the clock object before it is referenced.
CRITICAL WARNING: [Vivado 12-4739] set_clock_groups:No valid object(s) found for '-group '. [D:/RTL_Design/FIFO/FIFO.srcs/constrs_1/new/async_fifo_negedge_const.xdc:20]
Resolution: Check if the specified object(s) exists in the current design. If it does, ensure that the correct design hierarchy was specified for the object. If you are working with clocks, make sure create_clock was used to create the clock object before it is referenced.
CRITICAL WARNING: [Vivado 12-4739] set_clock_groups:No valid object(s) found for '-group [get_clocks rclk]'. [D:/RTL_Design/FIFO/FIFO.srcs/constrs_1/new/async_fifo_negedge_const.xdc:20]
Resolution: Check if the specified object(s) exists in the current design. If it does, ensure that the correct design hierarchy was specified for the object. If you are working with clocks, make sure create_clock was used to create the clock object before it is referenced.
CRITICAL WARNING: [Vivado 12-4739] set_clock_groups:No valid object(s) found for '-group '. [D:/RTL_Design/FIFO/FIFO.srcs/constrs_1/new/async_fifo_negedge_const.xdc:20]
Resolution: Check if the specified object(s) exists in the current design. If it does, ensure that the correct design hierarchy was specified for the object. If you are working with clocks, make sure create_clock was used to create the clock object before it is referenced.
CRITICAL WARNING: [Constraints 18-4644] set_clock_groups: All clock groups specified are empty. Please specify atleast one clock group which is not empty. [D:/RTL_Design/FIFO/FIFO.srcs/constrs_1/new/async_fifo_negedge_const.xdc:20]
WARNING: [Vivado 12-584] No ports matched 'wrst_n'. [D:/RTL_Design/FIFO/FIFO.srcs/constrs_1/new/async_fifo_negedge_const.xdc:23]
WARNING: [Vivado 12-646] clock 'wclk' not found. [D:/RTL_Design/FIFO/FIFO.srcs/constrs_1/new/async_fifo_negedge_const.xdc:23]
CRITICAL WARNING: [Vivado 12-4739] set_input_delay:No valid object(s) found for '-clock wclk'. [D:/RTL_Design/FIFO/FIFO.srcs/constrs_1/new/async_fifo_negedge_const.xdc:23]
Resolution: Check if the specified object(s) exists in the current design. If it does, ensure that the correct design hierarchy was specified for the object. If you are working with clocks, make sure create_clock was used to create the clock object before it is referenced.
WARNING: [Vivado 12-584] No ports matched 'wrst_n'. [D:/RTL_Design/FIFO/FIFO.srcs/constrs_1/new/async_fifo_negedge_const.xdc:24]
WARNING: [Vivado 12-646] clock 'wclk' not found. [D:/RTL_Design/FIFO/FIFO.srcs/constrs_1/new/async_fifo_negedge_const.xdc:24]
CRITICAL WARNING: [Vivado 12-4739] set_input_delay:No valid object(s) found for '-clock wclk'. [D:/RTL_Design/FIFO/FIFO.srcs/constrs_1/new/async_fifo_negedge_const.xdc:24]
Resolution: Check if the specified object(s) exists in the current design. If it does, ensure that the correct design hierarchy was specified for the object. If you are working with clocks, make sure create_clock was used to create the clock object before it is referenced.
WARNING: [Vivado 12-584] No ports matched 'wdata[*]'. [D:/RTL_Design/FIFO/FIFO.srcs/constrs_1/new/async_fifo_negedge_const.xdc:25]
WARNING: [Vivado 12-646] clock 'wclk' not found. [D:/RTL_Design/FIFO/FIFO.srcs/constrs_1/new/async_fifo_negedge_const.xdc:25]
CRITICAL WARNING: [Vivado 12-4739] set_input_delay:No valid object(s) found for '-objects [get_ports {wdata[*]}]'. [D:/RTL_Design/FIFO/FIFO.srcs/constrs_1/new/async_fifo_negedge_const.xdc:25]
Resolution: Check if the specified object(s) exists in the current design. If it does, ensure that the correct design hierarchy was specified for the object. If you are working with clocks, make sure create_clock was used to create the clock object before it is referenced.
WARNING: [Vivado 12-584] No ports matched 'wdata[*]'. [D:/RTL_Design/FIFO/FIFO.srcs/constrs_1/new/async_fifo_negedge_const.xdc:26]
WARNING: [Vivado 12-646] clock 'wclk' not found. [D:/RTL_Design/FIFO/FIFO.srcs/constrs_1/new/async_fifo_negedge_const.xdc:26]
CRITICAL WARNING: [Vivado 12-4739] set_input_delay:No valid object(s) found for '-objects [get_ports {wdata[*]}]'. [D:/RTL_Design/FIFO/FIFO.srcs/constrs_1/new/async_fifo_negedge_const.xdc:26]
Resolution: Check if the specified object(s) exists in the current design. If it does, ensure that the correct design hierarchy was specified for the object. If you are working with clocks, make sure create_clock was used to create the clock object before it is referenced.
WARNING: [Vivado 12-584] No ports matched 'rrst_n'. [D:/RTL_Design/FIFO/FIFO.srcs/constrs_1/new/async_fifo_negedge_const.xdc:29]
WARNING: [Vivado 12-646] clock 'rclk' not found. [D:/RTL_Design/FIFO/FIFO.srcs/constrs_1/new/async_fifo_negedge_const.xdc:29]
CRITICAL WARNING: [Vivado 12-4739] set_input_delay:No valid object(s) found for '-clock rclk'. [D:/RTL_Design/FIFO/FIFO.srcs/constrs_1/new/async_fifo_negedge_const.xdc:29]
Resolution: Check if the specified object(s) exists in the current design. If it does, ensure that the correct design hierarchy was specified for the object. If you are working with clocks, make sure create_clock was used to create the clock object before it is referenced.
WARNING: [Vivado 12-584] No ports matched 'rrst_n'. [D:/RTL_Design/FIFO/FIFO.srcs/constrs_1/new/async_fifo_negedge_const.xdc:30]
WARNING: [Vivado 12-646] clock 'rclk' not found. [D:/RTL_Design/FIFO/FIFO.srcs/constrs_1/new/async_fifo_negedge_const.xdc:30]
CRITICAL WARNING: [Vivado 12-4739] set_input_delay:No valid object(s) found for '-clock rclk'. [D:/RTL_Design/FIFO/FIFO.srcs/constrs_1/new/async_fifo_negedge_const.xdc:30]
Resolution: Check if the specified object(s) exists in the current design. If it does, ensure that the correct design hierarchy was specified for the object. If you are working with clocks, make sure create_clock was used to create the clock object before it is referenced.
WARNING: [Vivado 12-646] clock 'wclk' not found. [D:/RTL_Design/FIFO/FIFO.srcs/constrs_1/new/async_fifo_negedge_const.xdc:33]
CRITICAL WARNING: [Vivado 12-4739] set_output_delay:No valid object(s) found for '-clock wclk'. [D:/RTL_Design/FIFO/FIFO.srcs/constrs_1/new/async_fifo_negedge_const.xdc:33]
Resolution: Check if the specified object(s) exists in the current design. If it does, ensure that the correct design hierarchy was specified for the object. If you are working with clocks, make sure create_clock was used to create the clock object before it is referenced.
WARNING: [Vivado 12-646] clock 'wclk' not found. [D:/RTL_Design/FIFO/FIFO.srcs/constrs_1/new/async_fifo_negedge_const.xdc:34]
CRITICAL WARNING: [Vivado 12-4739] set_output_delay:No valid object(s) found for '-clock wclk'. [D:/RTL_Design/FIFO/FIFO.srcs/constrs_1/new/async_fifo_negedge_const.xdc:34]
Resolution: Check if the specified object(s) exists in the current design. If it does, ensure that the correct design hierarchy was specified for the object. If you are working with clocks, make sure create_clock was used to create the clock object before it is referenced.
WARNING: [Vivado 12-584] No ports matched 'rdata[*]'. [D:/RTL_Design/FIFO/FIFO.srcs/constrs_1/new/async_fifo_negedge_const.xdc:36]
WARNING: [Vivado 12-646] clock 'rclk' not found. [D:/RTL_Design/FIFO/FIFO.srcs/constrs_1/new/async_fifo_negedge_const.xdc:36]
CRITICAL WARNING: [Vivado 12-4739] set_output_delay:No valid object(s) found for '-objects [get_ports {rdata[*]}]'. [D:/RTL_Design/FIFO/FIFO.srcs/constrs_1/new/async_fifo_negedge_const.xdc:36]
Resolution: Check if the specified object(s) exists in the current design. If it does, ensure that the correct design hierarchy was specified for the object. If you are working with clocks, make sure create_clock was used to create the clock object before it is referenced.
WARNING: [Vivado 12-584] No ports matched 'rdata[*]'. [D:/RTL_Design/FIFO/FIFO.srcs/constrs_1/new/async_fifo_negedge_const.xdc:37]
WARNING: [Vivado 12-646] clock 'rclk' not found. [D:/RTL_Design/FIFO/FIFO.srcs/constrs_1/new/async_fifo_negedge_const.xdc:37]
CRITICAL WARNING: [Vivado 12-4739] set_output_delay:No valid object(s) found for '-objects [get_ports {rdata[*]}]'. [D:/RTL_Design/FIFO/FIFO.srcs/constrs_1/new/async_fifo_negedge_const.xdc:37]
Resolution: Check if the specified object(s) exists in the current design. If it does, ensure that the correct design hierarchy was specified for the object. If you are working with clocks, make sure create_clock was used to create the clock object before it is referenced.
WARNING: [Vivado 12-646] clock 'rclk' not found. [D:/RTL_Design/FIFO/FIFO.srcs/constrs_1/new/async_fifo_negedge_const.xdc:38]
CRITICAL WARNING: [Vivado 12-4739] set_output_delay:No valid object(s) found for '-clock rclk'. [D:/RTL_Design/FIFO/FIFO.srcs/constrs_1/new/async_fifo_negedge_const.xdc:38]
Resolution: Check if the specified object(s) exists in the current design. If it does, ensure that the correct design hierarchy was specified for the object. If you are working with clocks, make sure create_clock was used to create the clock object before it is referenced.
WARNING: [Vivado 12-646] clock 'rclk' not found. [D:/RTL_Design/FIFO/FIFO.srcs/constrs_1/new/async_fifo_negedge_const.xdc:39]
CRITICAL WARNING: [Vivado 12-4739] set_output_delay:No valid object(s) found for '-clock rclk'. [D:/RTL_Design/FIFO/FIFO.srcs/constrs_1/new/async_fifo_negedge_const.xdc:39]
Resolution: Check if the specified object(s) exists in the current design. If it does, ensure that the correct design hierarchy was specified for the object. If you are working with clocks, make sure create_clock was used to create the clock object before it is referenced.
WARNING: [Vivado 12-627] No clocks matched 'wclk'. [D:/RTL_Design/FIFO/FIFO.srcs/constrs_1/new/async_fifo_negedge_const.xdc:42]
INFO: [Vivado 12-626] No clocks found. Please use 'create_clock' or 'create_generated_clock' command to create clocks. [D:/RTL_Design/FIFO/FIFO.srcs/constrs_1/new/async_fifo_negedge_const.xdc:42]
WARNING: [Vivado 12-627] No clocks matched 'rclk'. [D:/RTL_Design/FIFO/FIFO.srcs/constrs_1/new/async_fifo_negedge_const.xdc:42]
INFO: [Vivado 12-626] No clocks found. Please use 'create_clock' or 'create_generated_clock' command to create clocks. [D:/RTL_Design/FIFO/FIFO.srcs/constrs_1/new/async_fifo_negedge_const.xdc:42]
CRITICAL WARNING: [Vivado 12-4739] set_false_path:No valid object(s) found for '-from [get_clocks wclk]'. [D:/RTL_Design/FIFO/FIFO.srcs/constrs_1/new/async_fifo_negedge_const.xdc:42]
Resolution: Check if the specified object(s) exists in the current design. If it does, ensure that the correct design hierarchy was specified for the object. If you are working with clocks, make sure create_clock was used to create the clock object before it is referenced.
WARNING: [Vivado 12-627] No clocks matched 'rclk'. [D:/RTL_Design/FIFO/FIFO.srcs/constrs_1/new/async_fifo_negedge_const.xdc:43]
INFO: [Vivado 12-626] No clocks found. Please use 'create_clock' or 'create_generated_clock' command to create clocks. [D:/RTL_Design/FIFO/FIFO.srcs/constrs_1/new/async_fifo_negedge_const.xdc:43]
WARNING: [Vivado 12-627] No clocks matched 'wclk'. [D:/RTL_Design/FIFO/FIFO.srcs/constrs_1/new/async_fifo_negedge_const.xdc:43]
INFO: [Vivado 12-626] No clocks found. Please use 'create_clock' or 'create_generated_clock' command to create clocks. [D:/RTL_Design/FIFO/FIFO.srcs/constrs_1/new/async_fifo_negedge_const.xdc:43]
CRITICAL WARNING: [Vivado 12-4739] set_false_path:No valid object(s) found for '-from [get_clocks rclk]'. [D:/RTL_Design/FIFO/FIFO.srcs/constrs_1/new/async_fifo_negedge_const.xdc:43]
Resolution: Check if the specified object(s) exists in the current design. If it does, ensure that the correct design hierarchy was specified for the object. If you are working with clocks, make sure create_clock was used to create the clock object before it is referenced.
WARNING: [Vivado 12-584] No ports matched 'wrst_n'. [D:/RTL_Design/FIFO/FIFO.srcs/constrs_1/new/async_fifo_negedge_const.xdc:44]
CRITICAL WARNING: [Vivado 12-4739] set_false_path:No valid object(s) found for '-to [get_ports wrst_n]'. [D:/RTL_Design/FIFO/FIFO.srcs/constrs_1/new/async_fifo_negedge_const.xdc:44]
Resolution: Check if the specified object(s) exists in the current design. If it does, ensure that the correct design hierarchy was specified for the object. If you are working with clocks, make sure create_clock was used to create the clock object before it is referenced.
WARNING: [Vivado 12-584] No ports matched 'rrst_n'. [D:/RTL_Design/FIFO/FIFO.srcs/constrs_1/new/async_fifo_negedge_const.xdc:45]
CRITICAL WARNING: [Vivado 12-4739] set_false_path:No valid object(s) found for '-to [get_ports rrst_n]'. [D:/RTL_Design/FIFO/FIFO.srcs/constrs_1/new/async_fifo_negedge_const.xdc:45]
Resolution: Check if the specified object(s) exists in the current design. If it does, ensure that the correct design hierarchy was specified for the object. If you are working with clocks, make sure create_clock was used to create the clock object before it is referenced.
WARNING: [Vivado 12-584] No ports matched 'rdata[*]'. [D:/RTL_Design/FIFO/FIFO.srcs/constrs_1/new/async_fifo_negedge_const.xdc:48]
CRITICAL WARNING: [Vivado 12-4739] set_load:No valid object(s) found for '-objects [get_ports {rdata[*]}]'. [D:/RTL_Design/FIFO/FIFO.srcs/constrs_1/new/async_fifo_negedge_const.xdc:48]
Resolution: Check if the specified object(s) exists in the current design. If it does, ensure that the correct design hierarchy was specified for the object. If you are working with clocks, make sure create_clock was used to create the clock object before it is referenced.
WARNING: [Vivado 12-6932] -min and -max option have no impact on the result. [D:/RTL_Design/FIFO/FIFO.srcs/constrs_1/new/async_fifo_negedge_const.xdc:49]
WARNING: [Vivado 12-6932] -min and -max option have no impact on the result. [D:/RTL_Design/FIFO/FIFO.srcs/constrs_1/new/async_fifo_negedge_const.xdc:50]
Finished Parsing XDC File [D:/RTL_Design/FIFO/FIFO.srcs/constrs_1/new/async_fifo_negedge_const.xdc]
INFO: [Opt 31-138] Pushed 0 inverter(s) to 0 load pin(s).
Netlist sorting complete. Time (s): cpu = 00:00:00 ; elapsed = 00:00:00 . Memory (MB): peak = 1553.797 ; gain = 0.000
INFO: [Project 1-111] Unisim Transformation Summary:
No Unisim elements were transformed.

28 Infos, 77 Warnings, 60 Critical Warnings and 0 Errors encountered.
link_design completed successfully
link_design: Time (s): cpu = 00:00:13 ; elapsed = 00:00:14 . Memory (MB): peak = 1553.797 ; gain = 1099.934
Command: opt_design
Attempting to get a license for feature 'Implementation' and/or device 'xc7a35t'
INFO: [Common 17-349] Got license for feature 'Implementation' and/or device 'xc7a35t'
Running DRC as a precondition to command opt_design

Starting DRC Task
INFO: [DRC 23-27] Running DRC with 2 threads
INFO: [Project 1-461] DRC finished with 0 Errors
INFO: [Project 1-462] Please refer to the DRC report (report_drc) for more information.

Time (s): cpu = 00:00:01 ; elapsed = 00:00:00.904 . Memory (MB): peak = 1553.797 ; gain = 0.000

Starting Cache Timing Information Task
INFO: [Timing 38-35] Done setting XDC timing constraints.
Ending Cache Timing Information Task | Checksum: 1e784f342

Time (s): cpu = 00:00:00 ; elapsed = 00:00:00.021 . Memory (MB): peak = 1570.664 ; gain = 16.867

Starting Logic Optimization Task

Phase 1 Retarget
INFO: [Opt 31-138] Pushed 0 inverter(s) to 0 load pin(s).
INFO: [Opt 31-49] Retargeted 0 cell(s).
Phase 1 Retarget | Checksum: 1e784f342

Time (s): cpu = 00:00:00 ; elapsed = 00:00:00.058 . Memory (MB): peak = 1895.797 ; gain = 0.000
INFO: [Opt 31-389] Phase Retarget created 0 cells and removed 0 cells

Phase 2 Constant propagation
INFO: [Opt 31-138] Pushed 0 inverter(s) to 0 load pin(s).
Phase 2 Constant propagation | Checksum: 1e784f342

Time (s): cpu = 00:00:00 ; elapsed = 00:00:00.061 . Memory (MB): peak = 1895.797 ; gain = 0.000
INFO: [Opt 31-389] Phase Constant propagation created 0 cells and removed 0 cells

Phase 3 Sweep
Phase 3 Sweep | Checksum: 1e784f342

Time (s): cpu = 00:00:00 ; elapsed = 00:00:00.072 . Memory (MB): peak = 1895.797 ; gain = 0.000
INFO: [Opt 31-389] Phase Sweep created 0 cells and removed 0 cells

Phase 4 BUFG optimization
Phase 4 BUFG optimization | Checksum: 1e784f342

Time (s): cpu = 00:00:00 ; elapsed = 00:00:00.154 . Memory (MB): peak = 1895.797 ; gain = 0.000
INFO: [Opt 31-662] Phase BUFG optimization created 0 cells of which 0 are BUFGs and removed 0 cells.

Phase 5 Shift Register Optimization
INFO: [Opt 31-1064] SRL Remap converted 0 SRLs to 0 registers and converted 0 registers of register chains to 0 SRLs
Phase 5 Shift Register Optimization | Checksum: 1e784f342

Time (s): cpu = 00:00:00 ; elapsed = 00:00:00.165 . Memory (MB): peak = 1895.797 ; gain = 0.000
INFO: [Opt 31-389] Phase Shift Register Optimization created 0 cells and removed 0 cells

Phase 6 Post Processing Netlist
Phase 6 Post Processing Netlist | Checksum: 1e784f342

Time (s): cpu = 00:00:00 ; elapsed = 00:00:00.170 . Memory (MB): peak = 1895.797 ; gain = 0.000
INFO: [Opt 31-389] Phase Post Processing Netlist created 0 cells and removed 0 cells
Opt_design Change Summary
=========================


-------------------------------------------------------------------------------------------------------------------------
|  Phase                        |  #Cells created  |  #Cells Removed  |  #Constrained objects preventing optimizations  |
-------------------------------------------------------------------------------------------------------------------------
|  Retarget                     |               0  |               0  |                                              0  |
|  Constant propagation         |               0  |               0  |                                              0  |
|  Sweep                        |               0  |               0  |                                              0  |
|  BUFG optimization            |               0  |               0  |                                              0  |
|  Shift Register Optimization  |               0  |               0  |                                              0  |
|  Post Processing Netlist      |               0  |               0  |                                              0  |
-------------------------------------------------------------------------------------------------------------------------



Starting Connectivity Check Task

Time (s): cpu = 00:00:00 ; elapsed = 00:00:00.001 . Memory (MB): peak = 1895.797 ; gain = 0.000
Ending Logic Optimization Task | Checksum: 1e784f342

Time (s): cpu = 00:00:00 ; elapsed = 00:00:00.176 . Memory (MB): peak = 1895.797 ; gain = 0.000

Starting Power Optimization Task
INFO: [Pwropt 34-132] Skipping clock gating for clocks with a period < 2.00 ns.
Ending Power Optimization Task | Checksum: 1e784f342

Time (s): cpu = 00:00:00 ; elapsed = 00:00:00.024 . Memory (MB): peak = 1895.797 ; gain = 0.000

Starting Final Cleanup Task
Ending Final Cleanup Task | Checksum: 1e784f342

Time (s): cpu = 00:00:00 ; elapsed = 00:00:00 . Memory (MB): peak = 1895.797 ; gain = 0.000

Starting Netlist Obfuscation Task
Netlist sorting complete. Time (s): cpu = 00:00:00 ; elapsed = 00:00:00 . Memory (MB): peak = 1895.797 ; gain = 0.000
Ending Netlist Obfuscation Task | Checksum: 1e784f342

Time (s): cpu = 00:00:00 ; elapsed = 00:00:00.001 . Memory (MB): peak = 1895.797 ; gain = 0.000
INFO: [Common 17-83] Releasing license: Implementation
45 Infos, 77 Warnings, 60 Critical Warnings and 0 Errors encountered.
opt_design completed successfully
INFO: [runtcl-4] Executing : report_drc -file sync_fifo_posedge_drc_opted.rpt -pb sync_fifo_posedge_drc_opted.pb -rpx sync_fifo_posedge_drc_opted.rpx
Command: report_drc -file sync_fifo_posedge_drc_opted.rpt -pb sync_fifo_posedge_drc_opted.pb -rpx sync_fifo_posedge_drc_opted.rpx
INFO: [IP_Flow 19-234] Refreshing IP repositories
INFO: [IP_Flow 19-1704] No user IP repositories specified
INFO: [IP_Flow 19-2313] Loaded Vivado IP repository 'D:/VIVADO_SIFTWARE/Vivado/2023.1/data/ip'.
INFO: [DRC 23-27] Running DRC with 2 threads
INFO: [Vivado_Tcl 2-168] The results of DRC are in file D:/RTL_Design/FIFO/FIFO.runs/impl_2/sync_fifo_posedge_drc_opted.rpt.
report_drc completed successfully
INFO: [Timing 38-480] Writing timing data to binary archive.
INFO: [Common 17-1381] The checkpoint 'D:/RTL_Design/FIFO/FIFO.runs/impl_2/sync_fifo_posedge_opt.dcp' has been generated.
Command: place_design
Attempting to get a license for feature 'Implementation' and/or device 'xc7a35t'
INFO: [Common 17-349] Got license for feature 'Implementation' and/or device 'xc7a35t'
INFO: [DRC 23-27] Running DRC with 2 threads
INFO: [Vivado_Tcl 4-198] DRC finished with 0 Errors
INFO: [Vivado_Tcl 4-199] Please refer to the DRC report (report_drc) for more information.
Running DRC as a precondition to command place_design
INFO: [DRC 23-27] Running DRC with 2 threads
INFO: [Vivado_Tcl 4-198] DRC finished with 0 Errors
INFO: [Vivado_Tcl 4-199] Please refer to the DRC report (report_drc) for more information.

Starting Placer Task
INFO: [Place 30-611] Multithreading enabled for place_design using a maximum of 2 CPUs

Phase 1 Placer Initialization

Phase 1.1 Placer Initialization Netlist Sorting
Netlist sorting complete. Time (s): cpu = 00:00:00 ; elapsed = 00:00:00 . Memory (MB): peak = 1895.797 ; gain = 0.000
Phase 1.1 Placer Initialization Netlist Sorting | Checksum: f17fb571

Time (s): cpu = 00:00:00 ; elapsed = 00:00:00.043 . Memory (MB): peak = 1895.797 ; gain = 0.000
Netlist sorting complete. Time (s): cpu = 00:00:00 ; elapsed = 00:00:00 . Memory (MB): peak = 1895.797 ; gain = 0.000

Phase 1.2 IO Placement/ Clock Placement/ Build Placer Device
INFO: [Timing 38-35] Done setting XDC timing constraints.
Phase 1.2 IO Placement/ Clock Placement/ Build Placer Device | Checksum: 118aa9d33

Time (s): cpu = 00:00:01 ; elapsed = 00:00:00.596 . Memory (MB): peak = 1895.797 ; gain = 0.000

Phase 1.3 Build Placer Netlist Model
Phase 1.3 Build Placer Netlist Model | Checksum: 205bfeef8

Time (s): cpu = 00:00:01 ; elapsed = 00:00:00.918 . Memory (MB): peak = 1895.797 ; gain = 0.000

Phase 1.4 Constrain Clocks/Macros
Phase 1.4 Constrain Clocks/Macros | Checksum: 205bfeef8

Time (s): cpu = 00:00:01 ; elapsed = 00:00:00.926 . Memory (MB): peak = 1895.797 ; gain = 0.000
Phase 1 Placer Initialization | Checksum: 205bfeef8

Time (s): cpu = 00:00:01 ; elapsed = 00:00:00.940 . Memory (MB): peak = 1895.797 ; gain = 0.000

Phase 2 Global Placement

Phase 2.1 Floorplanning
Phase 2.1 Floorplanning | Checksum: 1ac7744b2

Time (s): cpu = 00:00:01 ; elapsed = 00:00:01 . Memory (MB): peak = 1895.797 ; gain = 0.000

Phase 2.2 Update Timing before SLR Path Opt
Phase 2.2 Update Timing before SLR Path Opt | Checksum: 139e5f900

Time (s): cpu = 00:00:01 ; elapsed = 00:00:01 . Memory (MB): peak = 1895.797 ; gain = 0.000

Phase 2.3 Post-Processing in Floorplanning
Phase 2.3 Post-Processing in Floorplanning | Checksum: 139e5f900

Time (s): cpu = 00:00:01 ; elapsed = 00:00:01 . Memory (MB): peak = 1895.797 ; gain = 0.000

Phase 2.4 Global Placement Core

Phase 2.4.1 UpdateTiming Before Physical Synthesis
Phase 2.4.1 UpdateTiming Before Physical Synthesis | Checksum: 17cf22508

Time (s): cpu = 00:00:03 ; elapsed = 00:00:03 . Memory (MB): peak = 1895.797 ; gain = 0.000

Phase 2.4.2 Physical Synthesis In Placer
INFO: [Physopt 32-1035] Found 0 LUTNM shape to break, 8 LUT instances to create LUTNM shape
INFO: [Physopt 32-1044] Break lutnm for timing: one critical 0, two critical 0, total 0, new lutff created 0
INFO: [Physopt 32-1138] End 1 Pass. Optimized 4 nets or LUTs. Breaked 0 LUT, combined 4 existing LUTs and moved 0 existing LUT
INFO: [Physopt 32-65] No nets found for high-fanout optimization.
INFO: [Physopt 32-232] Optimized 0 net. Created 0 new instance.
INFO: [Physopt 32-775] End 1 Pass. Optimized 0 net or cell. Created 0 new cell, deleted 0 existing cell and moved 0 existing cell
INFO: [Physopt 32-670] No setup violation found.  DSP Register Optimization was not performed.
INFO: [Physopt 32-670] No setup violation found.  Shift Register to Pipeline Optimization was not performed.
INFO: [Physopt 32-670] No setup violation found.  Shift Register Optimization was not performed.
INFO: [Physopt 32-670] No setup violation found.  BRAM Register Optimization was not performed.
INFO: [Physopt 32-670] No setup violation found.  URAM Register Optimization was not performed.
INFO: [Physopt 32-949] No candidate nets found for dynamic/static region interface net replication
INFO: [Physopt 32-775] End 1 Pass. Optimized 0 net or cell. Created 0 new cell, deleted 0 existing cell and moved 0 existing cell
Netlist sorting complete. Time (s): cpu = 00:00:00 ; elapsed = 00:00:00 . Memory (MB): peak = 1895.797 ; gain = 0.000

Summary of Physical Synthesis Optimizations
============================================


-----------------------------------------------------------------------------------------------------------------------------------------------------------
|  Optimization                                     |  Added Cells  |  Removed Cells  |  Optimized Cells/Nets  |  Dont Touch  |  Iterations  |  Elapsed   |
-----------------------------------------------------------------------------------------------------------------------------------------------------------
|  LUT Combining                                    |            0  |              4  |                     4  |           0  |           1  |  00:00:00  |
|  Retime                                           |            0  |              0  |                     0  |           0  |           1  |  00:00:00  |
|  Very High Fanout                                 |            0  |              0  |                     0  |           0  |           1  |  00:00:00  |
|  DSP Register                                     |            0  |              0  |                     0  |           0  |           0  |  00:00:00  |
|  Shift Register to Pipeline                       |            0  |              0  |                     0  |           0  |           0  |  00:00:00  |
|  Shift Register                                   |            0  |              0  |                     0  |           0  |           0  |  00:00:00  |
|  BRAM Register                                    |            0  |              0  |                     0  |           0  |           0  |  00:00:00  |
|  URAM Register                                    |            0  |              0  |                     0  |           0  |           0  |  00:00:00  |
|  Dynamic/Static Region Interface Net Replication  |            0  |              0  |                     0  |           0  |           1  |  00:00:00  |
|  Total                                            |            0  |              4  |                     4  |           0  |           4  |  00:00:00  |
-----------------------------------------------------------------------------------------------------------------------------------------------------------


Phase 2.4.2 Physical Synthesis In Placer | Checksum: 11815ba1b

Time (s): cpu = 00:00:04 ; elapsed = 00:00:03 . Memory (MB): peak = 1895.797 ; gain = 0.000
Phase 2.4 Global Placement Core | Checksum: 1ce376306

Time (s): cpu = 00:00:04 ; elapsed = 00:00:03 . Memory (MB): peak = 1895.797 ; gain = 0.000
Phase 2 Global Placement | Checksum: 1ce376306

Time (s): cpu = 00:00:04 ; elapsed = 00:00:03 . Memory (MB): peak = 1895.797 ; gain = 0.000

Phase 3 Detail Placement

Phase 3.1 Commit Multi Column Macros
Phase 3.1 Commit Multi Column Macros | Checksum: 117ee5527

Time (s): cpu = 00:00:04 ; elapsed = 00:00:03 . Memory (MB): peak = 1895.797 ; gain = 0.000

Phase 3.2 Commit Most Macros & LUTRAMs
Phase 3.2 Commit Most Macros & LUTRAMs | Checksum: 17e82223f

Time (s): cpu = 00:00:04 ; elapsed = 00:00:04 . Memory (MB): peak = 1895.797 ; gain = 0.000

Phase 3.3 Area Swap Optimization
Phase 3.3 Area Swap Optimization | Checksum: 125d31e20

Time (s): cpu = 00:00:04 ; elapsed = 00:00:04 . Memory (MB): peak = 1895.797 ; gain = 0.000

Phase 3.4 Pipeline Register Optimization
Phase 3.4 Pipeline Register Optimization | Checksum: 1e39c6055

Time (s): cpu = 00:00:04 ; elapsed = 00:00:04 . Memory (MB): peak = 1895.797 ; gain = 0.000

Phase 3.5 Small Shape Detail Placement
Phase 3.5 Small Shape Detail Placement | Checksum: 18addbffa

Time (s): cpu = 00:00:04 ; elapsed = 00:00:04 . Memory (MB): peak = 1895.797 ; gain = 0.000

Phase 3.6 Re-assign LUT pins
Phase 3.6 Re-assign LUT pins | Checksum: 1ab2d41ac

Time (s): cpu = 00:00:04 ; elapsed = 00:00:04 . Memory (MB): peak = 1895.797 ; gain = 0.000

Phase 3.7 Pipeline Register Optimization
Phase 3.7 Pipeline Register Optimization | Checksum: ed730381

Time (s): cpu = 00:00:04 ; elapsed = 00:00:04 . Memory (MB): peak = 1895.797 ; gain = 0.000
Phase 3 Detail Placement | Checksum: ed730381

Time (s): cpu = 00:00:04 ; elapsed = 00:00:04 . Memory (MB): peak = 1895.797 ; gain = 0.000

Phase 4 Post Placement Optimization and Clean-Up

Phase 4.1 Post Commit Optimization
INFO: [Timing 38-35] Done setting XDC timing constraints.

Phase 4.1.1 Post Placement Optimization
Post Placement Optimization Initialization | Checksum: fd924f3a

Phase 4.1.1.1 BUFG Insertion

Starting Physical Synthesis Task

Phase 1 Physical Synthesis Initialization
INFO: [Physopt 32-721] Multithreading enabled for phys_opt_design using a maximum of 2 CPUs
INFO: [Physopt 32-619] Estimated Timing Summary | WNS=13.049 | TNS=0.000 |
Phase 1 Physical Synthesis Initialization | Checksum: 18c7c9005

Time (s): cpu = 00:00:00 ; elapsed = 00:00:00.022 . Memory (MB): peak = 1895.797 ; gain = 0.000
INFO: [Place 46-56] BUFG insertion identified 0 candidate nets. Inserted BUFG: 0, Replicated BUFG Driver: 0, Skipped due to Placement/Routing Conflicts: 0, Skipped due to Timing Degradation: 0, Skipped due to netlist editing failed: 0.
Ending Physical Synthesis Task | Checksum: 18c7c9005

Time (s): cpu = 00:00:00 ; elapsed = 00:00:00.026 . Memory (MB): peak = 1895.797 ; gain = 0.000
Phase 4.1.1.1 BUFG Insertion | Checksum: fd924f3a

Time (s): cpu = 00:00:04 ; elapsed = 00:00:04 . Memory (MB): peak = 1895.797 ; gain = 0.000

Phase 4.1.1.2 Post Placement Timing Optimization
INFO: [Place 30-746] Post Placement Timing Summary WNS=13.049. For the most accurate timing information please run report_timing.
Phase 4.1.1.2 Post Placement Timing Optimization | Checksum: 15ac06e2f

Time (s): cpu = 00:00:04 ; elapsed = 00:00:04 . Memory (MB): peak = 1895.797 ; gain = 0.000

Time (s): cpu = 00:00:04 ; elapsed = 00:00:04 . Memory (MB): peak = 1895.797 ; gain = 0.000
Phase 4.1 Post Commit Optimization | Checksum: 15ac06e2f

Time (s): cpu = 00:00:04 ; elapsed = 00:00:04 . Memory (MB): peak = 1895.797 ; gain = 0.000

Phase 4.2 Post Placement Cleanup
Phase 4.2 Post Placement Cleanup | Checksum: 15ac06e2f

Time (s): cpu = 00:00:04 ; elapsed = 00:00:04 . Memory (MB): peak = 1895.797 ; gain = 0.000

Phase 4.3 Placer Reporting

Phase 4.3.1 Print Estimated Congestion
INFO: [Place 30-612] Post-Placement Estimated Congestion 
 ____________________________________________________
|           | Global Congestion | Short Congestion  |
| Direction | Region Size       | Region Size       |
|___________|___________________|___________________|
|      North|                1x1|                1x1|
|___________|___________________|___________________|
|      South|                1x1|                1x1|
|___________|___________________|___________________|
|       East|                1x1|                1x1|
|___________|___________________|___________________|
|       West|                1x1|                1x1|
|___________|___________________|___________________|

Phase 4.3.1 Print Estimated Congestion | Checksum: 15ac06e2f

Time (s): cpu = 00:00:04 ; elapsed = 00:00:04 . Memory (MB): peak = 1895.797 ; gain = 0.000
Phase 4.3 Placer Reporting | Checksum: 15ac06e2f

Time (s): cpu = 00:00:04 ; elapsed = 00:00:04 . Memory (MB): peak = 1895.797 ; gain = 0.000

Phase 4.4 Final Placement Cleanup
Netlist sorting complete. Time (s): cpu = 00:00:00 ; elapsed = 00:00:00 . Memory (MB): peak = 1895.797 ; gain = 0.000

Time (s): cpu = 00:00:04 ; elapsed = 00:00:04 . Memory (MB): peak = 1895.797 ; gain = 0.000
Phase 4 Post Placement Optimization and Clean-Up | Checksum: 196f2d709

Time (s): cpu = 00:00:04 ; elapsed = 00:00:04 . Memory (MB): peak = 1895.797 ; gain = 0.000
Ending Placer Task | Checksum: d2a9bb0e

Time (s): cpu = 00:00:04 ; elapsed = 00:00:04 . Memory (MB): peak = 1895.797 ; gain = 0.000
INFO: [Common 17-83] Releasing license: Implementation
82 Infos, 77 Warnings, 60 Critical Warnings and 0 Errors encountered.
place_design completed successfully
place_design: Time (s): cpu = 00:00:06 ; elapsed = 00:00:05 . Memory (MB): peak = 1895.797 ; gain = 0.000
INFO: [runtcl-4] Executing : report_io -file sync_fifo_posedge_io_placed.rpt
report_io: Time (s): cpu = 00:00:00 ; elapsed = 00:00:00.080 . Memory (MB): peak = 1895.797 ; gain = 0.000
INFO: [runtcl-4] Executing : report_utilization -file sync_fifo_posedge_utilization_placed.rpt -pb sync_fifo_posedge_utilization_placed.pb
INFO: [runtcl-4] Executing : report_control_sets -verbose -file sync_fifo_posedge_control_sets_placed.rpt
report_control_sets: Time (s): cpu = 00:00:00 ; elapsed = 00:00:00.005 . Memory (MB): peak = 1895.797 ; gain = 0.000
INFO: [Timing 38-480] Writing timing data to binary archive.
Writing XDEF routing.
Writing XDEF routing logical nets.
Writing XDEF routing special nets.
Write XDEF Complete: Time (s): cpu = 00:00:01 ; elapsed = 00:00:00.104 . Memory (MB): peak = 1895.797 ; gain = 0.000
INFO: [Common 17-1381] The checkpoint 'D:/RTL_Design/FIFO/FIFO.runs/impl_2/sync_fifo_posedge_placed.dcp' has been generated.
Command: route_design
Attempting to get a license for feature 'Implementation' and/or device 'xc7a35t'
INFO: [Common 17-349] Got license for feature 'Implementation' and/or device 'xc7a35t'
Running DRC as a precondition to command route_design
INFO: [DRC 23-27] Running DRC with 2 threads
INFO: [Vivado_Tcl 4-198] DRC finished with 0 Errors
INFO: [Vivado_Tcl 4-199] Please refer to the DRC report (report_drc) for more information.


Starting Routing Task
INFO: [Route 35-254] Multithreading enabled for route_design using a maximum of 2 CPUs

Phase 1 Build RT Design
Checksum: PlaceDB: 75feac7b ConstDB: 0 ShapeSum: 5cab0e93 RouteDB: 0
Post Restoration Checksum: NetGraph: 2d6831d3 | NumContArr: 8b5427af | Constraints: 190a55ad | Timing: 0
Phase 1 Build RT Design | Checksum: d1c6af2f

Time (s): cpu = 00:00:39 ; elapsed = 00:00:39 . Memory (MB): peak = 1993.082 ; gain = 97.285

Phase 2 Router Initialization

Phase 2.1 Fix Topology Constraints
Phase 2.1 Fix Topology Constraints | Checksum: d1c6af2f

Time (s): cpu = 00:00:39 ; elapsed = 00:00:39 . Memory (MB): peak = 1993.082 ; gain = 97.285

Phase 2.2 Pre Route Cleanup
Phase 2.2 Pre Route Cleanup | Checksum: d1c6af2f

Time (s): cpu = 00:00:39 ; elapsed = 00:00:39 . Memory (MB): peak = 1993.082 ; gain = 97.285
 Number of Nodes with overlaps = 0

Phase 2.3 Update Timing
Phase 2.3 Update Timing | Checksum: 180628623

Time (s): cpu = 00:00:39 ; elapsed = 00:00:40 . Memory (MB): peak = 1998.281 ; gain = 102.484
INFO: [Route 35-416] Intermediate Timing Summary | WNS=13.065 | TNS=0.000  | WHS=-1.566 | THS=-178.252|


Router Utilization Summary
  Global Vertical Routing Utilization    = 0 %
  Global Horizontal Routing Utilization  = 0 %
  Routable Net Status*
  *Does not include unroutable nets such as driverless and loadless.
  Run report_route_status for detailed report.
  Number of Failed Nets               = 107
    (Failed Nets is the sum of unrouted and partially routed nets)
  Number of Unrouted Nets             = 107
  Number of Partially Routed Nets     = 0
  Number of Node Overlaps             = 0

Phase 2 Router Initialization | Checksum: e823cca5

Time (s): cpu = 00:00:40 ; elapsed = 00:00:40 . Memory (MB): peak = 1999.895 ; gain = 104.098

Phase 3 Initial Routing

Phase 3.1 Global Routing
Phase 3.1 Global Routing | Checksum: e823cca5

Time (s): cpu = 00:00:40 ; elapsed = 00:00:40 . Memory (MB): peak = 1999.895 ; gain = 104.098
Phase 3 Initial Routing | Checksum: 1218135b6

Time (s): cpu = 00:00:40 ; elapsed = 00:00:40 . Memory (MB): peak = 1999.895 ; gain = 104.098

Phase 4 Rip-up And Reroute

Phase 4.1 Global Iteration 0
 Number of Nodes with overlaps = 8
 Number of Nodes with overlaps = 0
INFO: [Route 35-416] Intermediate Timing Summary | WNS=13.054 | TNS=0.000  | WHS=N/A    | THS=N/A    |

Phase 4.1 Global Iteration 0 | Checksum: 16a6878cb

Time (s): cpu = 00:00:40 ; elapsed = 00:00:40 . Memory (MB): peak = 1999.895 ; gain = 104.098

Phase 4.2 Global Iteration 1
 Number of Nodes with overlaps = 0
INFO: [Route 35-416] Intermediate Timing Summary | WNS=13.043 | TNS=0.000  | WHS=N/A    | THS=N/A    |

Phase 4.2 Global Iteration 1 | Checksum: 13a765631

Time (s): cpu = 00:00:40 ; elapsed = 00:00:40 . Memory (MB): peak = 1999.895 ; gain = 104.098
Phase 4 Rip-up And Reroute | Checksum: 13a765631

Time (s): cpu = 00:00:40 ; elapsed = 00:00:40 . Memory (MB): peak = 1999.895 ; gain = 104.098

Phase 5 Delay and Skew Optimization

Phase 5.1 Delay CleanUp
Phase 5.1 Delay CleanUp | Checksum: 13a765631

Time (s): cpu = 00:00:40 ; elapsed = 00:00:40 . Memory (MB): peak = 1999.895 ; gain = 104.098

Phase 5.2 Clock Skew Optimization
Phase 5.2 Clock Skew Optimization | Checksum: 13a765631

Time (s): cpu = 00:00:40 ; elapsed = 00:00:40 . Memory (MB): peak = 1999.895 ; gain = 104.098
Phase 5 Delay and Skew Optimization | Checksum: 13a765631

Time (s): cpu = 00:00:40 ; elapsed = 00:00:40 . Memory (MB): peak = 1999.895 ; gain = 104.098

Phase 6 Post Hold Fix

Phase 6.1 Hold Fix Iter

Phase 6.1.1 Update Timing
Phase 6.1.1 Update Timing | Checksum: 1c862a987

Time (s): cpu = 00:00:41 ; elapsed = 00:00:40 . Memory (MB): peak = 1999.895 ; gain = 104.098
INFO: [Route 35-416] Intermediate Timing Summary | WNS=13.043 | TNS=0.000  | WHS=-0.072 | THS=-0.081 |

Phase 6.1 Hold Fix Iter | Checksum: 139fee68e

Time (s): cpu = 00:00:41 ; elapsed = 00:00:40 . Memory (MB): peak = 2000.082 ; gain = 104.285
Phase 6 Post Hold Fix | Checksum: 17005aad8

Time (s): cpu = 00:00:41 ; elapsed = 00:00:40 . Memory (MB): peak = 2000.082 ; gain = 104.285

Phase 7 Route finalize

Router Utilization Summary
  Global Vertical Routing Utilization    = 0.0990194 %
  Global Horizontal Routing Utilization  = 0.125976 %
  Routable Net Status*
  *Does not include unroutable nets such as driverless and loadless.
  Run report_route_status for detailed report.
  Number of Failed Nets               = 0
    (Failed Nets is the sum of unrouted and partially routed nets)
  Number of Unrouted Nets             = 0
  Number of Partially Routed Nets     = 0
  Number of Node Overlaps             = 0

Phase 7 Route finalize | Checksum: 1269ce980

Time (s): cpu = 00:00:41 ; elapsed = 00:00:40 . Memory (MB): peak = 2000.082 ; gain = 104.285

Phase 8 Verifying routed nets

 Verification completed successfully
Phase 8 Verifying routed nets | Checksum: 1269ce980

Time (s): cpu = 00:00:41 ; elapsed = 00:00:40 . Memory (MB): peak = 2001.102 ; gain = 105.305

Phase 9 Depositing Routes
Phase 9 Depositing Routes | Checksum: f68bf552

Time (s): cpu = 00:00:41 ; elapsed = 00:00:40 . Memory (MB): peak = 2001.102 ; gain = 105.305

Phase 10 Post Router Timing

Phase 10.1 Update Timing
Phase 10.1 Update Timing | Checksum: 15862582b

Time (s): cpu = 00:00:41 ; elapsed = 00:00:40 . Memory (MB): peak = 2001.102 ; gain = 105.305
INFO: [Route 35-57] Estimated Timing Summary | WNS=13.043 | TNS=0.000  | WHS=0.086  | THS=0.000  |

INFO: [Route 35-327] The final timing numbers are based on the router estimated timing analysis. For a complete and accurate timing signoff, please run report_timing_summary.
Phase 10 Post Router Timing | Checksum: 15862582b

Time (s): cpu = 00:00:41 ; elapsed = 00:00:40 . Memory (MB): peak = 2001.102 ; gain = 105.305
INFO: [Route 35-16] Router Completed Successfully

Phase 11 Post-Route Event Processing
Phase 11 Post-Route Event Processing | Checksum: 96247afc

Time (s): cpu = 00:00:41 ; elapsed = 00:00:40 . Memory (MB): peak = 2001.102 ; gain = 105.305

Time (s): cpu = 00:00:41 ; elapsed = 00:00:40 . Memory (MB): peak = 2001.102 ; gain = 105.305

Routing Is Done.
INFO: [Common 17-83] Releasing license: Implementation
100 Infos, 77 Warnings, 60 Critical Warnings and 0 Errors encountered.
route_design completed successfully
route_design: Time (s): cpu = 00:00:44 ; elapsed = 00:00:42 . Memory (MB): peak = 2001.102 ; gain = 105.305
INFO: [runtcl-4] Executing : report_drc -file sync_fifo_posedge_drc_routed.rpt -pb sync_fifo_posedge_drc_routed.pb -rpx sync_fifo_posedge_drc_routed.rpx
Command: report_drc -file sync_fifo_posedge_drc_routed.rpt -pb sync_fifo_posedge_drc_routed.pb -rpx sync_fifo_posedge_drc_routed.rpx
INFO: [IP_Flow 19-1839] IP Catalog is up to date.
INFO: [DRC 23-27] Running DRC with 2 threads
INFO: [Vivado_Tcl 2-168] The results of DRC are in file D:/RTL_Design/FIFO/FIFO.runs/impl_2/sync_fifo_posedge_drc_routed.rpt.
report_drc completed successfully
INFO: [runtcl-4] Executing : report_methodology -file sync_fifo_posedge_methodology_drc_routed.rpt -pb sync_fifo_posedge_methodology_drc_routed.pb -rpx sync_fifo_posedge_methodology_drc_routed.rpx
Command: report_methodology -file sync_fifo_posedge_methodology_drc_routed.rpt -pb sync_fifo_posedge_methodology_drc_routed.pb -rpx sync_fifo_posedge_methodology_drc_routed.rpx
INFO: [Timing 38-35] Done setting XDC timing constraints.
INFO: [DRC 23-133] Running Methodology with 2 threads
INFO: [Vivado_Tcl 2-1520] The results of Report Methodology are in file D:/RTL_Design/FIFO/FIFO.runs/impl_2/sync_fifo_posedge_methodology_drc_routed.rpt.
report_methodology completed successfully
INFO: [runtcl-4] Executing : report_power -file sync_fifo_posedge_power_routed.rpt -pb sync_fifo_posedge_power_summary_routed.pb -rpx sync_fifo_posedge_power_routed.rpx
Command: report_power -file sync_fifo_posedge_power_routed.rpt -pb sync_fifo_posedge_power_summary_routed.pb -rpx sync_fifo_posedge_power_routed.rpx
INFO: [Timing 38-35] Done setting XDC timing constraints.
Running Vector-less Activity Propagation...

Finished Running Vector-less Activity Propagation
110 Infos, 77 Warnings, 60 Critical Warnings and 0 Errors encountered.
report_power completed successfully
INFO: [runtcl-4] Executing : report_route_status -file sync_fifo_posedge_route_status.rpt -pb sync_fifo_posedge_route_status.pb
INFO: [runtcl-4] Executing : report_timing_summary -max_paths 10 -file sync_fifo_posedge_timing_summary_routed.rpt -pb sync_fifo_posedge_timing_summary_routed.pb -rpx sync_fifo_posedge_timing_summary_routed.rpx -warn_on_violation 
INFO: [Timing 38-91] UpdateTimingParams: Speed grade: -1, Delay Type: min_max.
INFO: [Timing 38-191] Multithreading enabled for timing update using a maximum of 2 CPUs
INFO: [runtcl-4] Executing : report_incremental_reuse -file sync_fifo_posedge_incremental_reuse_routed.rpt
INFO: [Vivado_Tcl 4-1062] Incremental flow is disabled. No incremental reuse Info to report.
INFO: [runtcl-4] Executing : report_clock_utilization -file sync_fifo_posedge_clock_utilization_routed.rpt
INFO: [runtcl-4] Executing : report_bus_skew -warn_on_violation -file sync_fifo_posedge_bus_skew_routed.rpt -pb sync_fifo_posedge_bus_skew_routed.pb -rpx sync_fifo_posedge_bus_skew_routed.rpx
INFO: [Timing 38-91] UpdateTimingParams: Speed grade: -1, Delay Type: min_max.
INFO: [Timing 38-191] Multithreading enabled for timing update using a maximum of 2 CPUs
INFO: [Timing 38-480] Writing timing data to binary archive.
Writing XDEF routing.
Writing XDEF routing logical nets.
Writing XDEF routing special nets.
Write XDEF Complete: Time (s): cpu = 00:00:00 ; elapsed = 00:00:00.113 . Memory (MB): peak = 2042.188 ; gain = 0.000
INFO: [Common 17-1381] The checkpoint 'D:/RTL_Design/FIFO/FIFO.runs/impl_2/sync_fifo_posedge_routed.dcp' has been generated.
INFO: [Common 17-206] Exiting Vivado at Sat Aug 15 15:51:12 2026...
