Copyright 1986-2022 Xilinx, Inc. All Rights Reserved. Copyright 2022-2023 Advanced Micro Devices, Inc. All Rights Reserved.
-----------------------------------------------------------------------------------------------------------------------------------------------------------------------------------------
| Tool Version : Vivado v.2023.1 (win64) Build 3865809 Sun May  7 15:05:29 MDT 2023
| Date         : Sat Aug 15 15:51:10 2026
| Host         : SHUBHAM running 64-bit major release  (build 9200)
| Command      : report_methodology -file sync_fifo_posedge_methodology_drc_routed.rpt -pb sync_fifo_posedge_methodology_drc_routed.pb -rpx sync_fifo_posedge_methodology_drc_routed.rpx
| Design       : sync_fifo_posedge
| Device       : xc7a35tcpg236-1
| Speed File   : -1
| Design State : Fully Routed
-----------------------------------------------------------------------------------------------------------------------------------------------------------------------------------------

Report Methodology

Table of Contents
-----------------
1. REPORT SUMMARY
2. REPORT DETAILS

1. REPORT SUMMARY
-----------------
            Netlist: netlist
          Floorplan: design_1
      Design limits: <entire design considered>
             Max violations: <unlimited>
             Violations found: 2
+--------+----------+------------------------------------------------------+------------+
| Rule   | Severity | Description                                          | Violations |
+--------+----------+------------------------------------------------------+------------+
| XDCC-4 | Warning  | User Clock constraint overwritten with the same name | 1          |
| XDCC-8 | Warning  | User Clock constraint overwritten on the same source | 1          |
+--------+----------+------------------------------------------------------+------------+

2. REPORT DETAILS
-----------------
XDCC-4#1 Warning
User Clock constraint overwritten with the same name  
A new clock constraint create_clock overrides a previous user clock constraint with the same name.
New: create_clock -period 25.000 -name clk -waveform {0.000 10.000} [get_ports clk] (Source: D:/RTL_Design/FIFO/FIFO.srcs/constrs_1/new/sync_fifo_negedge_const.xdc (Line: 6))
Previous: create_clock -period 20.000 -name clk -waveform {0.000 10.000} [get_ports clk] (Source: D:/RTL_Design/FIFO/FIFO.srcs/constrs_1/new/sync_fifo_posedge_const.xdc (Line: 6))
Related violations: <none>

XDCC-8#1 Warning
User Clock constraint overwritten on the same source  
A new clock constraint create_clock overrides a previous user clock constraint defined on the same source.
New: create_clock -period 25.000 -name clk -waveform {0.000 10.000} [get_ports clk] (Source: D:/RTL_Design/FIFO/FIFO.srcs/constrs_1/new/sync_fifo_negedge_const.xdc (Line: 6))
Previous: create_clock -period 20.000 -name clk -waveform {0.000 10.000} [get_ports clk] (Source: D:/RTL_Design/FIFO/FIFO.srcs/constrs_1/new/sync_fifo_posedge_const.xdc (Line: 6))
Related violations: <none>


