Copyright 1986-2022 Xilinx, Inc. All Rights Reserved. Copyright 2022-2023 Advanced Micro Devices, Inc. All Rights Reserved.
---------------------------------------------------------------------------------------------------------------------------------------------
| Tool Version : Vivado v.2023.1 (win64) Build 3865809 Sun May  7 15:05:29 MDT 2023
| Date         : Sat Aug 15 15:50:23 2026
| Host         : SHUBHAM running 64-bit major release  (build 9200)
| Command      : report_control_sets -verbose -file sync_fifo_posedge_control_sets_placed.rpt
| Design       : sync_fifo_posedge
| Device       : xc7a35t
---------------------------------------------------------------------------------------------------------------------------------------------

Control Set Information

Table of Contents
-----------------
1. Summary
2. Histogram
3. Flip-Flop Distribution
4. Detailed Control Set Information

1. Summary
----------

+----------------------------------------------------------+-------+
|                          Status                          | Count |
+----------------------------------------------------------+-------+
| Total control sets                                       |    10 |
|    Minimum number of control sets                        |    10 |
|    Addition due to synthesis replication                 |     0 |
|    Addition due to physical synthesis replication        |     0 |
| Unused register locations in slices containing registers |     4 |
+----------------------------------------------------------+-------+
* Control sets can be merged at opt_design using control_set_merge or merge_equivalent_drivers
** Run report_qor_suggestions for automated merging and remapping suggestions


2. Histogram
------------

+--------------------+-------+
|       Fanout       | Count |
+--------------------+-------+
| Total control sets |    10 |
| >= 0 to < 4        |     0 |
| >= 4 to < 6        |     0 |
| >= 6 to < 8        |     0 |
| >= 8 to < 10       |     9 |
| >= 10 to < 12      |     0 |
| >= 12 to < 14      |     1 |
| >= 14 to < 16      |     0 |
| >= 16              |     0 |
+--------------------+-------+
* Control sets can be remapped at either synth_design or opt_design


3. Flip-Flop Distribution
-------------------------

+--------------+-----------------------+------------------------+-----------------+--------------+
| Clock Enable | Synchronous Set/Reset | Asynchronous Set/Reset | Total Registers | Total Slices |
+--------------+-----------------------+------------------------+-----------------+--------------+
| No           | No                    | No                     |               0 |            0 |
| No           | No                    | Yes                    |               0 |            0 |
| No           | Yes                   | No                     |              12 |            4 |
| Yes          | No                    | No                     |               0 |            0 |
| Yes          | No                    | Yes                    |               0 |            0 |
| Yes          | Yes                   | No                     |              72 |           23 |
+--------------+-----------------------+------------------------+-----------------+--------------+


4. Detailed Control Set Information
-----------------------------------

+----------------+---------------------+------------------+------------------+----------------+--------------+
|  Clock Signal  |    Enable Signal    | Set/Reset Signal | Slice Load Count | Bel Load Count | Bels / Slice |
+----------------+---------------------+------------------+------------------+----------------+--------------+
|  clk_IBUF_BUFG | data_out[7]_i_1_n_0 | rst_IBUF         |                5 |              8 |         1.60 |
|  clk_IBUF_BUFG | mem[1][7]_i_1_n_0   | rst_IBUF         |                2 |              8 |         4.00 |
|  clk_IBUF_BUFG | mem[3][7]_i_1_n_0   | rst_IBUF         |                3 |              8 |         2.67 |
|  clk_IBUF_BUFG | mem[4][7]_i_1_n_0   | rst_IBUF         |                3 |              8 |         2.67 |
|  clk_IBUF_BUFG | mem[7][7]_i_1_n_0   | rst_IBUF         |                1 |              8 |         8.00 |
|  clk_IBUF_BUFG | mem[0][7]_i_1_n_0   | rst_IBUF         |                2 |              8 |         4.00 |
|  clk_IBUF_BUFG | mem[6][7]_i_1_n_0   | rst_IBUF         |                1 |              8 |         8.00 |
|  clk_IBUF_BUFG | mem[2][7]_i_1_n_0   | rst_IBUF         |                2 |              8 |         4.00 |
|  clk_IBUF_BUFG | mem[5][7]_i_1_n_0   | rst_IBUF         |                4 |              8 |         2.00 |
|  clk_IBUF_BUFG |                     | rst_IBUF         |                4 |             12 |         3.00 |
+----------------+---------------------+------------------+------------------+----------------+--------------+


