Vivado Simulator v2023.1
Copyright 1986-2022 Xilinx, Inc. All Rights Reserved.
Copyright 2022-2023 Advanced Micro Devices, Inc. All Rights Reserved.
Running: D:/VIVADO_SIFTWARE/Vivado/2023.1/bin/unwrapped/win64.o/xelab.exe --incr --debug typical --relax --mt 2 -L xil_defaultlib -L unisims_ver -L secureip --snapshot tb_async_fifo_posedge_func_impl xil_defaultlib.tb_async_fifo_posedge xil_defaultlib.glbl -log elaborate.log 
Using 2 slave threads.
Starting static elaboration
Pass Through NonSizing Optimizer
WARNING: [VRFC 10-2861] module 'async_fifo_posedge' does not have a parameter named DEPTH [D:/RTL_Design/FIFO/FIFO.srcs/sim_1/new/tb_async_fifo_posedge.v:21]
Completed static elaboration
Starting simulation data flow analysis
Completed simulation data flow analysis
Time Resolution for simulation is 1ps
Compiling module unisims_ver.OBUF
Compiling module unisims_ver.LUT6
Compiling module unisims_ver.LUT5
Compiling module unisims_ver.FDPE_default
Compiling module unisims_ver.FDCE_default
Compiling module unisims_ver.FDRE_default
Compiling module unisims_ver.BUFG
Compiling module unisims_ver.IBUF
Compiling module unisims_ver.x_lut2_mux4
Compiling module unisims_ver.LUT2(INIT=4'b010)
Compiling module unisims_ver.MUXF7
Compiling module unisims_ver.x_lut3_mux8
Compiling module unisims_ver.LUT3
Compiling module unisims_ver.LUT4
Compiling module unisims_ver.x_lut1_mux2
Compiling module unisims_ver.LUT1
Compiling module xil_defaultlib.async_fifo_posedge
Compiling module xil_defaultlib.tb_async_fifo_posedge
Compiling module xil_defaultlib.glbl
Built simulation snapshot tb_async_fifo_posedge_func_impl
